Archive member included to satisfy reference by file (symbol)

c:/st/stm32cubeide_1.1.0/stm32cubeide/plugins/com.st.stm32cube.ide.mcu.externaltools.gnu-tools-for-stm32.7-2018-q2-update.win32_1.0.0.201904181610/tools/bin/../lib/gcc/arm-none-eabi/7.3.1/../../../../arm-none-eabi/lib/thumb/v7e-m/fpv5/hard\libc_nano.a(lib_a-errno.o)
                              Core/Src/syscalls.o (__errno)
c:/st/stm32cubeide_1.1.0/stm32cubeide/plugins/com.st.stm32cube.ide.mcu.externaltools.gnu-tools-for-stm32.7-2018-q2-update.win32_1.0.0.201904181610/tools/bin/../lib/gcc/arm-none-eabi/7.3.1/../../../../arm-none-eabi/lib/thumb/v7e-m/fpv5/hard\libc_nano.a(lib_a-exit.o)
                              c:/st/stm32cubeide_1.1.0/stm32cubeide/plugins/com.st.stm32cube.ide.mcu.externaltools.gnu-tools-for-stm32.7-2018-q2-update.win32_1.0.0.201904181610/tools/bin/../lib/gcc/arm-none-eabi/7.3.1/../../../../arm-none-eabi/lib/thumb/v7e-m/fpv5/hard/crt0.o (exit)
c:/st/stm32cubeide_1.1.0/stm32cubeide/plugins/com.st.stm32cube.ide.mcu.externaltools.gnu-tools-for-stm32.7-2018-q2-update.win32_1.0.0.201904181610/tools/bin/../lib/gcc/arm-none-eabi/7.3.1/../../../../arm-none-eabi/lib/thumb/v7e-m/fpv5/hard\libc_nano.a(lib_a-impure.o)
                              c:/st/stm32cubeide_1.1.0/stm32cubeide/plugins/com.st.stm32cube.ide.mcu.externaltools.gnu-tools-for-stm32.7-2018-q2-update.win32_1.0.0.201904181610/tools/bin/../lib/gcc/arm-none-eabi/7.3.1/../../../../arm-none-eabi/lib/thumb/v7e-m/fpv5/hard\libc_nano.a(lib_a-exit.o) (_global_impure_ptr)
c:/st/stm32cubeide_1.1.0/stm32cubeide/plugins/com.st.stm32cube.ide.mcu.externaltools.gnu-tools-for-stm32.7-2018-q2-update.win32_1.0.0.201904181610/tools/bin/../lib/gcc/arm-none-eabi/7.3.1/../../../../arm-none-eabi/lib/thumb/v7e-m/fpv5/hard\libc_nano.a(lib_a-init.o)
                              c:/st/stm32cubeide_1.1.0/stm32cubeide/plugins/com.st.stm32cube.ide.mcu.externaltools.gnu-tools-for-stm32.7-2018-q2-update.win32_1.0.0.201904181610/tools/bin/../lib/gcc/arm-none-eabi/7.3.1/../../../../arm-none-eabi/lib/thumb/v7e-m/fpv5/hard/crt0.o (__libc_init_array)
c:/st/stm32cubeide_1.1.0/stm32cubeide/plugins/com.st.stm32cube.ide.mcu.externaltools.gnu-tools-for-stm32.7-2018-q2-update.win32_1.0.0.201904181610/tools/bin/../lib/gcc/arm-none-eabi/7.3.1/../../../../arm-none-eabi/lib/thumb/v7e-m/fpv5/hard\libc_nano.a(lib_a-memset.o)
                              c:/st/stm32cubeide_1.1.0/stm32cubeide/plugins/com.st.stm32cube.ide.mcu.externaltools.gnu-tools-for-stm32.7-2018-q2-update.win32_1.0.0.201904181610/tools/bin/../lib/gcc/arm-none-eabi/7.3.1/../../../../arm-none-eabi/lib/thumb/v7e-m/fpv5/hard/crt0.o (memset)
c:/st/stm32cubeide_1.1.0/stm32cubeide/plugins/com.st.stm32cube.ide.mcu.externaltools.gnu-tools-for-stm32.7-2018-q2-update.win32_1.0.0.201904181610/tools/bin/../lib/gcc/arm-none-eabi/7.3.1/thumb/v7e-m/fpv5/hard\libgcc.a(_aeabi_uldivmod.o)
                              Drivers/STM32H7xx_HAL_Driver/Src/stm32h7xx_hal_uart.o (__aeabi_uldivmod)
c:/st/stm32cubeide_1.1.0/stm32cubeide/plugins/com.st.stm32cube.ide.mcu.externaltools.gnu-tools-for-stm32.7-2018-q2-update.win32_1.0.0.201904181610/tools/bin/../lib/gcc/arm-none-eabi/7.3.1/thumb/v7e-m/fpv5/hard\libgcc.a(_udivmoddi4.o)
                              c:/st/stm32cubeide_1.1.0/stm32cubeide/plugins/com.st.stm32cube.ide.mcu.externaltools.gnu-tools-for-stm32.7-2018-q2-update.win32_1.0.0.201904181610/tools/bin/../lib/gcc/arm-none-eabi/7.3.1/thumb/v7e-m/fpv5/hard\libgcc.a(_aeabi_uldivmod.o) (__udivmoddi4)
c:/st/stm32cubeide_1.1.0/stm32cubeide/plugins/com.st.stm32cube.ide.mcu.externaltools.gnu-tools-for-stm32.7-2018-q2-update.win32_1.0.0.201904181610/tools/bin/../lib/gcc/arm-none-eabi/7.3.1/thumb/v7e-m/fpv5/hard\libgcc.a(_dvmd_tls.o)
                              c:/st/stm32cubeide_1.1.0/stm32cubeide/plugins/com.st.stm32cube.ide.mcu.externaltools.gnu-tools-for-stm32.7-2018-q2-update.win32_1.0.0.201904181610/tools/bin/../lib/gcc/arm-none-eabi/7.3.1/thumb/v7e-m/fpv5/hard\libgcc.a(_aeabi_uldivmod.o) (__aeabi_ldiv0)

Allocating common symbols
Common symbol       size              file

hspi2               0x88              Core/Src/spi.o
hi2c1               0x4c              Core/Src/i2c.o
hdma_dcmi           0x78              Core/Src/dcmi.o
uwTick              0x4               Drivers/STM32H7xx_HAL_Driver/Src/stm32h7xx_hal.o
pFlash              0x1c              Drivers/STM32H7xx_HAL_Driver/Src/stm32h7xx_hal_flash.o
hjpeg               0x58              Core/Src/jpeg.o
at_sb_printf        0x4               wifi/host_drv/bsp/source/nm_bsp.o
hdcmi               0x50              Core/Src/dcmi.o
huart2              0x8c              Core/Src/usart.o

Discarded input sections

 .text          0x0000000000000000        0x0 c:/st/stm32cubeide_1.1.0/stm32cubeide/plugins/com.st.stm32cube.ide.mcu.externaltools.gnu-tools-for-stm32.7-2018-q2-update.win32_1.0.0.201904181610/tools/bin/../lib/gcc/arm-none-eabi/7.3.1/thumb/v7e-m/fpv5/hard/crti.o
[...]
Memory Configuration

Name             Origin             Length             Attributes
DTCMRAM          0x0000000020000000 0x0000000000020000 xrw
ITCMRAM          0x0000000000000000 0x0000000000010000 xrw
RAM_D1           0x0000000024000000 0x0000000000080000 xrw
RAM_D2           0x0000000030000000 0x0000000000048000 xrw
RAM_D3           0x0000000038000000 0x0000000000010000 xrw
FLASH            0x0000000008000000 0x0000000000200000 xr
*default*        0x0000000000000000 0xffffffffffffffff

Linker script and memory map

LOAD c:/st/stm32cubeide_1.1.0/stm32cubeide/plugins/com.st.stm32cube.ide.mcu.externaltools.gnu-tools-for-stm32.7-2018-q2-update.win32_1.0.0.201904181610/tools/bin/../lib/gcc/arm-none-eabi/7.3.1/thumb/v7e-m/fpv5/hard/crti.o
LOAD c:/st/stm32cubeide_1.1.0/stm32cubeide/plugins/com.st.stm32cube.ide.mcu.externaltools.gnu-tools-for-stm32.7-2018-q2-update.win32_1.0.0.201904181610/tools/bin/../lib/gcc/arm-none-eabi/7.3.1/thumb/v7e-m/fpv5/hard/crtbegin.o
LOAD c:/st/stm32cubeide_1.1.0/stm32cubeide/plugins/com.st.stm32cube.ide.mcu.externaltools.gnu-tools-for-stm32.7-2018-q2-update.win32_1.0.0.201904181610/tools/bin/../lib/gcc/arm-none-eabi/7.3.1/../../../../arm-none-eabi/lib/thumb/v7e-m/fpv5/hard/crt0.o
LOAD Core/Src/dcmi.o
LOAD Core/Src/debug.o
LOAD Core/Src/dma.o
LOAD Core/Src/gpio.o
LOAD Core/Src/i2c.o
LOAD Core/Src/jpeg.o
LOAD Core/Src/main.o
LOAD Core/Src/spi.o
LOAD Core/Src/stm32h7xx_hal_msp.o
LOAD Core/Src/stm32h7xx_it.o
LOAD Core/Src/sys.o
LOAD Core/Src/syscalls.o
LOAD Core/Src/sysmem.o
LOAD Core/Src/system_stm32h7xx.o
LOAD Core/Src/usart.o
LOAD Core/Startup/startup_stm32h743vitx.o
LOAD Drivers/STM32H7xx_HAL_Driver/Src/stm32h7xx_hal.o
LOAD Drivers/STM32H7xx_HAL_Driver/Src/stm32h7xx_hal_cortex.o
LOAD Drivers/STM32H7xx_HAL_Driver/Src/stm32h7xx_hal_dcmi.o
LOAD Drivers/STM32H7xx_HAL_Driver/Src/stm32h7xx_hal_dma.o
LOAD Drivers/STM32H7xx_HAL_Driver/Src/stm32h7xx_hal_dma_ex.o
LOAD Drivers/STM32H7xx_HAL_Driver/Src/stm32h7xx_hal_exti.o
LOAD Drivers/STM32H7xx_HAL_Driver/Src/stm32h7xx_hal_flash.o
LOAD Drivers/STM32H7xx_HAL_Driver/Src/stm32h7xx_hal_flash_ex.o
LOAD Drivers/STM32H7xx_HAL_Driver/Src/stm32h7xx_hal_gpio.o
LOAD Drivers/STM32H7xx_HAL_Driver/Src/stm32h7xx_hal_hsem.o
LOAD Drivers/STM32H7xx_HAL_Driver/Src/stm32h7xx_hal_i2c.o
LOAD Drivers/STM32H7xx_HAL_Driver/Src/stm32h7xx_hal_i2c_ex.o
LOAD Drivers/STM32H7xx_HAL_Driver/Src/stm32h7xx_hal_jpeg.o
LOAD Drivers/STM32H7xx_HAL_Driver/Src/stm32h7xx_hal_mdma.o
LOAD Drivers/STM32H7xx_HAL_Driver/Src/stm32h7xx_hal_pwr.o
LOAD Drivers/STM32H7xx_HAL_Driver/Src/stm32h7xx_hal_pwr_ex.o
LOAD Drivers/STM32H7xx_HAL_Driver/Src/stm32h7xx_hal_rcc.o
LOAD Drivers/STM32H7xx_HAL_Driver/Src/stm32h7xx_hal_rcc_ex.o
LOAD Drivers/STM32H7xx_HAL_Driver/Src/stm32h7xx_hal_spi.o
LOAD Drivers/STM32H7xx_HAL_Driver/Src/stm32h7xx_hal_spi_ex.o
LOAD Drivers/STM32H7xx_HAL_Driver/Src/stm32h7xx_hal_tim.o
LOAD Drivers/STM32H7xx_HAL_Driver/Src/stm32h7xx_hal_tim_ex.o
LOAD Drivers/STM32H7xx_HAL_Driver/Src/stm32h7xx_hal_uart.o
LOAD Drivers/STM32H7xx_HAL_Driver/Src/stm32h7xx_hal_uart_ex.o
LOAD wifi/host_drv/bsp/source/nm_bsp.o
LOAD wifi/host_drv/common/source/nm_common.o
START GROUP
LOAD c:/st/stm32cubeide_1.1.0/stm32cubeide/plugins/com.st.stm32cube.ide.mcu.externaltools.gnu-tools-for-stm32.7-2018-q2-update.win32_1.0.0.201904181610/tools/bin/../lib/gcc/arm-none-eabi/7.3.1/../../../../arm-none-eabi/lib/thumb/v7e-m/fpv5/hard\libc_nano.a
LOAD c:/st/stm32cubeide_1.1.0/stm32cubeide/plugins/com.st.stm32cube.ide.mcu.externaltools.gnu-tools-for-stm32.7-2018-q2-update.win32_1.0.0.201904181610/tools/bin/../lib/gcc/arm-none-eabi/7.3.1/../../../../arm-none-eabi/lib/thumb/v7e-m/fpv5/hard\libm.a
END GROUP
START GROUP
LOAD c:/st/stm32cubeide_1.1.0/stm32cubeide/plugins/com.st.stm32cube.ide.mcu.externaltools.gnu-tools-for-stm32.7-2018-q2-update.win32_1.0.0.201904181610/tools/bin/../lib/gcc/arm-none-eabi/7.3.1/thumb/v7e-m/fpv5/hard\libgcc.a
LOAD c:/st/stm32cubeide_1.1.0/stm32cubeide/plugins/com.st.stm32cube.ide.mcu.externaltools.gnu-tools-for-stm32.7-2018-q2-update.win32_1.0.0.201904181610/tools/bin/../lib/gcc/arm-none-eabi/7.3.1/../../../../arm-none-eabi/lib/thumb/v7e-m/fpv5/hard\libc_nano.a
END GROUP
START GROUP
LOAD c:/st/stm32cubeide_1.1.0/stm32cubeide/plugins/com.st.stm32cube.ide.mcu.externaltools.gnu-tools-for-stm32.7-2018-q2-update.win32_1.0.0.201904181610/tools/bin/../lib/gcc/arm-none-eabi/7.3.1/thumb/v7e-m/fpv5/hard\libgcc.a
LOAD c:/st/stm32cubeide_1.1.0/stm32cubeide/plugins/com.st.stm32cube.ide.mcu.externaltools.gnu-tools-for-stm32.7-2018-q2-update.win32_1.0.0.201904181610/tools/bin/../lib/gcc/arm-none-eabi/7.3.1/../../../../arm-none-eabi/lib/thumb/v7e-m/fpv5/hard\libc_nano.a
LOAD c:/st/stm32cubeide_1.1.0/stm32cubeide/plugins/com.st.stm32cube.ide.mcu.externaltools.gnu-tools-for-stm32.7-2018-q2-update.win32_1.0.0.201904181610/tools/bin/../lib/gcc/arm-none-eabi/7.3.1/../../../../arm-none-eabi/lib/thumb/v7e-m/fpv5/hard\libnosys.a
END GROUP
START GROUP
LOAD c:/st/stm32cubeide_1.1.0/stm32cubeide/plugins/com.st.stm32cube.ide.mcu.externaltools.gnu-tools-for-stm32.7-2018-q2-update.win32_1.0.0.201904181610/tools/bin/../lib/gcc/arm-none-eabi/7.3.1/thumb/v7e-m/fpv5/hard\libgcc.a
LOAD c:/st/stm32cubeide_1.1.0/stm32cubeide/plugins/com.st.stm32cube.ide.mcu.externaltools.gnu-tools-for-stm32.7-2018-q2-update.win32_1.0.0.201904181610/tools/bin/../lib/gcc/arm-none-eabi/7.3.1/../../../../arm-none-eabi/lib/thumb/v7e-m/fpv5/hard\libc_nano.a
LOAD c:/st/stm32cubeide_1.1.0/stm32cubeide/plugins/com.st.stm32cube.ide.mcu.externaltools.gnu-tools-for-stm32.7-2018-q2-update.win32_1.0.0.201904181610/tools/bin/../lib/gcc/arm-none-eabi/7.3.1/../../../../arm-none-eabi/lib/thumb/v7e-m/fpv5/hard\libnosys.a
END GROUP
LOAD c:/st/stm32cubeide_1.1.0/stm32cubeide/plugins/com.st.stm32cube.ide.mcu.externaltools.gnu-tools-for-stm32.7-2018-q2-update.win32_1.0.0.201904181610/tools/bin/../lib/gcc/arm-none-eabi/7.3.1/thumb/v7e-m/fpv5/hard/crtend.o
LOAD c:/st/stm32cubeide_1.1.0/stm32cubeide/plugins/com.st.stm32cube.ide.mcu.externaltools.gnu-tools-for-stm32.7-2018-q2-update.win32_1.0.0.201904181610/tools/bin/../lib/gcc/arm-none-eabi/7.3.1/thumb/v7e-m/fpv5/hard/crtn.o
                0x0000000024080000                _estack = (ORIGIN (RAM_D1) + LENGTH (RAM_D1))
                0x0000000000000200                _Min_Heap_Size = 0x200
                0x0000000000000400                _Min_Stack_Size = 0x400

.isr_vector     0x0000000008000000      0x298
                0x0000000008000000                . = ALIGN (0x4)
 *(.isr_vector)
 .isr_vector    0x0000000008000000      0x298 Core/Startup/startup_stm32h743vitx.o
                0x0000000008000000                g_pfnVectors
                0x0000000008000298                . = ALIGN (0x4)

.text           0x0000000008000298     0xc2fc
                0x0000000008000298                . = ALIGN (0x4)
 *(.text)
 .text          0x0000000008000298       0x40 c:/st/stm32cubeide_1.1.0/stm32cubeide/plugins/com.st.stm32cube.ide.mcu.externaltools.gnu-tools-for-stm32.7-2018-q2-update.win32_1.0.0.201904181610/tools/bin/../lib/gcc/arm-none-eabi/7.3.1/thumb/v7e-m/fpv5/hard/crtbegin.o
 .text          0x00000000080002d8       0x30 c:/st/stm32cubeide_1.1.0/stm32cubeide/plugins/com.st.stm32cube.ide.mcu.externaltools.gnu-tools-for-stm32.7-2018-q2-update.win32_1.0.0.201904181610/tools/bin/../lib/gcc/arm-none-eabi/7.3.1/thumb/v7e-m/fpv5/hard\libgcc.a(_aeabi_uldivmod.o)
                0x00000000080002d8                __aeabi_uldivmod
 .text          0x0000000008000308      0x2cc c:/st/stm32cubeide_1.1.0/stm32cubeide/plugins/com.st.stm32cube.ide.mcu.externaltools.gnu-tools-for-stm32.7-2018-q2-update.win32_1.0.0.201904181610/tools/bin/../lib/gcc/arm-none-eabi/7.3.1/thumb/v7e-m/fpv5/hard\libgcc.a(_udivmoddi4.o)
                0x0000000008000308                __udivmoddi4
 .text          0x00000000080005d4        0x4 c:/st/stm32cubeide_1.1.0/stm32cubeide/plugins/com.st.stm32cube.ide.mcu.externaltools.gnu-tools-for-stm32.7-2018-q2-update.win32_1.0.0.201904181610/tools/bin/../lib/gcc/arm-none-eabi/7.3.1/thumb/v7e-m/fpv5/hard\libgcc.a(_dvmd_tls.o)
                0x00000000080005d4                __aeabi_idiv0
                0x00000000080005d4                __aeabi_ldiv0
 *(.text*)
 .text.MX_DCMI_Init
                0x00000000080005d8       0x6c Core/Src/dcmi.o
                0x00000000080005d8                MX_DCMI_Init
 .text.HAL_DCMI_MspInit
                0x0000000008000644      0x1d4 Core/Src/dcmi.o
                0x0000000008000644                HAL_DCMI_MspInit
 .text.MX_DMA_Init
                0x0000000008000818       0x40 Core/Src/dma.o
                0x0000000008000818                MX_DMA_Init
 .text.MX_GPIO_Init
                0x0000000008000858      0x210 Core/Src/gpio.o
                0x0000000008000858                MX_GPIO_Init
 .text.MX_I2C1_Init
                0x0000000008000a68       0x80 Core/Src/i2c.o
                0x0000000008000a68                MX_I2C1_Init
 .text.HAL_I2C_MspInit
                0x0000000008000ae8       0x94 Core/Src/i2c.o
                0x0000000008000ae8                HAL_I2C_MspInit
 .text.MX_JPEG_Init
                0x0000000008000b7c       0x28 Core/Src/jpeg.o
                0x0000000008000b7c                MX_JPEG_Init
 .text.HAL_JPEG_MspInit
                0x0000000008000ba4       0x44 Core/Src/jpeg.o
                0x0000000008000ba4                HAL_JPEG_MspInit
 .text.main     0x0000000008000be8       0x74 Core/Src/main.o
                0x0000000008000be8                main
 .text.SystemClock_Config
                0x0000000008000c5c      0x178 Core/Src/main.o
                0x0000000008000c5c                SystemClock_Config
 .text.HAL_GPIO_EXTI_Callback
                0x0000000008000dd4       0x28 Core/Src/main.o
                0x0000000008000dd4                HAL_GPIO_EXTI_Callback
 .text.my_int   0x0000000008000dfc       0x14 Core/Src/main.o
                0x0000000008000dfc                my_int
 .text.Error_Handler
                0x0000000008000e10        0xe Core/Src/main.o
                0x0000000008000e10                Error_Handler
 .text.assert_failed
                0x0000000008000e1e       0x16 Core/Src/main.o
                0x0000000008000e1e                assert_failed
 .text.MX_SPI2_Init
                0x0000000008000e34       0xac Core/Src/spi.o
                0x0000000008000e34                MX_SPI2_Init
 .text.HAL_SPI_MspInit
                0x0000000008000ee0       0x94 Core/Src/spi.o
                0x0000000008000ee0                HAL_SPI_MspInit
 .text.HAL_MspInit
                0x0000000008000f74       0x34 Core/Src/stm32h7xx_hal_msp.o
                0x0000000008000f74                HAL_MspInit
 .text.NMI_Handler
                0x0000000008000fa8        0xe Core/Src/stm32h7xx_it.o
                0x0000000008000fa8                NMI_Handler
 .text.HardFault_Handler
                0x0000000008000fb6        0x6 Core/Src/stm32h7xx_it.o
                0x0000000008000fb6                HardFault_Handler
 .text.MemManage_Handler
                0x0000000008000fbc        0x6 Core/Src/stm32h7xx_it.o
                0x0000000008000fbc                MemManage_Handler
 .text.BusFault_Handler
                0x0000000008000fc2        0x6 Core/Src/stm32h7xx_it.o
                0x0000000008000fc2                BusFault_Handler
 .text.UsageFault_Handler
                0x0000000008000fc8        0x6 Core/Src/stm32h7xx_it.o
                0x0000000008000fc8                UsageFault_Handler
 .text.SVC_Handler
                0x0000000008000fce        0xe Core/Src/stm32h7xx_it.o
                0x0000000008000fce                SVC_Handler
 .text.DebugMon_Handler
                0x0000000008000fdc        0xe Core/Src/stm32h7xx_it.o
                0x0000000008000fdc                DebugMon_Handler
 .text.PendSV_Handler
                0x0000000008000fea        0xe Core/Src/stm32h7xx_it.o
                0x0000000008000fea                PendSV_Handler
 .text.SysTick_Handler
                0x0000000008000ff8        0xc Core/Src/stm32h7xx_it.o
                0x0000000008000ff8                SysTick_Handler
 .text.DMA1_Stream0_IRQHandler
                0x0000000008001004       0x14 Core/Src/stm32h7xx_it.o
                0x0000000008001004                DMA1_Stream0_IRQHandler
 .text.EXTI15_10_IRQHandler
                0x0000000008001018       0x10 Core/Src/stm32h7xx_it.o
                0x0000000008001018                EXTI15_10_IRQHandler
 .text.DCMI_IRQHandler
                0x0000000008001028       0x14 Core/Src/stm32h7xx_it.o
                0x0000000008001028                DCMI_IRQHandler
 .text.SystemInit
                0x000000000800103c       0xc4 Core/Src/system_stm32h7xx.o
                0x000000000800103c                SystemInit
 .text.MX_USART2_UART_Init
                0x0000000008001100       0x98 Core/Src/usart.o
                0x0000000008001100                MX_USART2_UART_Init
 .text.HAL_UART_MspInit
                0x0000000008001198       0x94 Core/Src/usart.o
                0x0000000008001198                HAL_UART_MspInit
 .text.Reset_Handler
                0x000000000800122c       0x50 Core/Startup/startup_stm32h743vitx.o
                0x000000000800122c                Reset_Handler
 .text.Default_Handler
                0x000000000800127c        0x2 Core/Startup/startup_stm32h743vitx.o
                0x000000000800127c                RTC_Alarm_IRQHandler
                0x000000000800127c                EXTI2_IRQHandler
                0x000000000800127c                TIM8_CC_IRQHandler
                0x000000000800127c                HRTIM1_Master_IRQHandler
                0x000000000800127c                UART8_IRQHandler
                0x000000000800127c                SPI4_IRQHandler
                0x000000000800127c                TIM1_CC_IRQHandler
                0x000000000800127c                BDMA_Channel6_IRQHandler
                0x000000000800127c                DMA2_Stream5_IRQHandler
                0x000000000800127c                HRTIM1_FLT_IRQHandler
                0x000000000800127c                JPEG_IRQHandler
                0x000000000800127c                DMA1_Stream5_IRQHandler
                0x000000000800127c                BDMA_Channel1_IRQHandler
                0x000000000800127c                HRTIM1_TIMD_IRQHandler
                0x000000000800127c                TAMP_STAMP_IRQHandler
                0x000000000800127c                EXTI3_IRQHandler
                0x000000000800127c                LPTIM4_IRQHandler
                0x000000000800127c                TIM8_TRG_COM_TIM14_IRQHandler
                0x000000000800127c                LPTIM2_IRQHandler
                0x000000000800127c                DFSDM1_FLT1_IRQHandler
                0x000000000800127c                DMAMUX2_OVR_IRQHandler
                0x000000000800127c                TIM8_UP_TIM13_IRQHandler
                0x000000000800127c                I2C3_ER_IRQHandler
                0x000000000800127c                DFSDM1_FLT2_IRQHandler
                0x000000000800127c                MDMA_IRQHandler
                0x000000000800127c                LPTIM3_IRQHandler
                0x000000000800127c                HSEM1_IRQHandler
                0x000000000800127c                EXTI0_IRQHandler
                0x000000000800127c                I2C2_EV_IRQHandler
                0x000000000800127c                DMA1_Stream2_IRQHandler
                0x000000000800127c                FPU_IRQHandler
                0x000000000800127c                OTG_HS_WKUP_IRQHandler
                0x000000000800127c                FDCAN1_IT1_IRQHandler
                0x000000000800127c                LTDC_ER_IRQHandler
                0x000000000800127c                DMA2_Stream2_IRQHandler
                0x000000000800127c                HRTIM1_TIME_IRQHandler
                0x000000000800127c                SPI1_IRQHandler
                0x000000000800127c                TIM6_DAC_IRQHandler
                0x000000000800127c                HRTIM1_TIMC_IRQHandler
                0x000000000800127c                DMA2_Stream3_IRQHandler
                0x000000000800127c                SAI2_IRQHandler
                0x000000000800127c                DFSDM1_FLT3_IRQHandler
                0x000000000800127c                USART6_IRQHandler
                0x000000000800127c                TIM17_IRQHandler
                0x000000000800127c                USART3_IRQHandler
                0x000000000800127c                BDMA_Channel7_IRQHandler
                0x000000000800127c                LPTIM5_IRQHandler
                0x000000000800127c                UART5_IRQHandler
                0x000000000800127c                ADC3_IRQHandler
                0x000000000800127c                DMA2_Stream0_IRQHandler
                0x000000000800127c                TIM4_IRQHandler
                0x000000000800127c                BDMA_Channel2_IRQHandler
                0x000000000800127c                QUADSPI_IRQHandler
                0x000000000800127c                I2C1_EV_IRQHandler
                0x000000000800127c                DMA1_Stream6_IRQHandler
                0x000000000800127c                DMAMUX1_OVR_IRQHandler
                0x000000000800127c                DMA1_Stream1_IRQHandler
                0x000000000800127c                TIM16_IRQHandler
                0x000000000800127c                UART4_IRQHandler
                0x000000000800127c                BDMA_Channel5_IRQHandler
                0x000000000800127c                TIM3_IRQHandler
                0x000000000800127c                RCC_IRQHandler
                0x000000000800127c                TIM8_BRK_TIM12_IRQHandler
                0x000000000800127c                TIM1_TRG_COM_IRQHandler
                0x000000000800127c                Default_Handler
                0x000000000800127c                ECC_IRQHandler
                0x000000000800127c                CEC_IRQHandler
                0x000000000800127c                BDMA_Channel0_IRQHandler
                0x000000000800127c                ADC_IRQHandler
                0x000000000800127c                DMA1_Stream7_IRQHandler
                0x000000000800127c                HRTIM1_TIMA_IRQHandler
                0x000000000800127c                SPI5_IRQHandler
                0x000000000800127c                TIM7_IRQHandler
                0x000000000800127c                SDMMC1_IRQHandler
                0x000000000800127c                TIM5_IRQHandler
                0x000000000800127c                DMA2_Stream7_IRQHandler
                0x000000000800127c                TIM15_IRQHandler
                0x000000000800127c                PVD_AVD_IRQHandler
                0x000000000800127c                I2C3_EV_IRQHandler
                0x000000000800127c                EXTI9_5_IRQHandler
                0x000000000800127c                RTC_WKUP_IRQHandler
                0x000000000800127c                LTDC_IRQHandler
                0x000000000800127c                SAI3_IRQHandler
                0x000000000800127c                ETH_WKUP_IRQHandler
                0x000000000800127c                SPDIF_RX_IRQHandler
                0x000000000800127c                SPI2_IRQHandler
                0x000000000800127c                OTG_HS_EP1_IN_IRQHandler
                0x000000000800127c                CRS_IRQHandler
                0x000000000800127c                EXTI4_IRQHandler
                0x000000000800127c                RNG_IRQHandler
                0x000000000800127c                HRTIM1_TIMB_IRQHandler
                0x000000000800127c                FDCAN2_IT1_IRQHandler
                0x000000000800127c                ETH_IRQHandler
                0x000000000800127c                TIM1_UP_IRQHandler
                0x000000000800127c                BDMA_Channel4_IRQHandler
                0x000000000800127c                OTG_HS_EP1_OUT_IRQHandler
                0x000000000800127c                WWDG_IRQHandler
                0x000000000800127c                SPI6_IRQHandler
                0x000000000800127c                MDIOS_IRQHandler
                0x000000000800127c                I2C4_EV_IRQHandler
                0x000000000800127c                FDCAN2_IT0_IRQHandler
                0x000000000800127c                LPUART1_IRQHandler
                0x000000000800127c                FDCAN1_IT0_IRQHandler
                0x000000000800127c                TIM2_IRQHandler
                0x000000000800127c                OTG_FS_WKUP_IRQHandler
                0x000000000800127c                OTG_HS_IRQHandler
                0x000000000800127c                DMA2D_IRQHandler
                0x000000000800127c                TIM1_BRK_IRQHandler
                0x000000000800127c                EXTI1_IRQHandler
                0x000000000800127c                SDMMC2_IRQHandler
                0x000000000800127c                OTG_FS_EP1_OUT_IRQHandler
                0x000000000800127c                BDMA_Channel3_IRQHandler
                0x000000000800127c                UART7_IRQHandler
                0x000000000800127c                MDIOS_WKUP_IRQHandler
                0x000000000800127c                USART2_IRQHandler
                0x000000000800127c                DFSDM1_FLT0_IRQHandler
                0x000000000800127c                SAI4_IRQHandler
                0x000000000800127c                I2C2_ER_IRQHandler
                0x000000000800127c                DMA2_Stream1_IRQHandler
                0x000000000800127c                FLASH_IRQHandler
                0x000000000800127c                DMA2_Stream4_IRQHandler
                0x000000000800127c                USART1_IRQHandler
                0x000000000800127c                OTG_FS_IRQHandler
                0x000000000800127c                SPI3_IRQHandler
                0x000000000800127c                WAKEUP_PIN_IRQHandler
                0x000000000800127c                DMA1_Stream4_IRQHandler
                0x000000000800127c                OTG_FS_EP1_IN_IRQHandler
                0x000000000800127c                I2C1_ER_IRQHandler
                0x000000000800127c                FMC_IRQHandler
                0x000000000800127c                FDCAN_CAL_IRQHandler
                0x000000000800127c                SWPMI1_IRQHandler
                0x000000000800127c                COMP1_IRQHandler
                0x000000000800127c                LPTIM1_IRQHandler
                0x000000000800127c                I2C4_ER_IRQHandler
                0x000000000800127c                DMA2_Stream6_IRQHandler
                0x000000000800127c                SAI1_IRQHandler
                0x000000000800127c                DMA1_Stream3_IRQHandler
 *fill*         0x000000000800127e        0x2 
 .text.HAL_Init
                0x0000000008001280       0x70 Drivers/STM32H7xx_HAL_Driver/Src/stm32h7xx_hal.o
                0x0000000008001280                HAL_Init
 .text.HAL_InitTick
                0x00000000080012f0       0x6c Drivers/STM32H7xx_HAL_Driver/Src/stm32h7xx_hal.o
                0x00000000080012f0                HAL_InitTick
 .text.HAL_IncTick
                0x000000000800135c       0x28 Drivers/STM32H7xx_HAL_Driver/Src/stm32h7xx_hal.o
                0x000000000800135c                HAL_IncTick
 .text.HAL_GetTick
                0x0000000008001384       0x18 Drivers/STM32H7xx_HAL_Driver/Src/stm32h7xx_hal.o
                0x0000000008001384                HAL_GetTick
 .text.HAL_Delay
                0x000000000800139c       0x44 Drivers/STM32H7xx_HAL_Driver/Src/stm32h7xx_hal.o
                0x000000000800139c                HAL_Delay
 .text.HAL_GetREVID
                0x00000000080013e0       0x18 Drivers/STM32H7xx_HAL_Driver/Src/stm32h7xx_hal.o
                0x00000000080013e0                HAL_GetREVID
 .text.__NVIC_SetPriorityGrouping
                0x00000000080013f8       0x48 Drivers/STM32H7xx_HAL_Driver/Src/stm32h7xx_hal_cortex.o
 .text.__NVIC_GetPriorityGrouping
                0x0000000008001440       0x1c Drivers/STM32H7xx_HAL_Driver/Src/stm32h7xx_hal_cortex.o
 .text.__NVIC_EnableIRQ
                0x000000000800145c       0x3c Drivers/STM32H7xx_HAL_Driver/Src/stm32h7xx_hal_cortex.o
 .text.__NVIC_SetPriority
                0x0000000008001498       0x54 Drivers/STM32H7xx_HAL_Driver/Src/stm32h7xx_hal_cortex.o
 .text.NVIC_EncodePriority
                0x00000000080014ec       0x66 Drivers/STM32H7xx_HAL_Driver/Src/stm32h7xx_hal_cortex.o
 *fill*         0x0000000008001552        0x2 
 .text.SysTick_Config
                0x0000000008001554       0x44 Drivers/STM32H7xx_HAL_Driver/Src/stm32h7xx_hal_cortex.o
 .text.HAL_NVIC_SetPriorityGrouping
                0x0000000008001598       0x40 Drivers/STM32H7xx_HAL_Driver/Src/stm32h7xx_hal_cortex.o
                0x0000000008001598                HAL_NVIC_SetPriorityGrouping
 .text.HAL_NVIC_SetPriority
                0x00000000080015d8       0x54 Drivers/STM32H7xx_HAL_Driver/Src/stm32h7xx_hal_cortex.o
                0x00000000080015d8                HAL_NVIC_SetPriority
 .text.HAL_NVIC_EnableIRQ
                0x000000000800162c       0x30 Drivers/STM32H7xx_HAL_Driver/Src/stm32h7xx_hal_cortex.o
                0x000000000800162c                HAL_NVIC_EnableIRQ
 .text.HAL_SYSTICK_Config
                0x000000000800165c       0x18 Drivers/STM32H7xx_HAL_Driver/Src/stm32h7xx_hal_cortex.o
                0x000000000800165c                HAL_SYSTICK_Config
 .text.HAL_DCMI_Init
                0x0000000008001674      0x244 Drivers/STM32H7xx_HAL_Driver/Src/stm32h7xx_hal_dcmi.o
                0x0000000008001674                HAL_DCMI_Init
 .text.HAL_DCMI_IRQHandler
                0x00000000080018b8      0x104 Drivers/STM32H7xx_HAL_Driver/Src/stm32h7xx_hal_dcmi.o
                0x00000000080018b8                HAL_DCMI_IRQHandler
 .text.HAL_DCMI_ErrorCallback
                0x00000000080019bc       0x14 Drivers/STM32H7xx_HAL_Driver/Src/stm32h7xx_hal_dcmi.o
                0x00000000080019bc                HAL_DCMI_ErrorCallback
 .text.HAL_DCMI_LineEventCallback
                0x00000000080019d0       0x14 Drivers/STM32H7xx_HAL_Driver/Src/stm32h7xx_hal_dcmi.o
                0x00000000080019d0                HAL_DCMI_LineEventCallback
 .text.HAL_DCMI_VsyncEventCallback
                0x00000000080019e4       0x14 Drivers/STM32H7xx_HAL_Driver/Src/stm32h7xx_hal_dcmi.o
                0x00000000080019e4                HAL_DCMI_VsyncEventCallback
 .text.HAL_DCMI_FrameEventCallback
                0x00000000080019f8       0x14 Drivers/STM32H7xx_HAL_Driver/Src/stm32h7xx_hal_dcmi.o
                0x00000000080019f8                HAL_DCMI_FrameEventCallback
 .text.DCMI_DMAError
                0x0000000008001a0c       0x3a Drivers/STM32H7xx_HAL_Driver/Src/stm32h7xx_hal_dcmi.o
 *fill*         0x0000000008001a46        0x2 
 .text.HAL_DMA_Init
                0x0000000008001a48      0x7d4 Drivers/STM32H7xx_HAL_Driver/Src/stm32h7xx_hal_dma.o
                0x0000000008001a48                HAL_DMA_Init
 .text.HAL_DMA_Abort_IT
                0x000000000800221c      0x32c Drivers/STM32H7xx_HAL_Driver/Src/stm32h7xx_hal_dma.o
                0x000000000800221c                HAL_DMA_Abort_IT
 .text.HAL_DMA_IRQHandler
                0x0000000008002548      0xe54 Drivers/STM32H7xx_HAL_Driver/Src/stm32h7xx_hal_dma.o
                0x0000000008002548                HAL_DMA_IRQHandler
 .text.DMA_CalcBaseAndBitshift
                0x000000000800339c      0x164 Drivers/STM32H7xx_HAL_Driver/Src/stm32h7xx_hal_dma.o
 .text.DMA_CheckFifoParam
                0x0000000008003500       0xf8 Drivers/STM32H7xx_HAL_Driver/Src/stm32h7xx_hal_dma.o
 .text.DMA_CalcDMAMUXChannelBaseAndMask
                0x00000000080035f8      0x134 Drivers/STM32H7xx_HAL_Driver/Src/stm32h7xx_hal_dma.o
 .text.DMA_CalcDMAMUXRequestGenBaseAndMask
                0x000000000800372c       0xe8 Drivers/STM32H7xx_HAL_Driver/Src/stm32h7xx_hal_dma.o
 .text.HAL_EXTI_SetConfigLine
                0x0000000008003814      0x3c0 Drivers/STM32H7xx_HAL_Driver/Src/stm32h7xx_hal_exti.o
                0x0000000008003814                HAL_EXTI_SetConfigLine
 .text.HAL_EXTI_RegisterCallback
                0x0000000008003bd4       0x3e Drivers/STM32H7xx_HAL_Driver/Src/stm32h7xx_hal_exti.o
                0x0000000008003bd4                HAL_EXTI_RegisterCallback
 *fill*         0x0000000008003c12        0x2 
 .text.HAL_GPIO_Init
                0x0000000008003c14      0x560 Drivers/STM32H7xx_HAL_Driver/Src/stm32h7xx_hal_gpio.o
                0x0000000008003c14                HAL_GPIO_Init
 .text.HAL_GPIO_WritePin
                0x0000000008004174       0x68 Drivers/STM32H7xx_HAL_Driver/Src/stm32h7xx_hal_gpio.o
                0x0000000008004174                HAL_GPIO_WritePin
 .text.HAL_GPIO_TogglePin
                0x00000000080041dc       0x54 Drivers/STM32H7xx_HAL_Driver/Src/stm32h7xx_hal_gpio.o
                0x00000000080041dc                HAL_GPIO_TogglePin
 .text.HAL_GPIO_EXTI_IRQHandler
                0x0000000008004230       0x30 Drivers/STM32H7xx_HAL_Driver/Src/stm32h7xx_hal_gpio.o
                0x0000000008004230                HAL_GPIO_EXTI_IRQHandler
 .text.HAL_I2C_Init
                0x0000000008004260      0x244 Drivers/STM32H7xx_HAL_Driver/Src/stm32h7xx_hal_i2c.o
                0x0000000008004260                HAL_I2C_Init
 .text.HAL_I2CEx_ConfigAnalogFilter
                0x00000000080044a4       0xec Drivers/STM32H7xx_HAL_Driver/Src/stm32h7xx_hal_i2c_ex.o
                0x00000000080044a4                HAL_I2CEx_ConfigAnalogFilter
 .text.HAL_I2CEx_ConfigDigitalFilter
                0x0000000008004590       0xe8 Drivers/STM32H7xx_HAL_Driver/Src/stm32h7xx_hal_i2c_ex.o
                0x0000000008004590                HAL_I2CEx_ConfigDigitalFilter
 .text.HAL_JPEG_Init
                0x0000000008004678      0x104 Drivers/STM32H7xx_HAL_Driver/Src/stm32h7xx_hal_jpeg.o
                0x0000000008004678                HAL_JPEG_Init
 .text.JPEG_Bits_To_SizeCodes
                0x000000000800477c       0xea Drivers/STM32H7xx_HAL_Driver/Src/stm32h7xx_hal_jpeg.o
 .text.JPEG_ACHuff_BitsVals_To_SizeCodes
                0x0000000008004866      0x110 Drivers/STM32H7xx_HAL_Driver/Src/stm32h7xx_hal_jpeg.o
 .text.JPEG_DCHuff_BitsVals_To_SizeCodes
                0x0000000008004976       0xba Drivers/STM32H7xx_HAL_Driver/Src/stm32h7xx_hal_jpeg.o
 .text.JPEG_Set_HuffDC_Mem
                0x0000000008004a30      0x108 Drivers/STM32H7xx_HAL_Driver/Src/stm32h7xx_hal_jpeg.o
 .text.JPEG_Set_HuffAC_Mem
                0x0000000008004b38      0x1c4 Drivers/STM32H7xx_HAL_Driver/Src/stm32h7xx_hal_jpeg.o
 .text.JPEG_Set_HuffEnc_Mem
                0x0000000008004cfc       0xa8 Drivers/STM32H7xx_HAL_Driver/Src/stm32h7xx_hal_jpeg.o
 .text.JPEG_Set_Huff_DHTMem
                0x0000000008004da4      0x45c Drivers/STM32H7xx_HAL_Driver/Src/stm32h7xx_hal_jpeg.o
 .text.HAL_PWREx_ConfigSupply
                0x0000000008005200       0x88 Drivers/STM32H7xx_HAL_Driver/Src/stm32h7xx_hal_pwr_ex.o
                0x0000000008005200                HAL_PWREx_ConfigSupply
 .text.HAL_RCC_OscConfig
                0x0000000008005288      0x9c0 Drivers/STM32H7xx_HAL_Driver/Src/stm32h7xx_hal_rcc.o
                0x0000000008005288                HAL_RCC_OscConfig
 .text.HAL_RCC_ClockConfig
                0x0000000008005c48      0x6bc Drivers/STM32H7xx_HAL_Driver/Src/stm32h7xx_hal_rcc.o
                0x0000000008005c48                HAL_RCC_ClockConfig
 .text.HAL_RCC_GetSysClockFreq
                0x0000000008006304      0x2e4 Drivers/STM32H7xx_HAL_Driver/Src/stm32h7xx_hal_rcc.o
                0x0000000008006304                HAL_RCC_GetSysClockFreq
 .text.HAL_RCC_GetHCLKFreq
                0x00000000080065e8       0x38 Drivers/STM32H7xx_HAL_Driver/Src/stm32h7xx_hal_rcc.o
                0x00000000080065e8                HAL_RCC_GetHCLKFreq
 .text.HAL_RCC_GetPCLK1Freq
                0x0000000008006620       0x2c Drivers/STM32H7xx_HAL_Driver/Src/stm32h7xx_hal_rcc.o
                0x0000000008006620                HAL_RCC_GetPCLK1Freq
 .text.HAL_RCC_GetPCLK2Freq
                0x000000000800664c       0x2c Drivers/STM32H7xx_HAL_Driver/Src/stm32h7xx_hal_rcc.o
                0x000000000800664c                HAL_RCC_GetPCLK2Freq
 .text.HAL_RCCEx_PeriphCLKConfig
                0x0000000008006678     0x1344 Drivers/STM32H7xx_HAL_Driver/Src/stm32h7xx_hal_rcc_ex.o
                0x0000000008006678                HAL_RCCEx_PeriphCLKConfig
 .text.HAL_RCCEx_GetD3PCLK1Freq
                0x00000000080079bc       0x2c Drivers/STM32H7xx_HAL_Driver/Src/stm32h7xx_hal_rcc_ex.o
                0x00000000080079bc                HAL_RCCEx_GetD3PCLK1Freq
 .text.HAL_RCCEx_GetPLL2ClockFreq
                0x00000000080079e8      0x298 Drivers/STM32H7xx_HAL_Driver/Src/stm32h7xx_hal_rcc_ex.o
                0x00000000080079e8                HAL_RCCEx_GetPLL2ClockFreq
 .text.HAL_RCCEx_GetPLL3ClockFreq
                0x0000000008007c80      0x298 Drivers/STM32H7xx_HAL_Driver/Src/stm32h7xx_hal_rcc_ex.o
                0x0000000008007c80                HAL_RCCEx_GetPLL3ClockFreq
 .text.HAL_RCCEx_GetD1SysClockFreq
                0x0000000008007f18       0x38 Drivers/STM32H7xx_HAL_Driver/Src/stm32h7xx_hal_rcc_ex.o
                0x0000000008007f18                HAL_RCCEx_GetD1SysClockFreq
 .text.RCCEx_PLL2_Config
                0x0000000008007f50      0x244 Drivers/STM32H7xx_HAL_Driver/Src/stm32h7xx_hal_rcc_ex.o
 .text.RCCEx_PLL3_Config
                0x0000000008008194      0x24c Drivers/STM32H7xx_HAL_Driver/Src/stm32h7xx_hal_rcc_ex.o
 .text.HAL_SPI_Init
                0x00000000080083e0      0x538 Drivers/STM32H7xx_HAL_Driver/Src/stm32h7xx_hal_spi.o
                0x00000000080083e0                HAL_SPI_Init
 .text.HAL_SPI_Receive
                0x0000000008008918      0x414 Drivers/STM32H7xx_HAL_Driver/Src/stm32h7xx_hal_spi.o
                0x0000000008008918                HAL_SPI_Receive
 .text.HAL_SPI_TransmitReceive
                0x0000000008008d2c      0x5f4 Drivers/STM32H7xx_HAL_Driver/Src/stm32h7xx_hal_spi.o
                0x0000000008008d2c                HAL_SPI_TransmitReceive
 .text.SPI_CloseTransfer
                0x0000000008009320      0x140 Drivers/STM32H7xx_HAL_Driver/Src/stm32h7xx_hal_spi.o
 .text.SPI_WaitOnFlagUntilTimeout
                0x0000000008009460       0x5c Drivers/STM32H7xx_HAL_Driver/Src/stm32h7xx_hal_spi.o
 .text.SPI_GetPacketSize
                0x00000000080094bc       0x36 Drivers/STM32H7xx_HAL_Driver/Src/stm32h7xx_hal_spi.o
 *fill*         0x00000000080094f2        0x2 
 .text.HAL_UART_Init
                0x00000000080094f4      0x19c Drivers/STM32H7xx_HAL_Driver/Src/stm32h7xx_hal_uart.o
                0x00000000080094f4                HAL_UART_Init
 .text.UART_SetConfig
                0x0000000008009690     0x24bc Drivers/STM32H7xx_HAL_Driver/Src/stm32h7xx_hal_uart.o
                0x0000000008009690                UART_SetConfig
 .text.UART_AdvFeatureConfig
                0x000000000800bb4c      0x2ec Drivers/STM32H7xx_HAL_Driver/Src/stm32h7xx_hal_uart.o
                0x000000000800bb4c                UART_AdvFeatureConfig
 .text.UART_CheckIdleState
                0x000000000800be38       0x90 Drivers/STM32H7xx_HAL_Driver/Src/stm32h7xx_hal_uart.o
                0x000000000800be38                UART_CheckIdleState
 .text.UART_WaitOnFlagUntilTimeout
                0x000000000800bec8      0x100 Drivers/STM32H7xx_HAL_Driver/Src/stm32h7xx_hal_uart.o
                0x000000000800bec8                UART_WaitOnFlagUntilTimeout
 .text.HAL_UARTEx_DisableFifoMode
                0x000000000800bfc8       0xec Drivers/STM32H7xx_HAL_Driver/Src/stm32h7xx_hal_uart_ex.o
                0x000000000800bfc8                HAL_UARTEx_DisableFifoMode
 .text.HAL_UARTEx_SetTxFifoThreshold
                0x000000000800c0b4      0x134 Drivers/STM32H7xx_HAL_Driver/Src/stm32h7xx_hal_uart_ex.o
                0x000000000800c0b4                HAL_UARTEx_SetTxFifoThreshold
 .text.HAL_UARTEx_SetRxFifoThreshold
                0x000000000800c1e8      0x134 Drivers/STM32H7xx_HAL_Driver/Src/stm32h7xx_hal_uart_ex.o
                0x000000000800c1e8                HAL_UARTEx_SetRxFifoThreshold
 .text.UARTEx_SetNbDataToProcess
                0x000000000800c31c       0xd0 Drivers/STM32H7xx_HAL_Driver/Src/stm32h7xx_hal_uart_ex.o
 .text.init_chip_pins
                0x000000000800c3ec       0x28 wifi/host_drv/bsp/source/nm_bsp.o
 .text.nm_bsp_init
                0x000000000800c414       0x18 wifi/host_drv/bsp/source/nm_bsp.o
                0x000000000800c414                nm_bsp_init
 .text.nm_bsp_reset
                0x000000000800c42c       0x48 wifi/host_drv/bsp/source/nm_bsp.o
                0x000000000800c42c                nm_bsp_reset
 .text.nm_bsp_sleep
                0x000000000800c474       0x16 wifi/host_drv/bsp/source/nm_bsp.o
                0x000000000800c474                nm_bsp_sleep
 *fill*         0x000000000800c48a        0x2 
 .text.nm_bsp_register_isr
                0x000000000800c48c       0x98 wifi/host_drv/bsp/source/nm_bsp.o
                0x000000000800c48c                nm_bsp_register_isr
 .text.__libc_init_array
                0x000000000800c524       0x48 c:/st/stm32cubeide_1.1.0/stm32cubeide/plugins/com.st.stm32cube.ide.mcu.externaltools.gnu-tools-for-stm32.7-2018-q2-update.win32_1.0.0.201904181610/tools/bin/../lib/gcc/arm-none-eabi/7.3.1/../../../../arm-none-eabi/lib/thumb/v7e-m/fpv5/hard\libc_nano.a(lib_a-init.o)
                0x000000000800c524                __libc_init_array
 .text.memset   0x000000000800c56c       0x10 c:/st/stm32cubeide_1.1.0/stm32cubeide/plugins/com.st.stm32cube.ide.mcu.externaltools.gnu-tools-for-stm32.7-2018-q2-update.win32_1.0.0.201904181610/tools/bin/../lib/gcc/arm-none-eabi/7.3.1/../../../../arm-none-eabi/lib/thumb/v7e-m/fpv5/hard\libc_nano.a(lib_a-memset.o)
                0x000000000800c56c                memset
 *(.glue_7)
 .glue_7        0x000000000800c57c        0x0 linker stubs
 *(.glue_7t)
 .glue_7t       0x000000000800c57c        0x0 linker stubs
 *(.eh_frame)
 .eh_frame      0x000000000800c57c        0x0 c:/st/stm32cubeide_1.1.0/stm32cubeide/plugins/com.st.stm32cube.ide.mcu.externaltools.gnu-tools-for-stm32.7-2018-q2-update.win32_1.0.0.201904181610/tools/bin/../lib/gcc/arm-none-eabi/7.3.1/thumb/v7e-m/fpv5/hard/crtbegin.o
 *(.init)
 .init          0x000000000800c57c        0x4 c:/st/stm32cubeide_1.1.0/stm32cubeide/plugins/com.st.stm32cube.ide.mcu.externaltools.gnu-tools-for-stm32.7-2018-q2-update.win32_1.0.0.201904181610/tools/bin/../lib/gcc/arm-none-eabi/7.3.1/thumb/v7e-m/fpv5/hard/crti.o
                0x000000000800c57c                _init
 .init          0x000000000800c580        0x8 c:/st/stm32cubeide_1.1.0/stm32cubeide/plugins/com.st.stm32cube.ide.mcu.externaltools.gnu-tools-for-stm32.7-2018-q2-update.win32_1.0.0.201904181610/tools/bin/../lib/gcc/arm-none-eabi/7.3.1/thumb/v7e-m/fpv5/hard/crtn.o
 *(.fini)
 .fini          0x000000000800c588        0x4 c:/st/stm32cubeide_1.1.0/stm32cubeide/plugins/com.st.stm32cube.ide.mcu.externaltools.gnu-tools-for-stm32.7-2018-q2-update.win32_1.0.0.201904181610/tools/bin/../lib/gcc/arm-none-eabi/7.3.1/thumb/v7e-m/fpv5/hard/crti.o
                0x000000000800c588                _fini
 .fini          0x000000000800c58c        0x8 c:/st/stm32cubeide_1.1.0/stm32cubeide/plugins/com.st.stm32cube.ide.mcu.externaltools.gnu-tools-for-stm32.7-2018-q2-update.win32_1.0.0.201904181610/tools/bin/../lib/gcc/arm-none-eabi/7.3.1/thumb/v7e-m/fpv5/hard/crtn.o
                0x000000000800c594                . = ALIGN (0x4)
                0x000000000800c594                _etext = .

.vfp11_veneer   0x000000000800c594        0x0
 .vfp11_veneer  0x000000000800c594        0x0 linker stubs

.v4_bx          0x000000000800c594        0x0
 .v4_bx         0x000000000800c594        0x0 linker stubs

.iplt           0x000000000800c594        0x0
 .iplt          0x000000000800c594        0x0 c:/st/stm32cubeide_1.1.0/stm32cubeide/plugins/com.st.stm32cube.ide.mcu.externaltools.gnu-tools-for-stm32.7-2018-q2-update.win32_1.0.0.201904181610/tools/bin/../lib/gcc/arm-none-eabi/7.3.1/thumb/v7e-m/fpv5/hard/crtbegin.o

.rodata         0x000000000800c594      0x56c
                0x000000000800c594                . = ALIGN (0x4)
 *(.rodata)
 .rodata        0x000000000800c594       0x3b Drivers/STM32H7xx_HAL_Driver/Src/stm32h7xx_hal_cortex.o
 *fill*         0x000000000800c5cf        0x1 
 .rodata        0x000000000800c5d0       0x39 Drivers/STM32H7xx_HAL_Driver/Src/stm32h7xx_hal_dcmi.o
 *fill*         0x000000000800c609        0x3 
 .rodata        0x000000000800c60c       0x38 Drivers/STM32H7xx_HAL_Driver/Src/stm32h7xx_hal_dma.o
 .rodata        0x000000000800c644       0x39 Drivers/STM32H7xx_HAL_Driver/Src/stm32h7xx_hal_exti.o
 *fill*         0x000000000800c67d        0x3 
 .rodata        0x000000000800c680       0x39 Drivers/STM32H7xx_HAL_Driver/Src/stm32h7xx_hal_gpio.o
 *fill*         0x000000000800c6b9        0x3 
 .rodata        0x000000000800c6bc       0x38 Drivers/STM32H7xx_HAL_Driver/Src/stm32h7xx_hal_i2c.o
 .rodata        0x000000000800c6f4       0x3b Drivers/STM32H7xx_HAL_Driver/Src/stm32h7xx_hal_i2c_ex.o
 *fill*         0x000000000800c72f        0x1 
 .rodata        0x000000000800c730       0x3b Drivers/STM32H7xx_HAL_Driver/Src/stm32h7xx_hal_pwr_ex.o
 *fill*         0x000000000800c76b        0x1 
 .rodata        0x000000000800c76c       0x38 Drivers/STM32H7xx_HAL_Driver/Src/stm32h7xx_hal_rcc.o
 .rodata        0x000000000800c7a4       0x3b Drivers/STM32H7xx_HAL_Driver/Src/stm32h7xx_hal_rcc_ex.o
 *fill*         0x000000000800c7df        0x1 
 .rodata        0x000000000800c7e0       0x38 Drivers/STM32H7xx_HAL_Driver/Src/stm32h7xx_hal_spi.o
 .rodata        0x000000000800c818       0x39 Drivers/STM32H7xx_HAL_Driver/Src/stm32h7xx_hal_uart.o
 *fill*         0x000000000800c851        0x3 
 .rodata        0x000000000800c854       0x4c Drivers/STM32H7xx_HAL_Driver/Src/stm32h7xx_hal_uart_ex.o
 .rodata        0x000000000800c8a0       0x25 wifi/host_drv/bsp/source/nm_bsp.o
 *(.rodata*)
 *fill*         0x000000000800c8c5        0x3 
 .rodata.D1CorePrescTable
                0x000000000800c8c8       0x10 Core/Src/system_stm32h7xx.o
                0x000000000800c8c8                D1CorePrescTable
 .rodata.flagBitshiftOffset.10538
                0x000000000800c8d8        0x8 Drivers/STM32H7xx_HAL_Driver/Src/stm32h7xx_hal_dma.o
 .rodata.JPEG_DCLUM_HuffTable
                0x000000000800c8e0       0x1c Drivers/STM32H7xx_HAL_Driver/Src/stm32h7xx_hal_jpeg.o
 .rodata.JPEG_DCCHROM_HuffTable
                0x000000000800c8fc       0x1c Drivers/STM32H7xx_HAL_Driver/Src/stm32h7xx_hal_jpeg.o
 .rodata.JPEG_ACLUM_HuffTable
                0x000000000800c918       0xb2 Drivers/STM32H7xx_HAL_Driver/Src/stm32h7xx_hal_jpeg.o
 *fill*         0x000000000800c9ca        0x2 
 .rodata.JPEG_ACCHROM_HuffTable
                0x000000000800c9cc       0xb2 Drivers/STM32H7xx_HAL_Driver/Src/stm32h7xx_hal_jpeg.o
 *fill*         0x000000000800ca7e        0x2 
 .rodata.JPEG_LUM_QuantTable.10486
                0x000000000800ca80       0x40 Drivers/STM32H7xx_HAL_Driver/Src/stm32h7xx_hal_jpeg.o
 .rodata.JPEG_CHROM_QuantTable.10487
                0x000000000800cac0       0x40 Drivers/STM32H7xx_HAL_Driver/Src/stm32h7xx_hal_jpeg.o
                0x000000000800cb00                . = ALIGN (0x4)

.ARM.extab      0x000000000800cb00        0x0
                0x000000000800cb00                . = ALIGN (0x4)
 *(.ARM.extab* .gnu.linkonce.armextab.*)
                0x000000000800cb00                . = ALIGN (0x4)

.ARM            0x000000000800cb00        0x8
                0x000000000800cb00                . = ALIGN (0x4)
                0x000000000800cb00                __exidx_start = .
 *(.ARM.exidx*)
 .ARM.exidx     0x000000000800cb00        0x8 c:/st/stm32cubeide_1.1.0/stm32cubeide/plugins/com.st.stm32cube.ide.mcu.externaltools.gnu-tools-for-stm32.7-2018-q2-update.win32_1.0.0.201904181610/tools/bin/../lib/gcc/arm-none-eabi/7.3.1/thumb/v7e-m/fpv5/hard\libgcc.a(_udivmoddi4.o)
                0x000000000800cb08                __exidx_end = .
                0x000000000800cb08                . = ALIGN (0x4)

.rel.dyn        0x000000000800cb08        0x0
 .rel.iplt      0x000000000800cb08        0x0 c:/st/stm32cubeide_1.1.0/stm32cubeide/plugins/com.st.stm32cube.ide.mcu.externaltools.gnu-tools-for-stm32.7-2018-q2-update.win32_1.0.0.201904181610/tools/bin/../lib/gcc/arm-none-eabi/7.3.1/thumb/v7e-m/fpv5/hard/crtbegin.o

.preinit_array  0x000000000800cb08        0x0
                0x000000000800cb08                . = ALIGN (0x4)
                0x000000000800cb08                PROVIDE (__preinit_array_start = .)
 *(.preinit_array*)
                0x000000000800cb08                PROVIDE (__preinit_array_end = .)
                0x000000000800cb08                . = ALIGN (0x4)

.init_array     0x000000000800cb08        0x4
                0x000000000800cb08                . = ALIGN (0x4)
                0x000000000800cb08                PROVIDE (__init_array_start = .)
 *(SORT_BY_NAME(.init_array.*))
 *(.init_array*)
 .init_array    0x000000000800cb08        0x4 c:/st/stm32cubeide_1.1.0/stm32cubeide/plugins/com.st.stm32cube.ide.mcu.externaltools.gnu-tools-for-stm32.7-2018-q2-update.win32_1.0.0.201904181610/tools/bin/../lib/gcc/arm-none-eabi/7.3.1/thumb/v7e-m/fpv5/hard/crtbegin.o
                0x000000000800cb0c                PROVIDE (__init_array_end = .)
                0x000000000800cb0c                . = ALIGN (0x4)

.fini_array     0x000000000800cb0c        0x4
                0x000000000800cb0c                . = ALIGN (0x4)
                [!provide]                        PROVIDE (__fini_array_start = .)
 *(SORT_BY_NAME(.fini_array.*))
 *(.fini_array*)
 .fini_array    0x000000000800cb0c        0x4 c:/st/stm32cubeide_1.1.0/stm32cubeide/plugins/com.st.stm32cube.ide.mcu.externaltools.gnu-tools-for-stm32.7-2018-q2-update.win32_1.0.0.201904181610/tools/bin/../lib/gcc/arm-none-eabi/7.3.1/thumb/v7e-m/fpv5/hard/crtbegin.o
                [!provide]                        PROVIDE (__fini_array_end = .)
                0x000000000800cb10                . = ALIGN (0x4)
                0x000000000800cb10                _sidata = LOADADDR (.data)

.data           0x0000000024000000       0x10 load address 0x000000000800cb10
                0x0000000024000000                . = ALIGN (0x4)
                0x0000000024000000                _sdata = .
 *(.data)
 *(.data*)
 .data.SystemCoreClock
                0x0000000024000000        0x4 Core/Src/system_stm32h7xx.o
                0x0000000024000000                SystemCoreClock
 .data.SystemD2Clock
                0x0000000024000004        0x4 Core/Src/system_stm32h7xx.o
                0x0000000024000004                SystemD2Clock
 .data.uwTickPrio
                0x0000000024000008        0x4 Drivers/STM32H7xx_HAL_Driver/Src/stm32h7xx_hal.o
                0x0000000024000008                uwTickPrio
 .data.uwTickFreq
                0x000000002400000c        0x1 Drivers/STM32H7xx_HAL_Driver/Src/stm32h7xx_hal.o
                0x000000002400000c                uwTickFreq
                0x0000000024000010                . = ALIGN (0x4)
 *fill*         0x000000002400000d        0x3 
                0x0000000024000010                _edata = .

.igot.plt       0x0000000024000010        0x0 load address 0x000000000800cb20
 .igot.plt      0x0000000024000010        0x0 c:/st/stm32cubeide_1.1.0/stm32cubeide/plugins/com.st.stm32cube.ide.mcu.externaltools.gnu-tools-for-stm32.7-2018-q2-update.win32_1.0.0.201904181610/tools/bin/../lib/gcc/arm-none-eabi/7.3.1/thumb/v7e-m/fpv5/hard/crtbegin.o
                0x0000000024000010                . = ALIGN (0x4)

.bss            0x0000000024000010      0x2c0 load address 0x000000000800cb20
                0x0000000024000010                _sbss = .
                0x0000000024000010                __bss_start__ = _sbss
 *(.bss)
 .bss           0x0000000024000010       0x1c c:/st/stm32cubeide_1.1.0/stm32cubeide/plugins/com.st.stm32cube.ide.mcu.externaltools.gnu-tools-for-stm32.7-2018-q2-update.win32_1.0.0.201904181610/tools/bin/../lib/gcc/arm-none-eabi/7.3.1/thumb/v7e-m/fpv5/hard/crtbegin.o
 *(.bss*)
 .bss.gpfIsr    0x000000002400002c        0x4 wifi/host_drv/bsp/source/nm_bsp.o
 .bss.g_hexti   0x0000000024000030        0x8 wifi/host_drv/bsp/source/nm_bsp.o
 .bss.g_ExtiConfig
                0x0000000024000038       0x14 wifi/host_drv/bsp/source/nm_bsp.o
 *(COMMON)
 COMMON         0x000000002400004c       0xc8 Core/Src/dcmi.o
                0x000000002400004c                hdma_dcmi
                0x00000000240000c4                hdcmi
 COMMON         0x0000000024000114       0x4c Core/Src/i2c.o
                0x0000000024000114                hi2c1
 COMMON         0x0000000024000160       0x58 Core/Src/jpeg.o
                0x0000000024000160                hjpeg
 COMMON         0x00000000240001b8       0x88 Core/Src/spi.o
                0x00000000240001b8                hspi2
 COMMON         0x0000000024000240       0x8c Core/Src/usart.o
                0x0000000024000240                huart2
 COMMON         0x00000000240002cc        0x4 Drivers/STM32H7xx_HAL_Driver/Src/stm32h7xx_hal.o
                0x00000000240002cc                uwTick
                0x00000000240002d0                . = ALIGN (0x4)
                0x00000000240002d0                _ebss = .
                0x00000000240002d0                __bss_end__ = _ebss

._user_heap_stack
                0x00000000240002d0      0x600 load address 0x000000000800cb20
                0x00000000240002d0                . = ALIGN (0x8)
                0x00000000240002d0                PROVIDE (end = .)
                [!provide]                        PROVIDE (_end = .)
                0x00000000240004d0                . = (. + _Min_Heap_Size)
 *fill*         0x00000000240002d0      0x200 
                0x00000000240008d0                . = (. + _Min_Stack_Size)
 *fill*         0x00000000240004d0      0x400 
                0x00000000240008d0                . = ALIGN (0x8)

/DISCARD/
 libc.a(*)
 libm.a(*)
 libgcc.a(*)

.ARM.attributes
                0x0000000000000000       0x2e
 *(.ARM.attributes)
 .ARM.attributes
                0x0000000000000000       0x20 c:/st/stm32cubeide_1.1.0/stm32cubeide/plugins/com.st.stm32cube.ide.mcu.externaltools.gnu-tools-for-stm32.7-2018-q2-update.win32_1.0.0.201904181610/tools/bin/../lib/gcc/arm-none-eabi/7.3.1/thumb/v7e-m/fpv5/hard/crti.o
 .ARM.attributes
                0x0000000000000020       0x32 c:/st/stm32cubeide_1.1.0/stm32cubeide/plugins/com.st.stm32cube.ide.mcu.externaltools.gnu-tools-for-stm32.7-2018-q2-update.win32_1.0.0.201904181610/tools/bin/../lib/gcc/arm-none-eabi/7.3.1/thumb/v7e-m/fpv5/hard/crtbegin.o
 .ARM.attributes
                0x0000000000000052       0x37 Core/Src/dcmi.o
 .ARM.attributes
                0x0000000000000089       0x37 Core/Src/dma.o
 .ARM.attributes
                0x00000000000000c0       0x37 Core/Src/gpio.o
 .ARM.attributes
                0x00000000000000f7       0x37 Core/Src/i2c.o
 .ARM.attributes
                0x000000000000012e       0x37 Core/Src/jpeg.o
 .ARM.attributes
                0x0000000000000165       0x37 Core/Src/main.o
 .ARM.attributes
                0x000000000000019c       0x37 Core/Src/spi.o
 .ARM.attributes
                0x00000000000001d3       0x37 Core/Src/stm32h7xx_hal_msp.o
 .ARM.attributes
                0x000000000000020a       0x37 Core/Src/stm32h7xx_it.o
 .ARM.attributes
                0x0000000000000241       0x37 Core/Src/system_stm32h7xx.o
 .ARM.attributes
                0x0000000000000278       0x37 Core/Src/usart.o
 .ARM.attributes
                0x00000000000002af       0x21 Core/Startup/startup_stm32h743vitx.o
 .ARM.attributes
                0x00000000000002d0       0x37 Drivers/STM32H7xx_HAL_Driver/Src/stm32h7xx_hal.o
 .ARM.attributes
                0x0000000000000307       0x37 Drivers/STM32H7xx_HAL_Driver/Src/stm32h7xx_hal_cortex.o
 .ARM.attributes
                0x000000000000033e       0x37 Drivers/STM32H7xx_HAL_Driver/Src/stm32h7xx_hal_dcmi.o
 .ARM.attributes
                0x0000000000000375       0x37 Drivers/STM32H7xx_HAL_Driver/Src/stm32h7xx_hal_dma.o
 .ARM.attributes
                0x00000000000003ac       0x37 Drivers/STM32H7xx_HAL_Driver/Src/stm32h7xx_hal_exti.o
 .ARM.attributes
                0x00000000000003e3       0x37 Drivers/STM32H7xx_HAL_Driver/Src/stm32h7xx_hal_gpio.o
 .ARM.attributes
                0x000000000000041a       0x37 Drivers/STM32H7xx_HAL_Driver/Src/stm32h7xx_hal_i2c.o
 .ARM.attributes
                0x0000000000000451       0x37 Drivers/STM32H7xx_HAL_Driver/Src/stm32h7xx_hal_i2c_ex.o
 .ARM.attributes
                0x0000000000000488       0x37 Drivers/STM32H7xx_HAL_Driver/Src/stm32h7xx_hal_jpeg.o
 .ARM.attributes
                0x00000000000004bf       0x37 Drivers/STM32H7xx_HAL_Driver/Src/stm32h7xx_hal_pwr_ex.o
 .ARM.attributes
                0x00000000000004f6       0x37 Drivers/STM32H7xx_HAL_Driver/Src/stm32h7xx_hal_rcc.o
 .ARM.attributes
                0x000000000000052d       0x37 Drivers/STM32H7xx_HAL_Driver/Src/stm32h7xx_hal_rcc_ex.o
 .ARM.attributes
                0x0000000000000564       0x37 Drivers/STM32H7xx_HAL_Driver/Src/stm32h7xx_hal_spi.o
 .ARM.attributes
                0x000000000000059b       0x37 Drivers/STM32H7xx_HAL_Driver/Src/stm32h7xx_hal_uart.o
 .ARM.attributes
                0x00000000000005d2       0x37 Drivers/STM32H7xx_HAL_Driver/Src/stm32h7xx_hal_uart_ex.o
 .ARM.attributes
                0x0000000000000609       0x37 wifi/host_drv/bsp/source/nm_bsp.o
 .ARM.attributes
                0x0000000000000640       0x32 c:/st/stm32cubeide_1.1.0/stm32cubeide/plugins/com.st.stm32cube.ide.mcu.externaltools.gnu-tools-for-stm32.7-2018-q2-update.win32_1.0.0.201904181610/tools/bin/../lib/gcc/arm-none-eabi/7.3.1/../../../../arm-none-eabi/lib/thumb/v7e-m/fpv5/hard\libc_nano.a(lib_a-init.o)
 .ARM.attributes
                0x0000000000000672       0x32 c:/st/stm32cubeide_1.1.0/stm32cubeide/plugins/com.st.stm32cube.ide.mcu.externaltools.gnu-tools-for-stm32.7-2018-q2-update.win32_1.0.0.201904181610/tools/bin/../lib/gcc/arm-none-eabi/7.3.1/../../../../arm-none-eabi/lib/thumb/v7e-m/fpv5/hard\libc_nano.a(lib_a-memset.o)
 .ARM.attributes
                0x00000000000006a4       0x20 c:/st/stm32cubeide_1.1.0/stm32cubeide/plugins/com.st.stm32cube.ide.mcu.externaltools.gnu-tools-for-stm32.7-2018-q2-update.win32_1.0.0.201904181610/tools/bin/../lib/gcc/arm-none-eabi/7.3.1/thumb/v7e-m/fpv5/hard\libgcc.a(_aeabi_uldivmod.o)
 .ARM.attributes
                0x00000000000006c4       0x32 c:/st/stm32cubeide_1.1.0/stm32cubeide/plugins/com.st.stm32cube.ide.mcu.externaltools.gnu-tools-for-stm32.7-2018-q2-update.win32_1.0.0.201904181610/tools/bin/../lib/gcc/arm-none-eabi/7.3.1/thumb/v7e-m/fpv5/hard\libgcc.a(_udivmoddi4.o)
 .ARM.attributes
                0x00000000000006f6       0x20 c:/st/stm32cubeide_1.1.0/stm32cubeide/plugins/com.st.stm32cube.ide.mcu.externaltools.gnu-tools-for-stm32.7-2018-q2-update.win32_1.0.0.201904181610/tools/bin/../lib/gcc/arm-none-eabi/7.3.1/thumb/v7e-m/fpv5/hard\libgcc.a(_dvmd_tls.o)
 .ARM.attributes
                0x0000000000000716       0x20 c:/st/stm32cubeide_1.1.0/stm32cubeide/plugins/com.st.stm32cube.ide.mcu.externaltools.gnu-tools-for-stm32.7-2018-q2-update.win32_1.0.0.201904181610/tools/bin/../lib/gcc/arm-none-eabi/7.3.1/thumb/v7e-m/fpv5/hard/crtn.o
OUTPUT(open-mv-camh7-drone.elf elf32-littlearm)

.debug_info     0x0000000000000000    0x28e07
 .debug_info    0x0000000000000000     0x197d Core/Src/dcmi.o
 .debug_info    0x000000000000197d     0x11d9 Core/Src/dma.o
 .debug_info    0x0000000000002b56     0x1393 Core/Src/gpio.o
 .debug_info    0x0000000000003ee9     0x158d Core/Src/i2c.o
 .debug_info    0x0000000000005476     0x15e5 Core/Src/jpeg.o
 .debug_info    0x0000000000006a5b     0x28b5 Core/Src/main.o
 .debug_info    0x0000000000009310     0x163d Core/Src/spi.o
 .debug_info    0x000000000000a94d      0xe53 Core/Src/stm32h7xx_hal_msp.o
 .debug_info    0x000000000000b7a0     0x10b6 Core/Src/stm32h7xx_it.o
 .debug_info    0x000000000000c856     0x1322 Core/Src/system_stm32h7xx.o
 .debug_info    0x000000000000db78     0x15dc Core/Src/usart.o
 .debug_info    0x000000000000f154       0x22 Core/Startup/startup_stm32h743vitx.o
 .debug_info    0x000000000000f176     0x1de0 Drivers/STM32H7xx_HAL_Driver/Src/stm32h7xx_hal.o
 .debug_info    0x0000000000010f56     0x1a8a Drivers/STM32H7xx_HAL_Driver/Src/stm32h7xx_hal_cortex.o
 .debug_info    0x00000000000129e0     0x147c Drivers/STM32H7xx_HAL_Driver/Src/stm32h7xx_hal_dcmi.o
 .debug_info    0x0000000000013e5c     0x14f6 Drivers/STM32H7xx_HAL_Driver/Src/stm32h7xx_hal_dma.o
 .debug_info    0x0000000000015352     0x12ff Drivers/STM32H7xx_HAL_Driver/Src/stm32h7xx_hal_exti.o
 .debug_info    0x0000000000016651     0x1640 Drivers/STM32H7xx_HAL_Driver/Src/stm32h7xx_hal_gpio.o
 .debug_info    0x0000000000017c91     0x2a0f Drivers/STM32H7xx_HAL_Driver/Src/stm32h7xx_hal_i2c.o
 .debug_info    0x000000000001a6a0     0x1714 Drivers/STM32H7xx_HAL_Driver/Src/stm32h7xx_hal_i2c_ex.o
 .debug_info    0x000000000001bdb4     0x2518 Drivers/STM32H7xx_HAL_Driver/Src/stm32h7xx_hal_jpeg.o
 .debug_info    0x000000000001e2cc     0x1746 Drivers/STM32H7xx_HAL_Driver/Src/stm32h7xx_hal_pwr_ex.o
 .debug_info    0x000000000001fa12     0x1760 Drivers/STM32H7xx_HAL_Driver/Src/stm32h7xx_hal_rcc.o
 .debug_info    0x0000000000021172     0x18cf Drivers/STM32H7xx_HAL_Driver/Src/stm32h7xx_hal_rcc_ex.o
 .debug_info    0x0000000000022a41     0x1d31 Drivers/STM32H7xx_HAL_Driver/Src/stm32h7xx_hal_spi.o
 .debug_info    0x0000000000024772     0x2478 Drivers/STM32H7xx_HAL_Driver/Src/stm32h7xx_hal_uart.o
 .debug_info    0x0000000000026bea     0x1483 Drivers/STM32H7xx_HAL_Driver/Src/stm32h7xx_hal_uart_ex.o
 .debug_info    0x000000000002806d      0xd9a wifi/host_drv/bsp/source/nm_bsp.o

.debug_abbrev   0x0000000000000000     0x4326
 .debug_abbrev  0x0000000000000000      0x244 Core/Src/dcmi.o
 .debug_abbrev  0x0000000000000244      0x1e5 Core/Src/dma.o
 .debug_abbrev  0x0000000000000429      0x1fd Core/Src/gpio.o
 .debug_abbrev  0x0000000000000626      0x233 Core/Src/i2c.o
 .debug_abbrev  0x0000000000000859      0x228 Core/Src/jpeg.o
 .debug_abbrev  0x0000000000000a81      0x27f Core/Src/main.o
 .debug_abbrev  0x0000000000000d00      0x233 Core/Src/spi.o
 .debug_abbrev  0x0000000000000f33      0x1e5 Core/Src/stm32h7xx_hal_msp.o
 .debug_abbrev  0x0000000000001118      0x1d6 Core/Src/stm32h7xx_it.o
 .debug_abbrev  0x00000000000012ee      0x21f Core/Src/system_stm32h7xx.o
 .debug_abbrev  0x000000000000150d      0x233 Core/Src/usart.o
 .debug_abbrev  0x0000000000001740       0x12 Core/Startup/startup_stm32h743vitx.o
 .debug_abbrev  0x0000000000001752      0x2c1 Drivers/STM32H7xx_HAL_Driver/Src/stm32h7xx_hal.o
 .debug_abbrev  0x0000000000001a13      0x3b5 Drivers/STM32H7xx_HAL_Driver/Src/stm32h7xx_hal_cortex.o
 .debug_abbrev  0x0000000000001dc8      0x28f Drivers/STM32H7xx_HAL_Driver/Src/stm32h7xx_hal_dcmi.o
 .debug_abbrev  0x0000000000002057      0x289 Drivers/STM32H7xx_HAL_Driver/Src/stm32h7xx_hal_dma.o
 .debug_abbrev  0x00000000000022e0      0x279 Drivers/STM32H7xx_HAL_Driver/Src/stm32h7xx_hal_exti.o
 .debug_abbrev  0x0000000000002559      0x28f Drivers/STM32H7xx_HAL_Driver/Src/stm32h7xx_hal_gpio.o
 .debug_abbrev  0x00000000000027e8      0x2ac Drivers/STM32H7xx_HAL_Driver/Src/stm32h7xx_hal_i2c.o
 .debug_abbrev  0x0000000000002a94      0x266 Drivers/STM32H7xx_HAL_Driver/Src/stm32h7xx_hal_i2c_ex.o
 .debug_abbrev  0x0000000000002cfa      0x2e2 Drivers/STM32H7xx_HAL_Driver/Src/stm32h7xx_hal_jpeg.o
 .debug_abbrev  0x0000000000002fdc      0x345 Drivers/STM32H7xx_HAL_Driver/Src/stm32h7xx_hal_pwr_ex.o
 .debug_abbrev  0x0000000000003321      0x2e2 Drivers/STM32H7xx_HAL_Driver/Src/stm32h7xx_hal_rcc.o
 .debug_abbrev  0x0000000000003603      0x2c3 Drivers/STM32H7xx_HAL_Driver/Src/stm32h7xx_hal_rcc_ex.o
 .debug_abbrev  0x00000000000038c6      0x2d5 Drivers/STM32H7xx_HAL_Driver/Src/stm32h7xx_hal_spi.o
 .debug_abbrev  0x0000000000003b9b      0x2ae Drivers/STM32H7xx_HAL_Driver/Src/stm32h7xx_hal_uart.o
 .debug_abbrev  0x0000000000003e49      0x287 Drivers/STM32H7xx_HAL_Driver/Src/stm32h7xx_hal_uart_ex.o
 .debug_abbrev  0x00000000000040d0      0x256 wifi/host_drv/bsp/source/nm_bsp.o

.debug_aranges  0x0000000000000000     0x1340
 .debug_aranges
                0x0000000000000000       0x30 Core/Src/dcmi.o
 .debug_aranges
                0x0000000000000030       0x20 Core/Src/dma.o
 .debug_aranges
                0x0000000000000050       0x20 Core/Src/gpio.o
 .debug_aranges
                0x0000000000000070       0x30 Core/Src/i2c.o
 .debug_aranges
                0x00000000000000a0       0x30 Core/Src/jpeg.o
 .debug_aranges
                0x00000000000000d0       0x48 Core/Src/main.o
 .debug_aranges
                0x0000000000000118       0x30 Core/Src/spi.o
 .debug_aranges
                0x0000000000000148       0x20 Core/Src/stm32h7xx_hal_msp.o
 .debug_aranges
                0x0000000000000168       0x78 Core/Src/stm32h7xx_it.o
 .debug_aranges
                0x00000000000001e0       0x28 Core/Src/system_stm32h7xx.o
 .debug_aranges
                0x0000000000000208       0x30 Core/Src/usart.o
 .debug_aranges
                0x0000000000000238       0x28 Core/Startup/startup_stm32h743vitx.o
 .debug_aranges
                0x0000000000000260      0x1b8 Drivers/STM32H7xx_HAL_Driver/Src/stm32h7xx_hal.o
 .debug_aranges
                0x0000000000000418      0x120 Drivers/STM32H7xx_HAL_Driver/Src/stm32h7xx_hal_cortex.o
 .debug_aranges
                0x0000000000000538       0xb8 Drivers/STM32H7xx_HAL_Driver/Src/stm32h7xx_hal_dcmi.o
 .debug_aranges
                0x00000000000005f0       0xa0 Drivers/STM32H7xx_HAL_Driver/Src/stm32h7xx_hal_dma.o
 .debug_aranges
                0x0000000000000690       0x60 Drivers/STM32H7xx_HAL_Driver/Src/stm32h7xx_hal_exti.o
 .debug_aranges
                0x00000000000006f0       0x58 Drivers/STM32H7xx_HAL_Driver/Src/stm32h7xx_hal_gpio.o
 .debug_aranges
                0x0000000000000748      0x288 Drivers/STM32H7xx_HAL_Driver/Src/stm32h7xx_hal_i2c.o
 .debug_aranges
                0x00000000000009d0       0x48 Drivers/STM32H7xx_HAL_Driver/Src/stm32h7xx_hal_i2c_ex.o
 .debug_aranges
                0x0000000000000a18      0x1c0 Drivers/STM32H7xx_HAL_Driver/Src/stm32h7xx_hal_jpeg.o
 .debug_aranges
                0x0000000000000bd8      0x158 Drivers/STM32H7xx_HAL_Driver/Src/stm32h7xx_hal_pwr_ex.o
 .debug_aranges
                0x0000000000000d30       0x88 Drivers/STM32H7xx_HAL_Driver/Src/stm32h7xx_hal_rcc.o
 .debug_aranges
                0x0000000000000db8       0xe0 Drivers/STM32H7xx_HAL_Driver/Src/stm32h7xx_hal_rcc_ex.o
 .debug_aranges
                0x0000000000000e98      0x1a0 Drivers/STM32H7xx_HAL_Driver/Src/stm32h7xx_hal_spi.o
 .debug_aranges
                0x0000000000001038      0x230 Drivers/STM32H7xx_HAL_Driver/Src/stm32h7xx_hal_uart.o
 .debug_aranges
                0x0000000000001268       0x88 Drivers/STM32H7xx_HAL_Driver/Src/stm32h7xx_hal_uart_ex.o
 .debug_aranges
                0x00000000000012f0       0x50 wifi/host_drv/bsp/source/nm_bsp.o

.debug_ranges   0x0000000000000000     0x1188
 .debug_ranges  0x0000000000000000       0x20 Core/Src/dcmi.o
 .debug_ranges  0x0000000000000020       0x10 Core/Src/dma.o
 .debug_ranges  0x0000000000000030       0x10 Core/Src/gpio.o
 .debug_ranges  0x0000000000000040       0x20 Core/Src/i2c.o
 .debug_ranges  0x0000000000000060       0x20 Core/Src/jpeg.o
 .debug_ranges  0x0000000000000080       0x38 Core/Src/main.o
 .debug_ranges  0x00000000000000b8       0x20 Core/Src/spi.o
 .debug_ranges  0x00000000000000d8       0x10 Core/Src/stm32h7xx_hal_msp.o
 .debug_ranges  0x00000000000000e8       0x68 Core/Src/stm32h7xx_it.o
 .debug_ranges  0x0000000000000150       0x18 Core/Src/system_stm32h7xx.o
 .debug_ranges  0x0000000000000168       0x20 Core/Src/usart.o
 .debug_ranges  0x0000000000000188       0x20 Core/Startup/startup_stm32h743vitx.o
 .debug_ranges  0x00000000000001a8      0x1a8 Drivers/STM32H7xx_HAL_Driver/Src/stm32h7xx_hal.o
 .debug_ranges  0x0000000000000350      0x110 Drivers/STM32H7xx_HAL_Driver/Src/stm32h7xx_hal_cortex.o
 .debug_ranges  0x0000000000000460       0xa8 Drivers/STM32H7xx_HAL_Driver/Src/stm32h7xx_hal_dcmi.o
 .debug_ranges  0x0000000000000508       0x90 Drivers/STM32H7xx_HAL_Driver/Src/stm32h7xx_hal_dma.o
 .debug_ranges  0x0000000000000598       0x50 Drivers/STM32H7xx_HAL_Driver/Src/stm32h7xx_hal_exti.o
 .debug_ranges  0x00000000000005e8       0x48 Drivers/STM32H7xx_HAL_Driver/Src/stm32h7xx_hal_gpio.o
 .debug_ranges  0x0000000000000630      0x278 Drivers/STM32H7xx_HAL_Driver/Src/stm32h7xx_hal_i2c.o
 .debug_ranges  0x00000000000008a8       0x38 Drivers/STM32H7xx_HAL_Driver/Src/stm32h7xx_hal_i2c_ex.o
 .debug_ranges  0x00000000000008e0      0x1b0 Drivers/STM32H7xx_HAL_Driver/Src/stm32h7xx_hal_jpeg.o
 .debug_ranges  0x0000000000000a90      0x148 Drivers/STM32H7xx_HAL_Driver/Src/stm32h7xx_hal_pwr_ex.o
 .debug_ranges  0x0000000000000bd8       0x78 Drivers/STM32H7xx_HAL_Driver/Src/stm32h7xx_hal_rcc.o
 .debug_ranges  0x0000000000000c50       0xd0 Drivers/STM32H7xx_HAL_Driver/Src/stm32h7xx_hal_rcc_ex.o
 .debug_ranges  0x0000000000000d20      0x190 Drivers/STM32H7xx_HAL_Driver/Src/stm32h7xx_hal_spi.o
 .debug_ranges  0x0000000000000eb0      0x220 Drivers/STM32H7xx_HAL_Driver/Src/stm32h7xx_hal_uart.o
 .debug_ranges  0x00000000000010d0       0x78 Drivers/STM32H7xx_HAL_Driver/Src/stm32h7xx_hal_uart_ex.o
 .debug_ranges  0x0000000000001148       0x40 wifi/host_drv/bsp/source/nm_bsp.o

.debug_macro    0x0000000000000000    0x37fa5
 .debug_macro   0x0000000000000000      0x2c8 Core/Src/dcmi.o
 .debug_macro   0x00000000000002c8      0xa66 Core/Src/dcmi.o
 .debug_macro   0x0000000000000d2e      0x1ee Core/Src/dcmi.o
 .debug_macro   0x0000000000000f1c       0x2e Core/Src/dcmi.o
 .debug_macro   0x0000000000000f4a       0x3b Core/Src/dcmi.o
 .debug_macro   0x0000000000000f85       0x22 Core/Src/dcmi.o
 .debug_macro   0x0000000000000fa7       0x8e Core/Src/dcmi.o
 .debug_macro   0x0000000000001035       0x51 Core/Src/dcmi.o
 .debug_macro   0x0000000000001086       0xef Core/Src/dcmi.o
 .debug_macro   0x0000000000001175       0x6a Core/Src/dcmi.o
 .debug_macro   0x00000000000011df      0x1df Core/Src/dcmi.o
 .debug_macro   0x00000000000013be       0x1c Core/Src/dcmi.o
 .debug_macro   0x00000000000013da       0x22 Core/Src/dcmi.o
 .debug_macro   0x00000000000013fc       0xdf Core/Src/dcmi.o
 .debug_macro   0x00000000000014db     0x12cd Core/Src/dcmi.o
 .debug_macro   0x00000000000027a8      0x11f Core/Src/dcmi.o
 .debug_macro   0x00000000000028c7       0x19 Core/Src/dcmi.o
 .debug_macro   0x00000000000028e0    0x250ca Core/Src/dcmi.o
 .debug_macro   0x00000000000279aa       0x43 Core/Src/dcmi.o
 .debug_macro   0x00000000000279ed     0x3bd7 Core/Src/dcmi.o
 .debug_macro   0x000000000002b5c4      0x174 Core/Src/dcmi.o
 .debug_macro   0x000000000002b738       0x46 Core/Src/dcmi.o
 .debug_macro   0x000000000002b77e       0x17 Core/Src/dcmi.o
 .debug_macro   0x000000000002b795       0x3c Core/Src/dcmi.o
 .debug_macro   0x000000000002b7d1       0x34 Core/Src/dcmi.o
 .debug_macro   0x000000000002b805       0x52 Core/Src/dcmi.o
 .debug_macro   0x000000000002b857       0x1f Core/Src/dcmi.o
 .debug_macro   0x000000000002b876       0x43 Core/Src/dcmi.o
 .debug_macro   0x000000000002b8b9       0x20 Core/Src/dcmi.o
 .debug_macro   0x000000000002b8d9      0x1a3 Core/Src/dcmi.o
 .debug_macro   0x000000000002ba7c      0x32a Core/Src/dcmi.o
 .debug_macro   0x000000000002bda6      0x1e1 Core/Src/dcmi.o
 .debug_macro   0x000000000002bf87       0x54 Core/Src/dcmi.o
 .debug_macro   0x000000000002bfdb     0x23dd Core/Src/dcmi.o
 .debug_macro   0x000000000002e3b8      0xf3e Core/Src/dcmi.o
 .debug_macro   0x000000000002f2f6      0x146 Core/Src/dcmi.o
 .debug_macro   0x000000000002f43c      0x117 Core/Src/dcmi.o
 .debug_macro   0x000000000002f553      0x362 Core/Src/dcmi.o
 .debug_macro   0x000000000002f8b5       0x27 Core/Src/dcmi.o
 .debug_macro   0x000000000002f8dc      0x72d Core/Src/dcmi.o
 .debug_macro   0x0000000000030009      0x229 Core/Src/dcmi.o
 .debug_macro   0x0000000000030232       0x66 Core/Src/dcmi.o
 .debug_macro   0x0000000000030298      0x39f Core/Src/dcmi.o
 .debug_macro   0x0000000000030637      0x22c Core/Src/dcmi.o
 .debug_macro   0x0000000000030863      0x3e5 Core/Src/dcmi.o
 .debug_macro   0x0000000000030c48      0x275 Core/Src/dcmi.o
 .debug_macro   0x0000000000030ebd      0x3c6 Core/Src/dcmi.o
 .debug_macro   0x0000000000031283      0x40f Core/Src/dcmi.o
 .debug_macro   0x0000000000031692       0x51 Core/Src/dcmi.o
 .debug_macro   0x00000000000316e3       0x4a Core/Src/dcmi.o
 .debug_macro   0x000000000003172d      0x22c Core/Src/dcmi.o
 .debug_macro   0x0000000000031959       0x58 Core/Src/dcmi.o
 .debug_macro   0x00000000000319b1       0xa5 Core/Src/dcmi.o
 .debug_macro   0x0000000000031a56      0x137 Core/Src/dcmi.o
 .debug_macro   0x0000000000031b8d      0x165 Core/Src/dcmi.o
 .debug_macro   0x0000000000031cf2      0x246 Core/Src/dcmi.o
 .debug_macro   0x0000000000031f38       0x35 Core/Src/dcmi.o
 .debug_macro   0x0000000000031f6d      0x5dd Core/Src/dcmi.o
 .debug_macro   0x000000000003254a       0x9e Core/Src/dcmi.o
 .debug_macro   0x00000000000325e8      0x662 Core/Src/dcmi.o
 .debug_macro   0x0000000000032c4a       0xa6 Core/Src/dcmi.o
 .debug_macro   0x0000000000032cf0      0x57c Core/Src/dcmi.o
 .debug_macro   0x000000000003326c      0x2c8 Core/Src/dma.o
 .debug_macro   0x0000000000033534      0x2cd Core/Src/gpio.o
 .debug_macro   0x0000000000033801       0x52 Core/Src/gpio.o
 .debug_macro   0x0000000000033853      0x2c8 Core/Src/i2c.o
 .debug_macro   0x0000000000033b1b      0x2c8 Core/Src/jpeg.o
 .debug_macro   0x0000000000033de3      0x310 Core/Src/main.o
 .debug_macro   0x00000000000340f3       0x58 Core/Src/main.o
 .debug_macro   0x000000000003414b       0x2a Core/Src/main.o
 .debug_macro   0x0000000000034175      0x2c8 Core/Src/spi.o
 .debug_macro   0x000000000003443d      0x2be Core/Src/stm32h7xx_hal_msp.o
 .debug_macro   0x00000000000346fb      0x2c8 Core/Src/stm32h7xx_it.o
 .debug_macro   0x00000000000349c3      0x2ba Core/Src/system_stm32h7xx.o
 .debug_macro   0x0000000000034c7d      0x2c8 Core/Src/usart.o
 .debug_macro   0x0000000000034f45      0x2de Drivers/STM32H7xx_HAL_Driver/Src/stm32h7xx_hal.o
 .debug_macro   0x0000000000035223      0x2b4 Drivers/STM32H7xx_HAL_Driver/Src/stm32h7xx_hal_cortex.o
 .debug_macro   0x00000000000354d7      0x2bb Drivers/STM32H7xx_HAL_Driver/Src/stm32h7xx_hal_dcmi.o
 .debug_macro   0x0000000000035792      0x301 Drivers/STM32H7xx_HAL_Driver/Src/stm32h7xx_hal_dma.o
 .debug_macro   0x0000000000035a93      0x2c2 Drivers/STM32H7xx_HAL_Driver/Src/stm32h7xx_hal_exti.o
 .debug_macro   0x0000000000035d55      0x2f0 Drivers/STM32H7xx_HAL_Driver/Src/stm32h7xx_hal_gpio.o
 .debug_macro   0x0000000000036045      0x379 Drivers/STM32H7xx_HAL_Driver/Src/stm32h7xx_hal_i2c.o
 .debug_macro   0x00000000000363be      0x2b4 Drivers/STM32H7xx_HAL_Driver/Src/stm32h7xx_hal_i2c_ex.o
 .debug_macro   0x0000000000036672      0x341 Drivers/STM32H7xx_HAL_Driver/Src/stm32h7xx_hal_jpeg.o
 .debug_macro   0x00000000000369b3      0x2e4 Drivers/STM32H7xx_HAL_Driver/Src/stm32h7xx_hal_pwr_ex.o
 .debug_macro   0x0000000000036c97      0x2d8 Drivers/STM32H7xx_HAL_Driver/Src/stm32h7xx_hal_rcc.o
 .debug_macro   0x0000000000036f6f      0x2d2 Drivers/STM32H7xx_HAL_Driver/Src/stm32h7xx_hal_rcc_ex.o
 .debug_macro   0x0000000000037241      0x2bc Drivers/STM32H7xx_HAL_Driver/Src/stm32h7xx_hal_spi.o
 .debug_macro   0x00000000000374fd      0x2df Drivers/STM32H7xx_HAL_Driver/Src/stm32h7xx_hal_uart.o
 .debug_macro   0x00000000000377dc      0x2c0 Drivers/STM32H7xx_HAL_Driver/Src/stm32h7xx_hal_uart_ex.o
 .debug_macro   0x0000000000037a9c      0x2f8 wifi/host_drv/bsp/source/nm_bsp.o
 .debug_macro   0x0000000000037d94       0x30 wifi/host_drv/bsp/source/nm_bsp.o
 .debug_macro   0x0000000000037dc4       0x4c wifi/host_drv/bsp/source/nm_bsp.o
 .debug_macro   0x0000000000037e10      0x195 wifi/host_drv/bsp/source/nm_bsp.o

.debug_line     0x0000000000000000    0x181f5
 .debug_line    0x0000000000000000      0x8db Core/Src/dcmi.o
 .debug_line    0x00000000000008db      0x873 Core/Src/dma.o
 .debug_line    0x000000000000114e      0x8a5 Core/Src/gpio.o
 .debug_line    0x00000000000019f3      0x8ad Core/Src/i2c.o
 .debug_line    0x00000000000022a0      0x899 Core/Src/jpeg.o
 .debug_line    0x0000000000002b39      0x9c2 Core/Src/main.o
 .debug_line    0x00000000000034fb      0x8b6 Core/Src/spi.o
 .debug_line    0x0000000000003db1      0x877 Core/Src/stm32h7xx_hal_msp.o
 .debug_line    0x0000000000004628      0x952 Core/Src/stm32h7xx_it.o
 .debug_line    0x0000000000004f7a      0x8b8 Core/Src/system_stm32h7xx.o
 .debug_line    0x0000000000005832      0x8b6 Core/Src/usart.o
 .debug_line    0x00000000000060e8       0x85 Core/Startup/startup_stm32h743vitx.o
 .debug_line    0x000000000000616d     0x1201 Drivers/STM32H7xx_HAL_Driver/Src/stm32h7xx_hal.o
 .debug_line    0x000000000000736e      0xd95 Drivers/STM32H7xx_HAL_Driver/Src/stm32h7xx_hal_cortex.o
 .debug_line    0x0000000000008103      0xc26 Drivers/STM32H7xx_HAL_Driver/Src/stm32h7xx_hal_dcmi.o
 .debug_line    0x0000000000008d29     0x1a58 Drivers/STM32H7xx_HAL_Driver/Src/stm32h7xx_hal_dma.o
 .debug_line    0x000000000000a781      0xba3 Drivers/STM32H7xx_HAL_Driver/Src/stm32h7xx_hal_exti.o
 .debug_line    0x000000000000b324      0xc2a Drivers/STM32H7xx_HAL_Driver/Src/stm32h7xx_hal_gpio.o
 .debug_line    0x000000000000bf4e     0x2100 Drivers/STM32H7xx_HAL_Driver/Src/stm32h7xx_hal_i2c.o
 .debug_line    0x000000000000e04e      0xa83 Drivers/STM32H7xx_HAL_Driver/Src/stm32h7xx_hal_i2c_ex.o
 .debug_line    0x000000000000ead1     0x1415 Drivers/STM32H7xx_HAL_Driver/Src/stm32h7xx_hal_jpeg.o
 .debug_line    0x000000000000fee6      0xe20 Drivers/STM32H7xx_HAL_Driver/Src/stm32h7xx_hal_pwr_ex.o
 .debug_line    0x0000000000010d06      0xf78 Drivers/STM32H7xx_HAL_Driver/Src/stm32h7xx_hal_rcc.o
 .debug_line    0x0000000000011c7e     0x1173 Drivers/STM32H7xx_HAL_Driver/Src/stm32h7xx_hal_rcc_ex.o
 .debug_line    0x0000000000012df1     0x1529 Drivers/STM32H7xx_HAL_Driver/Src/stm32h7xx_hal_spi.o
 .debug_line    0x000000000001431a     0x283e Drivers/STM32H7xx_HAL_Driver/Src/stm32h7xx_hal_uart.o
 .debug_line    0x0000000000016b58      0xc7a Drivers/STM32H7xx_HAL_Driver/Src/stm32h7xx_hal_uart_ex.o
 .debug_line    0x00000000000177d2      0xa23 wifi/host_drv/bsp/source/nm_bsp.o

.debug_str      0x0000000000000000   0x15a8c2
 .debug_str     0x0000000000000000   0x153632 Core/Src/dcmi.o
                                     0x153c3b (size before relaxing)
 .debug_str     0x0000000000153632       0x27 Core/Src/dma.o
                                     0x15364c (size before relaxing)
 .debug_str     0x0000000000153659      0x194 Core/Src/gpio.o
                                     0x15383a (size before relaxing)
 .debug_str     0x00000000001537ed      0x2c8 Core/Src/i2c.o
                                     0x153489 (size before relaxing)
 .debug_str     0x0000000000153ab5      0x55f Core/Src/jpeg.o
                                     0x15341c (size before relaxing)
 .debug_str     0x0000000000154014      0xa0a Core/Src/main.o
                                     0x15457c (size before relaxing)
 .debug_str     0x0000000000154a1e       0x4b Core/Src/spi.o
                                     0x15349f (size before relaxing)
 .debug_str     0x0000000000154a69       0x2c Core/Src/stm32h7xx_hal_msp.o
                                     0x152e34 (size before relaxing)
 .debug_str     0x0000000000154a95       0xea Core/Src/stm32h7xx_it.o
                                     0x1531e5 (size before relaxing)
 .debug_str     0x0000000000154b7f      0x1e7 Core/Src/system_stm32h7xx.o
                                     0x152fee (size before relaxing)
 .debug_str     0x0000000000154d66       0x57 Core/Src/usart.o
                                     0x153409 (size before relaxing)
 .debug_str     0x0000000000154dbd       0x36 Core/Startup/startup_stm32h743vitx.o
                                         0x86 (size before relaxing)
 .debug_str     0x0000000000154df3      0x7cb Drivers/STM32H7xx_HAL_Driver/Src/stm32h7xx_hal.o
                                     0x153faf (size before relaxing)
 .debug_str     0x00000000001555be      0x3a1 Drivers/STM32H7xx_HAL_Driver/Src/stm32h7xx_hal_cortex.o
                                     0x153a6f (size before relaxing)
 .debug_str     0x000000000015595f      0x1cd Drivers/STM32H7xx_HAL_Driver/Src/stm32h7xx_hal_dcmi.o
                                     0x15335f (size before relaxing)
 .debug_str     0x0000000000155b2c      0x6df Drivers/STM32H7xx_HAL_Driver/Src/stm32h7xx_hal_dma.o
                                     0x15363e (size before relaxing)
 .debug_str     0x000000000015620b      0x1f8 Drivers/STM32H7xx_HAL_Driver/Src/stm32h7xx_hal_exti.o
                                     0x152f78 (size before relaxing)
 .debug_str     0x0000000000156403      0x1df Drivers/STM32H7xx_HAL_Driver/Src/stm32h7xx_hal_gpio.o
                                     0x1531f3 (size before relaxing)
 .debug_str     0x00000000001565e2      0xcf5 Drivers/STM32H7xx_HAL_Driver/Src/stm32h7xx_hal_i2c.o
                                     0x15403a (size before relaxing)
 .debug_str     0x00000000001572d7       0xb8 Drivers/STM32H7xx_HAL_Driver/Src/stm32h7xx_hal_i2c_ex.o
                                     0x15352e (size before relaxing)
 .debug_str     0x000000000015738f      0xbdb Drivers/STM32H7xx_HAL_Driver/Src/stm32h7xx_hal_jpeg.o
                                     0x153ddb (size before relaxing)
 .debug_str     0x0000000000157f6a      0x67f Drivers/STM32H7xx_HAL_Driver/Src/stm32h7xx_hal_pwr_ex.o
                                     0x153591 (size before relaxing)
 .debug_str     0x00000000001585e9      0x36e Drivers/STM32H7xx_HAL_Driver/Src/stm32h7xx_hal_rcc.o
                                     0x153450 (size before relaxing)
 .debug_str     0x0000000000158957      0x603 Drivers/STM32H7xx_HAL_Driver/Src/stm32h7xx_hal_rcc_ex.o
                                     0x153827 (size before relaxing)
 .debug_str     0x0000000000158f5a      0x4e3 Drivers/STM32H7xx_HAL_Driver/Src/stm32h7xx_hal_spi.o
                                     0x153723 (size before relaxing)
 .debug_str     0x000000000015943d      0x93a Drivers/STM32H7xx_HAL_Driver/Src/stm32h7xx_hal_uart.o
                                     0x153daa (size before relaxing)
 .debug_str     0x0000000000159d77      0x28d Drivers/STM32H7xx_HAL_Driver/Src/stm32h7xx_hal_uart_ex.o
                                     0x1533f2 (size before relaxing)
 .debug_str     0x000000000015a004      0x8be wifi/host_drv/bsp/source/nm_bsp.o
                                     0x153787 (size before relaxing)

.comment        0x0000000000000000       0x7b
 .comment       0x0000000000000000       0x7b Core/Src/dcmi.o
                                         0x7c (size before relaxing)
 .comment       0x000000000000007b       0x7c Core/Src/dma.o
 .comment       0x000000000000007b       0x7c Core/Src/gpio.o
 .comment       0x000000000000007b       0x7c Core/Src/i2c.o
 .comment       0x000000000000007b       0x7c Core/Src/jpeg.o
 .comment       0x000000000000007b       0x7c Core/Src/main.o
 .comment       0x000000000000007b       0x7c Core/Src/spi.o
 .comment       0x000000000000007b       0x7c Core/Src/stm32h7xx_hal_msp.o
 .comment       0x000000000000007b       0x7c Core/Src/stm32h7xx_it.o
 .comment       0x000000000000007b       0x7c Core/Src/system_stm32h7xx.o
 .comment       0x000000000000007b       0x7c Core/Src/usart.o
 .comment       0x000000000000007b       0x7c Drivers/STM32H7xx_HAL_Driver/Src/stm32h7xx_hal.o
 .comment       0x000000000000007b       0x7c Drivers/STM32H7xx_HAL_Driver/Src/stm32h7xx_hal_cortex.o
 .comment       0x000000000000007b       0x7c Drivers/STM32H7xx_HAL_Driver/Src/stm32h7xx_hal_dcmi.o
 .comment       0x000000000000007b       0x7c Drivers/STM32H7xx_HAL_Driver/Src/stm32h7xx_hal_dma.o
 .comment       0x000000000000007b       0x7c Drivers/STM32H7xx_HAL_Driver/Src/stm32h7xx_hal_exti.o
 .comment       0x000000000000007b       0x7c Drivers/STM32H7xx_HAL_Driver/Src/stm32h7xx_hal_gpio.o
 .comment       0x000000000000007b       0x7c Drivers/STM32H7xx_HAL_Driver/Src/stm32h7xx_hal_i2c.o
 .comment       0x000000000000007b       0x7c Drivers/STM32H7xx_HAL_Driver/Src/stm32h7xx_hal_i2c_ex.o
 .comment       0x000000000000007b       0x7c Drivers/STM32H7xx_HAL_Driver/Src/stm32h7xx_hal_jpeg.o
 .comment       0x000000000000007b       0x7c Drivers/STM32H7xx_HAL_Driver/Src/stm32h7xx_hal_pwr_ex.o
 .comment       0x000000000000007b       0x7c Drivers/STM32H7xx_HAL_Driver/Src/stm32h7xx_hal_rcc.o
 .comment       0x000000000000007b       0x7c Drivers/STM32H7xx_HAL_Driver/Src/stm32h7xx_hal_rcc_ex.o
 .comment       0x000000000000007b       0x7c Drivers/STM32H7xx_HAL_Driver/Src/stm32h7xx_hal_spi.o
 .comment       0x000000000000007b       0x7c Drivers/STM32H7xx_HAL_Driver/Src/stm32h7xx_hal_uart.o
 .comment       0x000000000000007b       0x7c Drivers/STM32H7xx_HAL_Driver/Src/stm32h7xx_hal_uart_ex.o
 .comment       0x000000000000007b       0x7c wifi/host_drv/bsp/source/nm_bsp.o

.debug_frame    0x0000000000000000     0x4e40
 .debug_frame   0x0000000000000000       0x74 Core/Src/dcmi.o
 .debug_frame   0x0000000000000074       0x34 Core/Src/dma.o
 .debug_frame   0x00000000000000a8       0x34 Core/Src/gpio.o
 .debug_frame   0x00000000000000dc       0x74 Core/Src/i2c.o
 .debug_frame   0x0000000000000150       0x7c Core/Src/jpeg.o
 .debug_frame   0x00000000000001cc       0xe0 Core/Src/main.o
 .debug_frame   0x00000000000002ac       0x74 Core/Src/spi.o
 .debug_frame   0x0000000000000320       0x38 Core/Src/stm32h7xx_hal_msp.o
 .debug_frame   0x0000000000000358      0x160 Core/Src/stm32h7xx_it.o
 .debug_frame   0x00000000000004b8       0x58 Core/Src/system_stm32h7xx.o
 .debug_frame   0x0000000000000510       0x74 Core/Src/usart.o
 .debug_frame   0x0000000000000584      0x6d8 Drivers/STM32H7xx_HAL_Driver/Src/stm32h7xx_hal.o
 .debug_frame   0x0000000000000c5c      0x4b4 Drivers/STM32H7xx_HAL_Driver/Src/stm32h7xx_hal_cortex.o
 .debug_frame   0x0000000000001110      0x320 Drivers/STM32H7xx_HAL_Driver/Src/stm32h7xx_hal_dcmi.o
 .debug_frame   0x0000000000001430      0x2b8 Drivers/STM32H7xx_HAL_Driver/Src/stm32h7xx_hal_dma.o
 .debug_frame   0x00000000000016e8      0x160 Drivers/STM32H7xx_HAL_Driver/Src/stm32h7xx_hal_exti.o
 .debug_frame   0x0000000000001848      0x13c Drivers/STM32H7xx_HAL_Driver/Src/stm32h7xx_hal_gpio.o
 .debug_frame   0x0000000000001984      0xbcc Drivers/STM32H7xx_HAL_Driver/Src/stm32h7xx_hal_i2c.o
 .debug_frame   0x0000000000002550       0xe8 Drivers/STM32H7xx_HAL_Driver/Src/stm32h7xx_hal_i2c_ex.o
 .debug_frame   0x0000000000002638      0x804 Drivers/STM32H7xx_HAL_Driver/Src/stm32h7xx_hal_jpeg.o
 .debug_frame   0x0000000000002e3c      0x558 Drivers/STM32H7xx_HAL_Driver/Src/stm32h7xx_hal_pwr_ex.o
 .debug_frame   0x0000000000003394      0x1ec Drivers/STM32H7xx_HAL_Driver/Src/stm32h7xx_hal_rcc.o
 .debug_frame   0x0000000000003580      0x388 Drivers/STM32H7xx_HAL_Driver/Src/stm32h7xx_hal_rcc_ex.o
 .debug_frame   0x0000000000003908      0x774 Drivers/STM32H7xx_HAL_Driver/Src/stm32h7xx_hal_spi.o
 .debug_frame   0x000000000000407c      0xa04 Drivers/STM32H7xx_HAL_Driver/Src/stm32h7xx_hal_uart.o
 .debug_frame   0x0000000000004a80      0x224 Drivers/STM32H7xx_HAL_Driver/Src/stm32h7xx_hal_uart_ex.o
 .debug_frame   0x0000000000004ca4       0xf0 wifi/host_drv/bsp/source/nm_bsp.o
 .debug_frame   0x0000000000004d94       0x2c c:/st/stm32cubeide_1.1.0/stm32cubeide/plugins/com.st.stm32cube.ide.mcu.externaltools.gnu-tools-for-stm32.7-2018-q2-update.win32_1.0.0.201904181610/tools/bin/../lib/gcc/arm-none-eabi/7.3.1/../../../../arm-none-eabi/lib/thumb/v7e-m/fpv5/hard\libc_nano.a(lib_a-init.o)
 .debug_frame   0x0000000000004dc0       0x20 c:/st/stm32cubeide_1.1.0/stm32cubeide/plugins/com.st.stm32cube.ide.mcu.externaltools.gnu-tools-for-stm32.7-2018-q2-update.win32_1.0.0.201904181610/tools/bin/../lib/gcc/arm-none-eabi/7.3.1/../../../../arm-none-eabi/lib/thumb/v7e-m/fpv5/hard\libc_nano.a(lib_a-memset.o)
 .debug_frame   0x0000000000004de0       0x2c c:/st/stm32cubeide_1.1.0/stm32cubeide/plugins/com.st.stm32cube.ide.mcu.externaltools.gnu-tools-for-stm32.7-2018-q2-update.win32_1.0.0.201904181610/tools/bin/../lib/gcc/arm-none-eabi/7.3.1/thumb/v7e-m/fpv5/hard\libgcc.a(_aeabi_uldivmod.o)
 .debug_frame   0x0000000000004e0c       0x34 c:/st/stm32cubeide_1.1.0/stm32cubeide/plugins/com.st.stm32cube.ide.mcu.externaltools.gnu-tools-for-stm32.7-2018-q2-update.win32_1.0.0.201904181610/tools/bin/../lib/gcc/arm-none-eabi/7.3.1/thumb/v7e-m/fpv5/hard\libgcc.a(_udivmoddi4.o)
