Archive member included to satisfy reference by file (symbol)

c:/st/stm32cubeide_1.1.0/stm32cubeide/plugins/com.st.stm32cube.ide.mcu.externaltools.gnu-tools-for-stm32.7-2018-q2-update.win32_1.0.0.201904181610/tools/bin/../lib/gcc/arm-none-eabi/7.3.1/../../../../arm-none-eabi/lib/thumb/v7e-m/fpv5/hard\libc_nano.a(lib_a-errno.o)
                              Core/Src/syscalls.o (__errno)
c:/st/stm32cubeide_1.1.0/stm32cubeide/plugins/com.st.stm32cube.ide.mcu.externaltools.gnu-tools-for-stm32.7-2018-q2-update.win32_1.0.0.201904181610/tools/bin/../lib/gcc/arm-none-eabi/7.3.1/../../../../arm-none-eabi/lib/thumb/v7e-m/fpv5/hard\libc_nano.a(lib_a-exit.o)
                              c:/st/stm32cubeide_1.1.0/stm32cubeide/plugins/com.st.stm32cube.ide.mcu.externaltools.gnu-tools-for-stm32.7-2018-q2-update.win32_1.0.0.201904181610/tools/bin/../lib/gcc/arm-none-eabi/7.3.1/../../../../arm-none-eabi/lib/thumb/v7e-m/fpv5/hard/crt0.o (exit)
c:/st/stm32cubeide_1.1.0/stm32cubeide/plugins/com.st.stm32cube.ide.mcu.externaltools.gnu-tools-for-stm32.7-2018-q2-update.win32_1.0.0.201904181610/tools/bin/../lib/gcc/arm-none-eabi/7.3.1/../../../../arm-none-eabi/lib/thumb/v7e-m/fpv5/hard\libc_nano.a(lib_a-impure.o)
                              c:/st/stm32cubeide_1.1.0/stm32cubeide/plugins/com.st.stm32cube.ide.mcu.externaltools.gnu-tools-for-stm32.7-2018-q2-update.win32_1.0.0.201904181610/tools/bin/../lib/gcc/arm-none-eabi/7.3.1/../../../../arm-none-eabi/lib/thumb/v7e-m/fpv5/hard\libc_nano.a(lib_a-exit.o) (_global_impure_ptr)
c:/st/stm32cubeide_1.1.0/stm32cubeide/plugins/com.st.stm32cube.ide.mcu.externaltools.gnu-tools-for-stm32.7-2018-q2-update.win32_1.0.0.201904181610/tools/bin/../lib/gcc/arm-none-eabi/7.3.1/../../../../arm-none-eabi/lib/thumb/v7e-m/fpv5/hard\libc_nano.a(lib_a-init.o)
                              c:/st/stm32cubeide_1.1.0/stm32cubeide/plugins/com.st.stm32cube.ide.mcu.externaltools.gnu-tools-for-stm32.7-2018-q2-update.win32_1.0.0.201904181610/tools/bin/../lib/gcc/arm-none-eabi/7.3.1/../../../../arm-none-eabi/lib/thumb/v7e-m/fpv5/hard/crt0.o (__libc_init_array)
c:/st/stm32cubeide_1.1.0/stm32cubeide/plugins/com.st.stm32cube.ide.mcu.externaltools.gnu-tools-for-stm32.7-2018-q2-update.win32_1.0.0.201904181610/tools/bin/../lib/gcc/arm-none-eabi/7.3.1/../../../../arm-none-eabi/lib/thumb/v7e-m/fpv5/hard\libc_nano.a(lib_a-memset.o)
                              c:/st/stm32cubeide_1.1.0/stm32cubeide/plugins/com.st.stm32cube.ide.mcu.externaltools.gnu-tools-for-stm32.7-2018-q2-update.win32_1.0.0.201904181610/tools/bin/../lib/gcc/arm-none-eabi/7.3.1/../../../../arm-none-eabi/lib/thumb/v7e-m/fpv5/hard/crt0.o (memset)
c:/st/stm32cubeide_1.1.0/stm32cubeide/plugins/com.st.stm32cube.ide.mcu.externaltools.gnu-tools-for-stm32.7-2018-q2-update.win32_1.0.0.201904181610/tools/bin/../lib/gcc/arm-none-eabi/7.3.1/thumb/v7e-m/fpv5/hard\libgcc.a(_aeabi_uldivmod.o)
                              Drivers/STM32H7xx_HAL_Driver/Src/stm32h7xx_hal_uart.o (__aeabi_uldivmod)
c:/st/stm32cubeide_1.1.0/stm32cubeide/plugins/com.st.stm32cube.ide.mcu.externaltools.gnu-tools-for-stm32.7-2018-q2-update.win32_1.0.0.201904181610/tools/bin/../lib/gcc/arm-none-eabi/7.3.1/thumb/v7e-m/fpv5/hard\libgcc.a(_udivmoddi4.o)
                              c:/st/stm32cubeide_1.1.0/stm32cubeide/plugins/com.st.stm32cube.ide.mcu.externaltools.gnu-tools-for-stm32.7-2018-q2-update.win32_1.0.0.201904181610/tools/bin/../lib/gcc/arm-none-eabi/7.3.1/thumb/v7e-m/fpv5/hard\libgcc.a(_aeabi_uldivmod.o) (__udivmoddi4)
c:/st/stm32cubeide_1.1.0/stm32cubeide/plugins/com.st.stm32cube.ide.mcu.externaltools.gnu-tools-for-stm32.7-2018-q2-update.win32_1.0.0.201904181610/tools/bin/../lib/gcc/arm-none-eabi/7.3.1/thumb/v7e-m/fpv5/hard\libgcc.a(_dvmd_tls.o)
                              c:/st/stm32cubeide_1.1.0/stm32cubeide/plugins/com.st.stm32cube.ide.mcu.externaltools.gnu-tools-for-stm32.7-2018-q2-update.win32_1.0.0.201904181610/tools/bin/../lib/gcc/arm-none-eabi/7.3.1/thumb/v7e-m/fpv5/hard\libgcc.a(_aeabi_uldivmod.o) (__aeabi_ldiv0)

Allocating common symbols
Common symbol       size              file

hspi2               0x88              Core/Src/spi.o
hi2c1               0x4c              Core/Src/i2c.o
hdma_dcmi           0x78              Core/Src/dcmi.o
uwTick              0x4               Drivers/STM32H7xx_HAL_Driver/Src/stm32h7xx_hal.o
pFlash              0x1c              Drivers/STM32H7xx_HAL_Driver/Src/stm32h7xx_hal_flash.o
hjpeg               0x58              Core/Src/jpeg.o
at_sb_printf        0x4               Core/Src/main.o
hdcmi               0x50              Core/Src/dcmi.o
huart2              0x8c              Core/Src/usart.o

Discarded input sections

 .text          0x0000000000000000        0x0 c:/st/stm32cubeide_1.1.0/stm32cubeide/plugins/com.st.stm32cube.ide.mcu.externaltools.gnu-tools-for-stm32.7-2018-q2-update.win32_1.0.0.201904181610/tools/bin/../lib/gcc/arm-none-eabi/7.3.1/thumb/v7e-m/fpv5/hard/crti.o
[...]
Memory Configuration

Name             Origin             Length             Attributes
DTCMRAM          0x0000000020000000 0x0000000000020000 xrw
ITCMRAM          0x0000000000000000 0x0000000000010000 xrw
RAM_D1           0x0000000024000000 0x0000000000080000 xrw
RAM_D2           0x0000000030000000 0x0000000000048000 xrw
RAM_D3           0x0000000038000000 0x0000000000010000 xrw
FLASH            0x0000000008000000 0x0000000000200000 xr
*default*        0x0000000000000000 0xffffffffffffffff

Linker script and memory map

LOAD c:/st/stm32cubeide_1.1.0/stm32cubeide/plugins/com.st.stm32cube.ide.mcu.externaltools.gnu-tools-for-stm32.7-2018-q2-update.win32_1.0.0.201904181610/tools/bin/../lib/gcc/arm-none-eabi/7.3.1/thumb/v7e-m/fpv5/hard/crti.o
LOAD c:/st/stm32cubeide_1.1.0/stm32cubeide/plugins/com.st.stm32cube.ide.mcu.externaltools.gnu-tools-for-stm32.7-2018-q2-update.win32_1.0.0.201904181610/tools/bin/../lib/gcc/arm-none-eabi/7.3.1/thumb/v7e-m/fpv5/hard/crtbegin.o
LOAD c:/st/stm32cubeide_1.1.0/stm32cubeide/plugins/com.st.stm32cube.ide.mcu.externaltools.gnu-tools-for-stm32.7-2018-q2-update.win32_1.0.0.201904181610/tools/bin/../lib/gcc/arm-none-eabi/7.3.1/../../../../arm-none-eabi/lib/thumb/v7e-m/fpv5/hard/crt0.o
LOAD Core/Src/dcmi.o
LOAD Core/Src/debug.o
LOAD Core/Src/dma.o
LOAD Core/Src/gpio.o
LOAD Core/Src/i2c.o
LOAD Core/Src/jpeg.o
LOAD Core/Src/main.o
LOAD Core/Src/spi.o
LOAD Core/Src/stm32h7xx_hal_msp.o
LOAD Core/Src/stm32h7xx_it.o
LOAD Core/Src/sys.o
LOAD Core/Src/syscalls.o
LOAD Core/Src/sysmem.o
LOAD Core/Src/system_stm32h7xx.o
LOAD Core/Src/usart.o
LOAD Core/Startup/startup_stm32h743vitx.o
LOAD Drivers/STM32H7xx_HAL_Driver/Src/stm32h7xx_hal.o
LOAD Drivers/STM32H7xx_HAL_Driver/Src/stm32h7xx_hal_cortex.o
LOAD Drivers/STM32H7xx_HAL_Driver/Src/stm32h7xx_hal_dcmi.o
LOAD Drivers/STM32H7xx_HAL_Driver/Src/stm32h7xx_hal_dma.o
LOAD Drivers/STM32H7xx_HAL_Driver/Src/stm32h7xx_hal_dma_ex.o
LOAD Drivers/STM32H7xx_HAL_Driver/Src/stm32h7xx_hal_exti.o
LOAD Drivers/STM32H7xx_HAL_Driver/Src/stm32h7xx_hal_flash.o
LOAD Drivers/STM32H7xx_HAL_Driver/Src/stm32h7xx_hal_flash_ex.o
LOAD Drivers/STM32H7xx_HAL_Driver/Src/stm32h7xx_hal_gpio.o
LOAD Drivers/STM32H7xx_HAL_Driver/Src/stm32h7xx_hal_hsem.o
LOAD Drivers/STM32H7xx_HAL_Driver/Src/stm32h7xx_hal_i2c.o
LOAD Drivers/STM32H7xx_HAL_Driver/Src/stm32h7xx_hal_i2c_ex.o
LOAD Drivers/STM32H7xx_HAL_Driver/Src/stm32h7xx_hal_jpeg.o
LOAD Drivers/STM32H7xx_HAL_Driver/Src/stm32h7xx_hal_mdma.o
LOAD Drivers/STM32H7xx_HAL_Driver/Src/stm32h7xx_hal_pwr.o
LOAD Drivers/STM32H7xx_HAL_Driver/Src/stm32h7xx_hal_pwr_ex.o
LOAD Drivers/STM32H7xx_HAL_Driver/Src/stm32h7xx_hal_rcc.o
LOAD Drivers/STM32H7xx_HAL_Driver/Src/stm32h7xx_hal_rcc_ex.o
LOAD Drivers/STM32H7xx_HAL_Driver/Src/stm32h7xx_hal_spi.o
LOAD Drivers/STM32H7xx_HAL_Driver/Src/stm32h7xx_hal_spi_ex.o
LOAD Drivers/STM32H7xx_HAL_Driver/Src/stm32h7xx_hal_tim.o
LOAD Drivers/STM32H7xx_HAL_Driver/Src/stm32h7xx_hal_tim_ex.o
LOAD Drivers/STM32H7xx_HAL_Driver/Src/stm32h7xx_hal_uart.o
LOAD Drivers/STM32H7xx_HAL_Driver/Src/stm32h7xx_hal_uart_ex.o
LOAD wifi/host_drv/bsp/source/nm_bsp.o
LOAD wifi/host_drv/bus_wrapper/source/nm_bus_wrapper.o
LOAD wifi/host_drv/common/source/nm_common.o
START GROUP
LOAD c:/st/stm32cubeide_1.1.0/stm32cubeide/plugins/com.st.stm32cube.ide.mcu.externaltools.gnu-tools-for-stm32.7-2018-q2-update.win32_1.0.0.201904181610/tools/bin/../lib/gcc/arm-none-eabi/7.3.1/../../../../arm-none-eabi/lib/thumb/v7e-m/fpv5/hard\libc_nano.a
LOAD c:/st/stm32cubeide_1.1.0/stm32cubeide/plugins/com.st.stm32cube.ide.mcu.externaltools.gnu-tools-for-stm32.7-2018-q2-update.win32_1.0.0.201904181610/tools/bin/../lib/gcc/arm-none-eabi/7.3.1/../../../../arm-none-eabi/lib/thumb/v7e-m/fpv5/hard\libm.a
END GROUP
START GROUP
LOAD c:/st/stm32cubeide_1.1.0/stm32cubeide/plugins/com.st.stm32cube.ide.mcu.externaltools.gnu-tools-for-stm32.7-2018-q2-update.win32_1.0.0.201904181610/tools/bin/../lib/gcc/arm-none-eabi/7.3.1/thumb/v7e-m/fpv5/hard\libgcc.a
LOAD c:/st/stm32cubeide_1.1.0/stm32cubeide/plugins/com.st.stm32cube.ide.mcu.externaltools.gnu-tools-for-stm32.7-2018-q2-update.win32_1.0.0.201904181610/tools/bin/../lib/gcc/arm-none-eabi/7.3.1/../../../../arm-none-eabi/lib/thumb/v7e-m/fpv5/hard\libc_nano.a
END GROUP
START GROUP
LOAD c:/st/stm32cubeide_1.1.0/stm32cubeide/plugins/com.st.stm32cube.ide.mcu.externaltools.gnu-tools-for-stm32.7-2018-q2-update.win32_1.0.0.201904181610/tools/bin/../lib/gcc/arm-none-eabi/7.3.1/thumb/v7e-m/fpv5/hard\libgcc.a
LOAD c:/st/stm32cubeide_1.1.0/stm32cubeide/plugins/com.st.stm32cube.ide.mcu.externaltools.gnu-tools-for-stm32.7-2018-q2-update.win32_1.0.0.201904181610/tools/bin/../lib/gcc/arm-none-eabi/7.3.1/../../../../arm-none-eabi/lib/thumb/v7e-m/fpv5/hard\libc_nano.a
LOAD c:/st/stm32cubeide_1.1.0/stm32cubeide/plugins/com.st.stm32cube.ide.mcu.externaltools.gnu-tools-for-stm32.7-2018-q2-update.win32_1.0.0.201904181610/tools/bin/../lib/gcc/arm-none-eabi/7.3.1/../../../../arm-none-eabi/lib/thumb/v7e-m/fpv5/hard\libnosys.a
END GROUP
START GROUP
LOAD c:/st/stm32cubeide_1.1.0/stm32cubeide/plugins/com.st.stm32cube.ide.mcu.externaltools.gnu-tools-for-stm32.7-2018-q2-update.win32_1.0.0.201904181610/tools/bin/../lib/gcc/arm-none-eabi/7.3.1/thumb/v7e-m/fpv5/hard\libgcc.a
LOAD c:/st/stm32cubeide_1.1.0/stm32cubeide/plugins/com.st.stm32cube.ide.mcu.externaltools.gnu-tools-for-stm32.7-2018-q2-update.win32_1.0.0.201904181610/tools/bin/../lib/gcc/arm-none-eabi/7.3.1/../../../../arm-none-eabi/lib/thumb/v7e-m/fpv5/hard\libc_nano.a
LOAD c:/st/stm32cubeide_1.1.0/stm32cubeide/plugins/com.st.stm32cube.ide.mcu.externaltools.gnu-tools-for-stm32.7-2018-q2-update.win32_1.0.0.201904181610/tools/bin/../lib/gcc/arm-none-eabi/7.3.1/../../../../arm-none-eabi/lib/thumb/v7e-m/fpv5/hard\libnosys.a
END GROUP
LOAD c:/st/stm32cubeide_1.1.0/stm32cubeide/plugins/com.st.stm32cube.ide.mcu.externaltools.gnu-tools-for-stm32.7-2018-q2-update.win32_1.0.0.201904181610/tools/bin/../lib/gcc/arm-none-eabi/7.3.1/thumb/v7e-m/fpv5/hard/crtend.o
LOAD c:/st/stm32cubeide_1.1.0/stm32cubeide/plugins/com.st.stm32cube.ide.mcu.externaltools.gnu-tools-for-stm32.7-2018-q2-update.win32_1.0.0.201904181610/tools/bin/../lib/gcc/arm-none-eabi/7.3.1/thumb/v7e-m/fpv5/hard/crtn.o
                0x0000000024080000                _estack = (ORIGIN (RAM_D1) + LENGTH (RAM_D1))
                0x0000000000000200                _Min_Heap_Size = 0x200
                0x0000000000000400                _Min_Stack_Size = 0x400

.isr_vector     0x0000000008000000      0x298
                0x0000000008000000                . = ALIGN (0x4)
 *(.isr_vector)
 .isr_vector    0x0000000008000000      0x298 Core/Startup/startup_stm32h743vitx.o
                0x0000000008000000                g_pfnVectors
                0x0000000008000298                . = ALIGN (0x4)

.text           0x0000000008000298     0xbb88
                0x0000000008000298                . = ALIGN (0x4)
 *(.text)
 .text          0x0000000008000298       0x40 c:/st/stm32cubeide_1.1.0/stm32cubeide/plugins/com.st.stm32cube.ide.mcu.externaltools.gnu-tools-for-stm32.7-2018-q2-update.win32_1.0.0.201904181610/tools/bin/../lib/gcc/arm-none-eabi/7.3.1/thumb/v7e-m/fpv5/hard/crtbegin.o
 .text          0x00000000080002d8       0x30 c:/st/stm32cubeide_1.1.0/stm32cubeide/plugins/com.st.stm32cube.ide.mcu.externaltools.gnu-tools-for-stm32.7-2018-q2-update.win32_1.0.0.201904181610/tools/bin/../lib/gcc/arm-none-eabi/7.3.1/thumb/v7e-m/fpv5/hard\libgcc.a(_aeabi_uldivmod.o)
                0x00000000080002d8                __aeabi_uldivmod
 .text          0x0000000008000308      0x2cc c:/st/stm32cubeide_1.1.0/stm32cubeide/plugins/com.st.stm32cube.ide.mcu.externaltools.gnu-tools-for-stm32.7-2018-q2-update.win32_1.0.0.201904181610/tools/bin/../lib/gcc/arm-none-eabi/7.3.1/thumb/v7e-m/fpv5/hard\libgcc.a(_udivmoddi4.o)
                0x0000000008000308                __udivmoddi4
 .text          0x00000000080005d4        0x4 c:/st/stm32cubeide_1.1.0/stm32cubeide/plugins/com.st.stm32cube.ide.mcu.externaltools.gnu-tools-for-stm32.7-2018-q2-update.win32_1.0.0.201904181610/tools/bin/../lib/gcc/arm-none-eabi/7.3.1/thumb/v7e-m/fpv5/hard\libgcc.a(_dvmd_tls.o)
                0x00000000080005d4                __aeabi_idiv0
                0x00000000080005d4                __aeabi_ldiv0
 *(.text*)
 .text.MX_DCMI_Init
                0x00000000080005d8       0x6c Core/Src/dcmi.o
                0x00000000080005d8                MX_DCMI_Init
 .text.HAL_DCMI_MspInit
                0x0000000008000644      0x1d4 Core/Src/dcmi.o
                0x0000000008000644                HAL_DCMI_MspInit
 .text.MX_DMA_Init
                0x0000000008000818       0x40 Core/Src/dma.o
                0x0000000008000818                MX_DMA_Init
 .text.MX_GPIO_Init
                0x0000000008000858      0x210 Core/Src/gpio.o
                0x0000000008000858                MX_GPIO_Init
 .text.MX_I2C1_Init
                0x0000000008000a68       0x80 Core/Src/i2c.o
                0x0000000008000a68                MX_I2C1_Init
 .text.HAL_I2C_MspInit
                0x0000000008000ae8       0x94 Core/Src/i2c.o
                0x0000000008000ae8                HAL_I2C_MspInit
 .text.MX_JPEG_Init
                0x0000000008000b7c       0x28 Core/Src/jpeg.o
                0x0000000008000b7c                MX_JPEG_Init
 .text.HAL_JPEG_MspInit
                0x0000000008000ba4       0x44 Core/Src/jpeg.o
                0x0000000008000ba4                HAL_JPEG_MspInit
 .text.main     0x0000000008000be8       0x98 Core/Src/main.o
                0x0000000008000be8                main
 .text.SystemClock_Config
                0x0000000008000c80      0x178 Core/Src/main.o
                0x0000000008000c80                SystemClock_Config
 .text.HAL_GPIO_EXTI_Callback
                0x0000000008000df8       0x1e Core/Src/main.o
                0x0000000008000df8                HAL_GPIO_EXTI_Callback
 *fill*         0x0000000008000e16        0x2 
 .text.my_int   0x0000000008000e18       0x14 Core/Src/main.o
                0x0000000008000e18                my_int
 .text.Error_Handler
                0x0000000008000e2c        0xe Core/Src/main.o
                0x0000000008000e2c                Error_Handler
 .text.assert_failed
                0x0000000008000e3a       0x16 Core/Src/main.o
                0x0000000008000e3a                assert_failed
 .text.MX_SPI2_Init
                0x0000000008000e50       0xac Core/Src/spi.o
                0x0000000008000e50                MX_SPI2_Init
 .text.HAL_SPI_MspInit
                0x0000000008000efc       0x94 Core/Src/spi.o
                0x0000000008000efc                HAL_SPI_MspInit
 .text.HAL_MspInit
                0x0000000008000f90       0x34 Core/Src/stm32h7xx_hal_msp.o
                0x0000000008000f90                HAL_MspInit
 .text.NMI_Handler
                0x0000000008000fc4        0xe Core/Src/stm32h7xx_it.o
                0x0000000008000fc4                NMI_Handler
 .text.HardFault_Handler
                0x0000000008000fd2        0x6 Core/Src/stm32h7xx_it.o
                0x0000000008000fd2                HardFault_Handler
 .text.MemManage_Handler
                0x0000000008000fd8        0x6 Core/Src/stm32h7xx_it.o
                0x0000000008000fd8                MemManage_Handler
 .text.BusFault_Handler
                0x0000000008000fde        0x6 Core/Src/stm32h7xx_it.o
                0x0000000008000fde                BusFault_Handler
 .text.UsageFault_Handler
                0x0000000008000fe4        0x6 Core/Src/stm32h7xx_it.o
                0x0000000008000fe4                UsageFault_Handler
 .text.SVC_Handler
                0x0000000008000fea        0xe Core/Src/stm32h7xx_it.o
                0x0000000008000fea                SVC_Handler
 .text.DebugMon_Handler
                0x0000000008000ff8        0xe Core/Src/stm32h7xx_it.o
                0x0000000008000ff8                DebugMon_Handler
 .text.PendSV_Handler
                0x0000000008001006        0xe Core/Src/stm32h7xx_it.o
                0x0000000008001006                PendSV_Handler
 .text.SysTick_Handler
                0x0000000008001014        0xc Core/Src/stm32h7xx_it.o
                0x0000000008001014                SysTick_Handler
 .text.DMA1_Stream0_IRQHandler
                0x0000000008001020       0x14 Core/Src/stm32h7xx_it.o
                0x0000000008001020                DMA1_Stream0_IRQHandler
 .text.EXTI15_10_IRQHandler
                0x0000000008001034       0x10 Core/Src/stm32h7xx_it.o
                0x0000000008001034                EXTI15_10_IRQHandler
 .text.DCMI_IRQHandler
                0x0000000008001044       0x14 Core/Src/stm32h7xx_it.o
                0x0000000008001044                DCMI_IRQHandler
 .text.SystemInit
                0x0000000008001058       0xc4 Core/Src/system_stm32h7xx.o
                0x0000000008001058                SystemInit
 .text.MX_USART2_UART_Init
                0x000000000800111c       0x98 Core/Src/usart.o
                0x000000000800111c                MX_USART2_UART_Init
 .text.HAL_UART_MspInit
                0x00000000080011b4       0x94 Core/Src/usart.o
                0x00000000080011b4                HAL_UART_MspInit
 .text.Reset_Handler
                0x0000000008001248       0x50 Core/Startup/startup_stm32h743vitx.o
                0x0000000008001248                Reset_Handler
 .text.Default_Handler
                0x0000000008001298        0x2 Core/Startup/startup_stm32h743vitx.o
                0x0000000008001298                RTC_Alarm_IRQHandler
                0x0000000008001298                EXTI2_IRQHandler
                0x0000000008001298                TIM8_CC_IRQHandler
                0x0000000008001298                HRTIM1_Master_IRQHandler
                0x0000000008001298                UART8_IRQHandler
                0x0000000008001298                SPI4_IRQHandler
                0x0000000008001298                TIM1_CC_IRQHandler
                0x0000000008001298                BDMA_Channel6_IRQHandler
                0x0000000008001298                DMA2_Stream5_IRQHandler
                0x0000000008001298                HRTIM1_FLT_IRQHandler
                0x0000000008001298                JPEG_IRQHandler
                0x0000000008001298                DMA1_Stream5_IRQHandler
                0x0000000008001298                BDMA_Channel1_IRQHandler
                0x0000000008001298                HRTIM1_TIMD_IRQHandler
                0x0000000008001298                TAMP_STAMP_IRQHandler
                0x0000000008001298                EXTI3_IRQHandler
                0x0000000008001298                LPTIM4_IRQHandler
                0x0000000008001298                TIM8_TRG_COM_TIM14_IRQHandler
                0x0000000008001298                LPTIM2_IRQHandler
                0x0000000008001298                DFSDM1_FLT1_IRQHandler
                0x0000000008001298                DMAMUX2_OVR_IRQHandler
                0x0000000008001298                TIM8_UP_TIM13_IRQHandler
                0x0000000008001298                I2C3_ER_IRQHandler
                0x0000000008001298                DFSDM1_FLT2_IRQHandler
                0x0000000008001298                MDMA_IRQHandler
                0x0000000008001298                LPTIM3_IRQHandler
                0x0000000008001298                HSEM1_IRQHandler
                0x0000000008001298                EXTI0_IRQHandler
                0x0000000008001298                I2C2_EV_IRQHandler
                0x0000000008001298                DMA1_Stream2_IRQHandler
                0x0000000008001298                FPU_IRQHandler
                0x0000000008001298                OTG_HS_WKUP_IRQHandler
                0x0000000008001298                FDCAN1_IT1_IRQHandler
                0x0000000008001298                LTDC_ER_IRQHandler
                0x0000000008001298                DMA2_Stream2_IRQHandler
                0x0000000008001298                HRTIM1_TIME_IRQHandler
                0x0000000008001298                SPI1_IRQHandler
                0x0000000008001298                TIM6_DAC_IRQHandler
                0x0000000008001298                HRTIM1_TIMC_IRQHandler
                0x0000000008001298                DMA2_Stream3_IRQHandler
                0x0000000008001298                SAI2_IRQHandler
                0x0000000008001298                DFSDM1_FLT3_IRQHandler
                0x0000000008001298                USART6_IRQHandler
                0x0000000008001298                TIM17_IRQHandler
                0x0000000008001298                USART3_IRQHandler
                0x0000000008001298                BDMA_Channel7_IRQHandler
                0x0000000008001298                LPTIM5_IRQHandler
                0x0000000008001298                UART5_IRQHandler
                0x0000000008001298                ADC3_IRQHandler
                0x0000000008001298                DMA2_Stream0_IRQHandler
                0x0000000008001298                TIM4_IRQHandler
                0x0000000008001298                BDMA_Channel2_IRQHandler
                0x0000000008001298                QUADSPI_IRQHandler
                0x0000000008001298                I2C1_EV_IRQHandler
                0x0000000008001298                DMA1_Stream6_IRQHandler
                0x0000000008001298                DMAMUX1_OVR_IRQHandler
                0x0000000008001298                DMA1_Stream1_IRQHandler
                0x0000000008001298                TIM16_IRQHandler
                0x0000000008001298                UART4_IRQHandler
                0x0000000008001298                BDMA_Channel5_IRQHandler
                0x0000000008001298                TIM3_IRQHandler
                0x0000000008001298                RCC_IRQHandler
                0x0000000008001298                TIM8_BRK_TIM12_IRQHandler
                0x0000000008001298                TIM1_TRG_COM_IRQHandler
                0x0000000008001298                Default_Handler
                0x0000000008001298                ECC_IRQHandler
                0x0000000008001298                CEC_IRQHandler
                0x0000000008001298                BDMA_Channel0_IRQHandler
                0x0000000008001298                ADC_IRQHandler
                0x0000000008001298                DMA1_Stream7_IRQHandler
                0x0000000008001298                HRTIM1_TIMA_IRQHandler
                0x0000000008001298                SPI5_IRQHandler
                0x0000000008001298                TIM7_IRQHandler
                0x0000000008001298                SDMMC1_IRQHandler
                0x0000000008001298                TIM5_IRQHandler
                0x0000000008001298                DMA2_Stream7_IRQHandler
                0x0000000008001298                TIM15_IRQHandler
                0x0000000008001298                PVD_AVD_IRQHandler
                0x0000000008001298                I2C3_EV_IRQHandler
                0x0000000008001298                EXTI9_5_IRQHandler
                0x0000000008001298                RTC_WKUP_IRQHandler
                0x0000000008001298                LTDC_IRQHandler
                0x0000000008001298                SAI3_IRQHandler
                0x0000000008001298                ETH_WKUP_IRQHandler
                0x0000000008001298                SPDIF_RX_IRQHandler
                0x0000000008001298                SPI2_IRQHandler
                0x0000000008001298                OTG_HS_EP1_IN_IRQHandler
                0x0000000008001298                CRS_IRQHandler
                0x0000000008001298                EXTI4_IRQHandler
                0x0000000008001298                RNG_IRQHandler
                0x0000000008001298                HRTIM1_TIMB_IRQHandler
                0x0000000008001298                FDCAN2_IT1_IRQHandler
                0x0000000008001298                ETH_IRQHandler
                0x0000000008001298                TIM1_UP_IRQHandler
                0x0000000008001298                BDMA_Channel4_IRQHandler
                0x0000000008001298                OTG_HS_EP1_OUT_IRQHandler
                0x0000000008001298                WWDG_IRQHandler
                0x0000000008001298                SPI6_IRQHandler
                0x0000000008001298                MDIOS_IRQHandler
                0x0000000008001298                I2C4_EV_IRQHandler
                0x0000000008001298                FDCAN2_IT0_IRQHandler
                0x0000000008001298                LPUART1_IRQHandler
                0x0000000008001298                FDCAN1_IT0_IRQHandler
                0x0000000008001298                TIM2_IRQHandler
                0x0000000008001298                OTG_FS_WKUP_IRQHandler
                0x0000000008001298                OTG_HS_IRQHandler
                0x0000000008001298                DMA2D_IRQHandler
                0x0000000008001298                TIM1_BRK_IRQHandler
                0x0000000008001298                EXTI1_IRQHandler
                0x0000000008001298                SDMMC2_IRQHandler
                0x0000000008001298                OTG_FS_EP1_OUT_IRQHandler
                0x0000000008001298                BDMA_Channel3_IRQHandler
                0x0000000008001298                UART7_IRQHandler
                0x0000000008001298                MDIOS_WKUP_IRQHandler
                0x0000000008001298                USART2_IRQHandler
                0x0000000008001298                DFSDM1_FLT0_IRQHandler
                0x0000000008001298                SAI4_IRQHandler
                0x0000000008001298                I2C2_ER_IRQHandler
                0x0000000008001298                DMA2_Stream1_IRQHandler
                0x0000000008001298                FLASH_IRQHandler
                0x0000000008001298                DMA2_Stream4_IRQHandler
                0x0000000008001298                USART1_IRQHandler
                0x0000000008001298                OTG_FS_IRQHandler
                0x0000000008001298                SPI3_IRQHandler
                0x0000000008001298                WAKEUP_PIN_IRQHandler
                0x0000000008001298                DMA1_Stream4_IRQHandler
                0x0000000008001298                OTG_FS_EP1_IN_IRQHandler
                0x0000000008001298                I2C1_ER_IRQHandler
                0x0000000008001298                FMC_IRQHandler
                0x0000000008001298                FDCAN_CAL_IRQHandler
                0x0000000008001298                SWPMI1_IRQHandler
                0x0000000008001298                COMP1_IRQHandler
                0x0000000008001298                LPTIM1_IRQHandler
                0x0000000008001298                I2C4_ER_IRQHandler
                0x0000000008001298                DMA2_Stream6_IRQHandler
                0x0000000008001298                SAI1_IRQHandler
                0x0000000008001298                DMA1_Stream3_IRQHandler
 *fill*         0x000000000800129a        0x2 
 .text.HAL_Init
                0x000000000800129c       0x70 Drivers/STM32H7xx_HAL_Driver/Src/stm32h7xx_hal.o
                0x000000000800129c                HAL_Init
 .text.HAL_InitTick
                0x000000000800130c       0x6c Drivers/STM32H7xx_HAL_Driver/Src/stm32h7xx_hal.o
                0x000000000800130c                HAL_InitTick
 .text.HAL_IncTick
                0x0000000008001378       0x28 Drivers/STM32H7xx_HAL_Driver/Src/stm32h7xx_hal.o
                0x0000000008001378                HAL_IncTick
 .text.HAL_GetTick
                0x00000000080013a0       0x18 Drivers/STM32H7xx_HAL_Driver/Src/stm32h7xx_hal.o
                0x00000000080013a0                HAL_GetTick
 .text.HAL_Delay
                0x00000000080013b8       0x44 Drivers/STM32H7xx_HAL_Driver/Src/stm32h7xx_hal.o
                0x00000000080013b8                HAL_Delay
 .text.HAL_GetREVID
                0x00000000080013fc       0x18 Drivers/STM32H7xx_HAL_Driver/Src/stm32h7xx_hal.o
                0x00000000080013fc                HAL_GetREVID
 .text.__NVIC_SetPriorityGrouping
                0x0000000008001414       0x48 Drivers/STM32H7xx_HAL_Driver/Src/stm32h7xx_hal_cortex.o
 .text.__NVIC_GetPriorityGrouping
                0x000000000800145c       0x1c Drivers/STM32H7xx_HAL_Driver/Src/stm32h7xx_hal_cortex.o
 .text.__NVIC_EnableIRQ
                0x0000000008001478       0x3c Drivers/STM32H7xx_HAL_Driver/Src/stm32h7xx_hal_cortex.o
 .text.__NVIC_SetPriority
                0x00000000080014b4       0x54 Drivers/STM32H7xx_HAL_Driver/Src/stm32h7xx_hal_cortex.o
 .text.NVIC_EncodePriority
                0x0000000008001508       0x66 Drivers/STM32H7xx_HAL_Driver/Src/stm32h7xx_hal_cortex.o
 *fill*         0x000000000800156e        0x2 
 .text.SysTick_Config
                0x0000000008001570       0x44 Drivers/STM32H7xx_HAL_Driver/Src/stm32h7xx_hal_cortex.o
 .text.HAL_NVIC_SetPriorityGrouping
                0x00000000080015b4       0x40 Drivers/STM32H7xx_HAL_Driver/Src/stm32h7xx_hal_cortex.o
                0x00000000080015b4                HAL_NVIC_SetPriorityGrouping
 .text.HAL_NVIC_SetPriority
                0x00000000080015f4       0x54 Drivers/STM32H7xx_HAL_Driver/Src/stm32h7xx_hal_cortex.o
                0x00000000080015f4                HAL_NVIC_SetPriority
 .text.HAL_NVIC_EnableIRQ
                0x0000000008001648       0x30 Drivers/STM32H7xx_HAL_Driver/Src/stm32h7xx_hal_cortex.o
                0x0000000008001648                HAL_NVIC_EnableIRQ
 .text.HAL_SYSTICK_Config
                0x0000000008001678       0x18 Drivers/STM32H7xx_HAL_Driver/Src/stm32h7xx_hal_cortex.o
                0x0000000008001678                HAL_SYSTICK_Config
 .text.HAL_DCMI_Init
                0x0000000008001690      0x244 Drivers/STM32H7xx_HAL_Driver/Src/stm32h7xx_hal_dcmi.o
                0x0000000008001690                HAL_DCMI_Init
 .text.HAL_DCMI_IRQHandler
                0x00000000080018d4      0x104 Drivers/STM32H7xx_HAL_Driver/Src/stm32h7xx_hal_dcmi.o
                0x00000000080018d4                HAL_DCMI_IRQHandler
 .text.HAL_DCMI_ErrorCallback
                0x00000000080019d8       0x14 Drivers/STM32H7xx_HAL_Driver/Src/stm32h7xx_hal_dcmi.o
                0x00000000080019d8                HAL_DCMI_ErrorCallback
 .text.HAL_DCMI_LineEventCallback
                0x00000000080019ec       0x14 Drivers/STM32H7xx_HAL_Driver/Src/stm32h7xx_hal_dcmi.o
                0x00000000080019ec                HAL_DCMI_LineEventCallback
 .text.HAL_DCMI_VsyncEventCallback
                0x0000000008001a00       0x14 Drivers/STM32H7xx_HAL_Driver/Src/stm32h7xx_hal_dcmi.o
                0x0000000008001a00                HAL_DCMI_VsyncEventCallback
 .text.HAL_DCMI_FrameEventCallback
                0x0000000008001a14       0x14 Drivers/STM32H7xx_HAL_Driver/Src/stm32h7xx_hal_dcmi.o
                0x0000000008001a14                HAL_DCMI_FrameEventCallback
 .text.DCMI_DMAError
                0x0000000008001a28       0x3a Drivers/STM32H7xx_HAL_Driver/Src/stm32h7xx_hal_dcmi.o
 *fill*         0x0000000008001a62        0x2 
 .text.HAL_DMA_Init
                0x0000000008001a64      0x7d4 Drivers/STM32H7xx_HAL_Driver/Src/stm32h7xx_hal_dma.o
                0x0000000008001a64                HAL_DMA_Init
 .text.HAL_DMA_Abort_IT
                0x0000000008002238      0x32c Drivers/STM32H7xx_HAL_Driver/Src/stm32h7xx_hal_dma.o
                0x0000000008002238                HAL_DMA_Abort_IT
 .text.HAL_DMA_IRQHandler
                0x0000000008002564      0xe54 Drivers/STM32H7xx_HAL_Driver/Src/stm32h7xx_hal_dma.o
                0x0000000008002564                HAL_DMA_IRQHandler
 .text.DMA_CalcBaseAndBitshift
                0x00000000080033b8      0x164 Drivers/STM32H7xx_HAL_Driver/Src/stm32h7xx_hal_dma.o
 .text.DMA_CheckFifoParam
                0x000000000800351c       0xf8 Drivers/STM32H7xx_HAL_Driver/Src/stm32h7xx_hal_dma.o
 .text.DMA_CalcDMAMUXChannelBaseAndMask
                0x0000000008003614      0x134 Drivers/STM32H7xx_HAL_Driver/Src/stm32h7xx_hal_dma.o
 .text.DMA_CalcDMAMUXRequestGenBaseAndMask
                0x0000000008003748       0xe8 Drivers/STM32H7xx_HAL_Driver/Src/stm32h7xx_hal_dma.o
 .text.HAL_GPIO_Init
                0x0000000008003830      0x560 Drivers/STM32H7xx_HAL_Driver/Src/stm32h7xx_hal_gpio.o
                0x0000000008003830                HAL_GPIO_Init
 .text.HAL_GPIO_WritePin
                0x0000000008003d90       0x68 Drivers/STM32H7xx_HAL_Driver/Src/stm32h7xx_hal_gpio.o
                0x0000000008003d90                HAL_GPIO_WritePin
 .text.HAL_GPIO_TogglePin
                0x0000000008003df8       0x54 Drivers/STM32H7xx_HAL_Driver/Src/stm32h7xx_hal_gpio.o
                0x0000000008003df8                HAL_GPIO_TogglePin
 .text.HAL_GPIO_EXTI_IRQHandler
                0x0000000008003e4c       0x30 Drivers/STM32H7xx_HAL_Driver/Src/stm32h7xx_hal_gpio.o
                0x0000000008003e4c                HAL_GPIO_EXTI_IRQHandler
 .text.HAL_I2C_Init
                0x0000000008003e7c      0x244 Drivers/STM32H7xx_HAL_Driver/Src/stm32h7xx_hal_i2c.o
                0x0000000008003e7c                HAL_I2C_Init
 .text.HAL_I2CEx_ConfigAnalogFilter
                0x00000000080040c0       0xec Drivers/STM32H7xx_HAL_Driver/Src/stm32h7xx_hal_i2c_ex.o
                0x00000000080040c0                HAL_I2CEx_ConfigAnalogFilter
 .text.HAL_I2CEx_ConfigDigitalFilter
                0x00000000080041ac       0xe8 Drivers/STM32H7xx_HAL_Driver/Src/stm32h7xx_hal_i2c_ex.o
                0x00000000080041ac                HAL_I2CEx_ConfigDigitalFilter
 .text.HAL_JPEG_Init
                0x0000000008004294      0x104 Drivers/STM32H7xx_HAL_Driver/Src/stm32h7xx_hal_jpeg.o
                0x0000000008004294                HAL_JPEG_Init
 .text.JPEG_Bits_To_SizeCodes
                0x0000000008004398       0xea Drivers/STM32H7xx_HAL_Driver/Src/stm32h7xx_hal_jpeg.o
 .text.JPEG_ACHuff_BitsVals_To_SizeCodes
                0x0000000008004482      0x110 Drivers/STM32H7xx_HAL_Driver/Src/stm32h7xx_hal_jpeg.o
 .text.JPEG_DCHuff_BitsVals_To_SizeCodes
                0x0000000008004592       0xba Drivers/STM32H7xx_HAL_Driver/Src/stm32h7xx_hal_jpeg.o
 .text.JPEG_Set_HuffDC_Mem
                0x000000000800464c      0x108 Drivers/STM32H7xx_HAL_Driver/Src/stm32h7xx_hal_jpeg.o
 .text.JPEG_Set_HuffAC_Mem
                0x0000000008004754      0x1c4 Drivers/STM32H7xx_HAL_Driver/Src/stm32h7xx_hal_jpeg.o
 .text.JPEG_Set_HuffEnc_Mem
                0x0000000008004918       0xa8 Drivers/STM32H7xx_HAL_Driver/Src/stm32h7xx_hal_jpeg.o
 .text.JPEG_Set_Huff_DHTMem
                0x00000000080049c0      0x45c Drivers/STM32H7xx_HAL_Driver/Src/stm32h7xx_hal_jpeg.o
 .text.HAL_PWREx_ConfigSupply
                0x0000000008004e1c       0x88 Drivers/STM32H7xx_HAL_Driver/Src/stm32h7xx_hal_pwr_ex.o
                0x0000000008004e1c                HAL_PWREx_ConfigSupply
 .text.HAL_RCC_OscConfig
                0x0000000008004ea4      0x9c0 Drivers/STM32H7xx_HAL_Driver/Src/stm32h7xx_hal_rcc.o
                0x0000000008004ea4                HAL_RCC_OscConfig
 .text.HAL_RCC_ClockConfig
                0x0000000008005864      0x6bc Drivers/STM32H7xx_HAL_Driver/Src/stm32h7xx_hal_rcc.o
                0x0000000008005864                HAL_RCC_ClockConfig
 .text.HAL_RCC_GetSysClockFreq
                0x0000000008005f20      0x2e4 Drivers/STM32H7xx_HAL_Driver/Src/stm32h7xx_hal_rcc.o
                0x0000000008005f20                HAL_RCC_GetSysClockFreq
 .text.HAL_RCC_GetHCLKFreq
                0x0000000008006204       0x38 Drivers/STM32H7xx_HAL_Driver/Src/stm32h7xx_hal_rcc.o
                0x0000000008006204                HAL_RCC_GetHCLKFreq
 .text.HAL_RCC_GetPCLK1Freq
                0x000000000800623c       0x2c Drivers/STM32H7xx_HAL_Driver/Src/stm32h7xx_hal_rcc.o
                0x000000000800623c                HAL_RCC_GetPCLK1Freq
 .text.HAL_RCC_GetPCLK2Freq
                0x0000000008006268       0x2c Drivers/STM32H7xx_HAL_Driver/Src/stm32h7xx_hal_rcc.o
                0x0000000008006268                HAL_RCC_GetPCLK2Freq
 .text.HAL_RCCEx_PeriphCLKConfig
                0x0000000008006294     0x1344 Drivers/STM32H7xx_HAL_Driver/Src/stm32h7xx_hal_rcc_ex.o
                0x0000000008006294                HAL_RCCEx_PeriphCLKConfig
 .text.HAL_RCCEx_GetD3PCLK1Freq
                0x00000000080075d8       0x2c Drivers/STM32H7xx_HAL_Driver/Src/stm32h7xx_hal_rcc_ex.o
                0x00000000080075d8                HAL_RCCEx_GetD3PCLK1Freq
 .text.HAL_RCCEx_GetPLL2ClockFreq
                0x0000000008007604      0x298 Drivers/STM32H7xx_HAL_Driver/Src/stm32h7xx_hal_rcc_ex.o
                0x0000000008007604                HAL_RCCEx_GetPLL2ClockFreq
 .text.HAL_RCCEx_GetPLL3ClockFreq
                0x000000000800789c      0x298 Drivers/STM32H7xx_HAL_Driver/Src/stm32h7xx_hal_rcc_ex.o
                0x000000000800789c                HAL_RCCEx_GetPLL3ClockFreq
 .text.HAL_RCCEx_GetD1SysClockFreq
                0x0000000008007b34       0x38 Drivers/STM32H7xx_HAL_Driver/Src/stm32h7xx_hal_rcc_ex.o
                0x0000000008007b34                HAL_RCCEx_GetD1SysClockFreq
 .text.RCCEx_PLL2_Config
                0x0000000008007b6c      0x244 Drivers/STM32H7xx_HAL_Driver/Src/stm32h7xx_hal_rcc_ex.o
 .text.RCCEx_PLL3_Config
                0x0000000008007db0      0x24c Drivers/STM32H7xx_HAL_Driver/Src/stm32h7xx_hal_rcc_ex.o
 .text.HAL_SPI_Init
                0x0000000008007ffc      0x538 Drivers/STM32H7xx_HAL_Driver/Src/stm32h7xx_hal_spi.o
                0x0000000008007ffc                HAL_SPI_Init
 .text.HAL_SPI_TransmitReceive
                0x0000000008008534      0x5f4 Drivers/STM32H7xx_HAL_Driver/Src/stm32h7xx_hal_spi.o
                0x0000000008008534                HAL_SPI_TransmitReceive
 .text.SPI_CloseTransfer
                0x0000000008008b28      0x140 Drivers/STM32H7xx_HAL_Driver/Src/stm32h7xx_hal_spi.o
 .text.SPI_WaitOnFlagUntilTimeout
                0x0000000008008c68       0x5c Drivers/STM32H7xx_HAL_Driver/Src/stm32h7xx_hal_spi.o
 .text.SPI_GetPacketSize
                0x0000000008008cc4       0x36 Drivers/STM32H7xx_HAL_Driver/Src/stm32h7xx_hal_spi.o
 *fill*         0x0000000008008cfa        0x2 
 .text.HAL_UART_Init
                0x0000000008008cfc      0x19c Drivers/STM32H7xx_HAL_Driver/Src/stm32h7xx_hal_uart.o
                0x0000000008008cfc                HAL_UART_Init
 .text.UART_SetConfig
                0x0000000008008e98     0x24bc Drivers/STM32H7xx_HAL_Driver/Src/stm32h7xx_hal_uart.o
                0x0000000008008e98                UART_SetConfig
 .text.UART_AdvFeatureConfig
                0x000000000800b354      0x2ec Drivers/STM32H7xx_HAL_Driver/Src/stm32h7xx_hal_uart.o
                0x000000000800b354                UART_AdvFeatureConfig
 .text.UART_CheckIdleState
                0x000000000800b640       0x90 Drivers/STM32H7xx_HAL_Driver/Src/stm32h7xx_hal_uart.o
                0x000000000800b640                UART_CheckIdleState
 .text.UART_WaitOnFlagUntilTimeout
                0x000000000800b6d0      0x100 Drivers/STM32H7xx_HAL_Driver/Src/stm32h7xx_hal_uart.o
                0x000000000800b6d0                UART_WaitOnFlagUntilTimeout
 .text.HAL_UARTEx_DisableFifoMode
                0x000000000800b7d0       0xec Drivers/STM32H7xx_HAL_Driver/Src/stm32h7xx_hal_uart_ex.o
                0x000000000800b7d0                HAL_UARTEx_DisableFifoMode
 .text.HAL_UARTEx_SetTxFifoThreshold
                0x000000000800b8bc      0x134 Drivers/STM32H7xx_HAL_Driver/Src/stm32h7xx_hal_uart_ex.o
                0x000000000800b8bc                HAL_UARTEx_SetTxFifoThreshold
 .text.HAL_UARTEx_SetRxFifoThreshold
                0x000000000800b9f0      0x134 Drivers/STM32H7xx_HAL_Driver/Src/stm32h7xx_hal_uart_ex.o
                0x000000000800b9f0                HAL_UARTEx_SetRxFifoThreshold
 .text.UARTEx_SetNbDataToProcess
                0x000000000800bb24       0xd0 Drivers/STM32H7xx_HAL_Driver/Src/stm32h7xx_hal_uart_ex.o
 .text.chip_isr
                0x000000000800bbf4       0x1c wifi/host_drv/bsp/source/nm_bsp.o
                0x000000000800bbf4                chip_isr
 .text.init_chip_pins
                0x000000000800bc10       0x28 wifi/host_drv/bsp/source/nm_bsp.o
 .text.nm_bsp_init
                0x000000000800bc38       0x18 wifi/host_drv/bsp/source/nm_bsp.o
                0x000000000800bc38                nm_bsp_init
 .text.nm_bsp_reset
                0x000000000800bc50       0x48 wifi/host_drv/bsp/source/nm_bsp.o
                0x000000000800bc50                nm_bsp_reset
 .text.nm_bsp_sleep
                0x000000000800bc98       0x16 wifi/host_drv/bsp/source/nm_bsp.o
                0x000000000800bc98                nm_bsp_sleep
 *fill*         0x000000000800bcae        0x2 
 .text.nm_bsp_register_isr
                0x000000000800bcb0       0x20 wifi/host_drv/bsp/source/nm_bsp.o
                0x000000000800bcb0                nm_bsp_register_isr
 .text.spi_rw_pio
                0x000000000800bcd0       0x30 wifi/host_drv/bus_wrapper/source/nm_bus_wrapper.o
 .text.spi_rw   0x000000000800bd00       0x24 wifi/host_drv/bus_wrapper/source/nm_bus_wrapper.o
                0x000000000800bd00                spi_rw
 .text.nm_bus_init
                0x000000000800bd24       0x26 wifi/host_drv/bus_wrapper/source/nm_bus_wrapper.o
                0x000000000800bd24                nm_bus_init
 *fill*         0x000000000800bd4a        0x2 
 .text.nm_bus_ioctl
                0x000000000800bd4c       0x64 wifi/host_drv/bus_wrapper/source/nm_bus_wrapper.o
                0x000000000800bd4c                nm_bus_ioctl
 .text.__libc_init_array
                0x000000000800bdb0       0x48 c:/st/stm32cubeide_1.1.0/stm32cubeide/plugins/com.st.stm32cube.ide.mcu.externaltools.gnu-tools-for-stm32.7-2018-q2-update.win32_1.0.0.201904181610/tools/bin/../lib/gcc/arm-none-eabi/7.3.1/../../../../arm-none-eabi/lib/thumb/v7e-m/fpv5/hard\libc_nano.a(lib_a-init.o)
                0x000000000800bdb0                __libc_init_array
 .text.memset   0x000000000800bdf8       0x10 c:/st/stm32cubeide_1.1.0/stm32cubeide/plugins/com.st.stm32cube.ide.mcu.externaltools.gnu-tools-for-stm32.7-2018-q2-update.win32_1.0.0.201904181610/tools/bin/../lib/gcc/arm-none-eabi/7.3.1/../../../../arm-none-eabi/lib/thumb/v7e-m/fpv5/hard\libc_nano.a(lib_a-memset.o)
                0x000000000800bdf8                memset
 *(.glue_7)
 .glue_7        0x000000000800be08        0x0 linker stubs
 *(.glue_7t)
 .glue_7t       0x000000000800be08        0x0 linker stubs
 *(.eh_frame)
 .eh_frame      0x000000000800be08        0x0 c:/st/stm32cubeide_1.1.0/stm32cubeide/plugins/com.st.stm32cube.ide.mcu.externaltools.gnu-tools-for-stm32.7-2018-q2-update.win32_1.0.0.201904181610/tools/bin/../lib/gcc/arm-none-eabi/7.3.1/thumb/v7e-m/fpv5/hard/crtbegin.o
 *(.init)
 .init          0x000000000800be08        0x4 c:/st/stm32cubeide_1.1.0/stm32cubeide/plugins/com.st.stm32cube.ide.mcu.externaltools.gnu-tools-for-stm32.7-2018-q2-update.win32_1.0.0.201904181610/tools/bin/../lib/gcc/arm-none-eabi/7.3.1/thumb/v7e-m/fpv5/hard/crti.o
                0x000000000800be08                _init
 .init          0x000000000800be0c        0x8 c:/st/stm32cubeide_1.1.0/stm32cubeide/plugins/com.st.stm32cube.ide.mcu.externaltools.gnu-tools-for-stm32.7-2018-q2-update.win32_1.0.0.201904181610/tools/bin/../lib/gcc/arm-none-eabi/7.3.1/thumb/v7e-m/fpv5/hard/crtn.o
 *(.fini)
 .fini          0x000000000800be14        0x4 c:/st/stm32cubeide_1.1.0/stm32cubeide/plugins/com.st.stm32cube.ide.mcu.externaltools.gnu-tools-for-stm32.7-2018-q2-update.win32_1.0.0.201904181610/tools/bin/../lib/gcc/arm-none-eabi/7.3.1/thumb/v7e-m/fpv5/hard/crti.o
                0x000000000800be14                _fini
 .fini          0x000000000800be18        0x8 c:/st/stm32cubeide_1.1.0/stm32cubeide/plugins/com.st.stm32cube.ide.mcu.externaltools.gnu-tools-for-stm32.7-2018-q2-update.win32_1.0.0.201904181610/tools/bin/../lib/gcc/arm-none-eabi/7.3.1/thumb/v7e-m/fpv5/hard/crtn.o
                0x000000000800be20                . = ALIGN (0x4)
                0x000000000800be20                _etext = .

.vfp11_veneer   0x000000000800be20        0x0
 .vfp11_veneer  0x000000000800be20        0x0 linker stubs

.v4_bx          0x000000000800be20        0x0
 .v4_bx         0x000000000800be20        0x0 linker stubs

.iplt           0x000000000800be20        0x0
 .iplt          0x000000000800be20        0x0 c:/st/stm32cubeide_1.1.0/stm32cubeide/plugins/com.st.stm32cube.ide.mcu.externaltools.gnu-tools-for-stm32.7-2018-q2-update.win32_1.0.0.201904181610/tools/bin/../lib/gcc/arm-none-eabi/7.3.1/thumb/v7e-m/fpv5/hard/crtbegin.o

.rodata         0x000000000800be20      0x508
                0x000000000800be20                . = ALIGN (0x4)
 *(.rodata)
 .rodata        0x000000000800be20       0x3b Drivers/STM32H7xx_HAL_Driver/Src/stm32h7xx_hal_cortex.o
 *fill*         0x000000000800be5b        0x1 
 .rodata        0x000000000800be5c       0x39 Drivers/STM32H7xx_HAL_Driver/Src/stm32h7xx_hal_dcmi.o
 *fill*         0x000000000800be95        0x3 
 .rodata        0x000000000800be98       0x38 Drivers/STM32H7xx_HAL_Driver/Src/stm32h7xx_hal_dma.o
 .rodata        0x000000000800bed0       0x39 Drivers/STM32H7xx_HAL_Driver/Src/stm32h7xx_hal_gpio.o
 *fill*         0x000000000800bf09        0x3 
 .rodata        0x000000000800bf0c       0x38 Drivers/STM32H7xx_HAL_Driver/Src/stm32h7xx_hal_i2c.o
 .rodata        0x000000000800bf44       0x3b Drivers/STM32H7xx_HAL_Driver/Src/stm32h7xx_hal_i2c_ex.o
 *fill*         0x000000000800bf7f        0x1 
 .rodata        0x000000000800bf80       0x3b Drivers/STM32H7xx_HAL_Driver/Src/stm32h7xx_hal_pwr_ex.o
 *fill*         0x000000000800bfbb        0x1 
 .rodata        0x000000000800bfbc       0x38 Drivers/STM32H7xx_HAL_Driver/Src/stm32h7xx_hal_rcc.o
 .rodata        0x000000000800bff4       0x3b Drivers/STM32H7xx_HAL_Driver/Src/stm32h7xx_hal_rcc_ex.o
 *fill*         0x000000000800c02f        0x1 
 .rodata        0x000000000800c030       0x38 Drivers/STM32H7xx_HAL_Driver/Src/stm32h7xx_hal_spi.o
 .rodata        0x000000000800c068       0x39 Drivers/STM32H7xx_HAL_Driver/Src/stm32h7xx_hal_uart.o
 *fill*         0x000000000800c0a1        0x3 
 .rodata        0x000000000800c0a4       0x4c Drivers/STM32H7xx_HAL_Driver/Src/stm32h7xx_hal_uart_ex.o
 *(.rodata*)
 .rodata.D1CorePrescTable
                0x000000000800c0f0       0x10 Core/Src/system_stm32h7xx.o
                0x000000000800c0f0                D1CorePrescTable
 .rodata.flagBitshiftOffset.10538
                0x000000000800c100        0x8 Drivers/STM32H7xx_HAL_Driver/Src/stm32h7xx_hal_dma.o
 .rodata.JPEG_DCLUM_HuffTable
                0x000000000800c108       0x1c Drivers/STM32H7xx_HAL_Driver/Src/stm32h7xx_hal_jpeg.o
 .rodata.JPEG_DCCHROM_HuffTable
                0x000000000800c124       0x1c Drivers/STM32H7xx_HAL_Driver/Src/stm32h7xx_hal_jpeg.o
 .rodata.JPEG_ACLUM_HuffTable
                0x000000000800c140       0xb2 Drivers/STM32H7xx_HAL_Driver/Src/stm32h7xx_hal_jpeg.o
 *fill*         0x000000000800c1f2        0x2 
 .rodata.JPEG_ACCHROM_HuffTable
                0x000000000800c1f4       0xb2 Drivers/STM32H7xx_HAL_Driver/Src/stm32h7xx_hal_jpeg.o
 *fill*         0x000000000800c2a6        0x2 
 .rodata.JPEG_LUM_QuantTable.10486
                0x000000000800c2a8       0x40 Drivers/STM32H7xx_HAL_Driver/Src/stm32h7xx_hal_jpeg.o
 .rodata.JPEG_CHROM_QuantTable.10487
                0x000000000800c2e8       0x40 Drivers/STM32H7xx_HAL_Driver/Src/stm32h7xx_hal_jpeg.o
                0x000000000800c328                . = ALIGN (0x4)

.ARM.extab      0x000000000800c328        0x0
                0x000000000800c328                . = ALIGN (0x4)
 *(.ARM.extab* .gnu.linkonce.armextab.*)
                0x000000000800c328                . = ALIGN (0x4)

.ARM            0x000000000800c328        0x8
                0x000000000800c328                . = ALIGN (0x4)
                0x000000000800c328                __exidx_start = .
 *(.ARM.exidx*)
 .ARM.exidx     0x000000000800c328        0x8 c:/st/stm32cubeide_1.1.0/stm32cubeide/plugins/com.st.stm32cube.ide.mcu.externaltools.gnu-tools-for-stm32.7-2018-q2-update.win32_1.0.0.201904181610/tools/bin/../lib/gcc/arm-none-eabi/7.3.1/thumb/v7e-m/fpv5/hard\libgcc.a(_udivmoddi4.o)
                0x000000000800c330                __exidx_end = .
                0x000000000800c330                . = ALIGN (0x4)

.rel.dyn        0x000000000800c330        0x0
 .rel.iplt      0x000000000800c330        0x0 c:/st/stm32cubeide_1.1.0/stm32cubeide/plugins/com.st.stm32cube.ide.mcu.externaltools.gnu-tools-for-stm32.7-2018-q2-update.win32_1.0.0.201904181610/tools/bin/../lib/gcc/arm-none-eabi/7.3.1/thumb/v7e-m/fpv5/hard/crtbegin.o

.preinit_array  0x000000000800c330        0x0
                0x000000000800c330                . = ALIGN (0x4)
                0x000000000800c330                PROVIDE (__preinit_array_start = .)
 *(.preinit_array*)
                0x000000000800c330                PROVIDE (__preinit_array_end = .)
                0x000000000800c330                . = ALIGN (0x4)

.init_array     0x000000000800c330        0x4
                0x000000000800c330                . = ALIGN (0x4)
                0x000000000800c330                PROVIDE (__init_array_start = .)
 *(SORT_BY_NAME(.init_array.*))
 *(.init_array*)
 .init_array    0x000000000800c330        0x4 c:/st/stm32cubeide_1.1.0/stm32cubeide/plugins/com.st.stm32cube.ide.mcu.externaltools.gnu-tools-for-stm32.7-2018-q2-update.win32_1.0.0.201904181610/tools/bin/../lib/gcc/arm-none-eabi/7.3.1/thumb/v7e-m/fpv5/hard/crtbegin.o
                0x000000000800c334                PROVIDE (__init_array_end = .)
                0x000000000800c334                . = ALIGN (0x4)

.fini_array     0x000000000800c334        0x4
                0x000000000800c334                . = ALIGN (0x4)
                [!provide]                        PROVIDE (__fini_array_start = .)
 *(SORT_BY_NAME(.fini_array.*))
 *(.fini_array*)
 .fini_array    0x000000000800c334        0x4 c:/st/stm32cubeide_1.1.0/stm32cubeide/plugins/com.st.stm32cube.ide.mcu.externaltools.gnu-tools-for-stm32.7-2018-q2-update.win32_1.0.0.201904181610/tools/bin/../lib/gcc/arm-none-eabi/7.3.1/thumb/v7e-m/fpv5/hard/crtbegin.o
                [!provide]                        PROVIDE (__fini_array_end = .)
                0x000000000800c338                . = ALIGN (0x4)
                0x000000000800c338                _sidata = LOADADDR (.data)

.data           0x0000000024000000       0x10 load address 0x000000000800c338
                0x0000000024000000                . = ALIGN (0x4)
                0x0000000024000000                _sdata = .
 *(.data)
 *(.data*)
 .data.SystemCoreClock
                0x0000000024000000        0x4 Core/Src/system_stm32h7xx.o
                0x0000000024000000                SystemCoreClock
 .data.SystemD2Clock
                0x0000000024000004        0x4 Core/Src/system_stm32h7xx.o
                0x0000000024000004                SystemD2Clock
 .data.uwTickPrio
                0x0000000024000008        0x4 Drivers/STM32H7xx_HAL_Driver/Src/stm32h7xx_hal.o
                0x0000000024000008                uwTickPrio
 .data.uwTickFreq
                0x000000002400000c        0x1 Drivers/STM32H7xx_HAL_Driver/Src/stm32h7xx_hal.o
                0x000000002400000c                uwTickFreq
                0x0000000024000010                . = ALIGN (0x4)
 *fill*         0x000000002400000d        0x3 
                0x0000000024000010                _edata = .

.igot.plt       0x0000000024000010        0x0 load address 0x000000000800c348
 .igot.plt      0x0000000024000010        0x0 c:/st/stm32cubeide_1.1.0/stm32cubeide/plugins/com.st.stm32cube.ide.mcu.externaltools.gnu-tools-for-stm32.7-2018-q2-update.win32_1.0.0.201904181610/tools/bin/../lib/gcc/arm-none-eabi/7.3.1/thumb/v7e-m/fpv5/hard/crtbegin.o
                0x0000000024000010                . = ALIGN (0x4)

.bss            0x0000000024000010      0x2a4 load address 0x000000000800c348
                0x0000000024000010                _sbss = .
                0x0000000024000010                __bss_start__ = _sbss
 *(.bss)
 .bss           0x0000000024000010       0x1c c:/st/stm32cubeide_1.1.0/stm32cubeide/plugins/com.st.stm32cube.ide.mcu.externaltools.gnu-tools-for-stm32.7-2018-q2-update.win32_1.0.0.201904181610/tools/bin/../lib/gcc/arm-none-eabi/7.3.1/thumb/v7e-m/fpv5/hard/crtbegin.o
 *(.bss*)
 .bss.gpfIsr    0x000000002400002c        0x4 wifi/host_drv/bsp/source/nm_bsp.o
 *(COMMON)
 COMMON         0x0000000024000030       0xc8 Core/Src/dcmi.o
                0x0000000024000030                hdma_dcmi
                0x00000000240000a8                hdcmi
 COMMON         0x00000000240000f8       0x4c Core/Src/i2c.o
                0x00000000240000f8                hi2c1
 COMMON         0x0000000024000144       0x58 Core/Src/jpeg.o
                0x0000000024000144                hjpeg
 COMMON         0x000000002400019c       0x88 Core/Src/spi.o
                0x000000002400019c                hspi2
 COMMON         0x0000000024000224       0x8c Core/Src/usart.o
                0x0000000024000224                huart2
 COMMON         0x00000000240002b0        0x4 Drivers/STM32H7xx_HAL_Driver/Src/stm32h7xx_hal.o
                0x00000000240002b0                uwTick
                0x00000000240002b4                . = ALIGN (0x4)
                0x00000000240002b4                _ebss = .
                0x00000000240002b4                __bss_end__ = _ebss

._user_heap_stack
                0x00000000240002b4      0x604 load address 0x000000000800c348
                0x00000000240002b8                . = ALIGN (0x8)
 *fill*         0x00000000240002b4        0x4 
                0x00000000240002b8                PROVIDE (end = .)
                [!provide]                        PROVIDE (_end = .)
                0x00000000240004b8                . = (. + _Min_Heap_Size)
 *fill*         0x00000000240002b8      0x200 
                0x00000000240008b8                . = (. + _Min_Stack_Size)
 *fill*         0x00000000240004b8      0x400 
                0x00000000240008b8                . = ALIGN (0x8)

/DISCARD/
 libc.a(*)
 libm.a(*)
 libgcc.a(*)

.ARM.attributes
                0x0000000000000000       0x2e
 *(.ARM.attributes)
 .ARM.attributes
                0x0000000000000000       0x20 c:/st/stm32cubeide_1.1.0/stm32cubeide/plugins/com.st.stm32cube.ide.mcu.externaltools.gnu-tools-for-stm32.7-2018-q2-update.win32_1.0.0.201904181610/tools/bin/../lib/gcc/arm-none-eabi/7.3.1/thumb/v7e-m/fpv5/hard/crti.o
 .ARM.attributes
                0x0000000000000020       0x32 c:/st/stm32cubeide_1.1.0/stm32cubeide/plugins/com.st.stm32cube.ide.mcu.externaltools.gnu-tools-for-stm32.7-2018-q2-update.win32_1.0.0.201904181610/tools/bin/../lib/gcc/arm-none-eabi/7.3.1/thumb/v7e-m/fpv5/hard/crtbegin.o
 .ARM.attributes
                0x0000000000000052       0x37 Core/Src/dcmi.o
 .ARM.attributes
                0x0000000000000089       0x37 Core/Src/dma.o
 .ARM.attributes
                0x00000000000000c0       0x37 Core/Src/gpio.o
 .ARM.attributes
                0x00000000000000f7       0x37 Core/Src/i2c.o
 .ARM.attributes
                0x000000000000012e       0x37 Core/Src/jpeg.o
 .ARM.attributes
                0x0000000000000165       0x37 Core/Src/main.o
 .ARM.attributes
                0x000000000000019c       0x37 Core/Src/spi.o
 .ARM.attributes
                0x00000000000001d3       0x37 Core/Src/stm32h7xx_hal_msp.o
 .ARM.attributes
                0x000000000000020a       0x37 Core/Src/stm32h7xx_it.o
 .ARM.attributes
                0x0000000000000241       0x37 Core/Src/system_stm32h7xx.o
 .ARM.attributes
                0x0000000000000278       0x37 Core/Src/usart.o
 .ARM.attributes
                0x00000000000002af       0x21 Core/Startup/startup_stm32h743vitx.o
 .ARM.attributes
                0x00000000000002d0       0x37 Drivers/STM32H7xx_HAL_Driver/Src/stm32h7xx_hal.o
 .ARM.attributes
                0x0000000000000307       0x37 Drivers/STM32H7xx_HAL_Driver/Src/stm32h7xx_hal_cortex.o
 .ARM.attributes
                0x000000000000033e       0x37 Drivers/STM32H7xx_HAL_Driver/Src/stm32h7xx_hal_dcmi.o
 .ARM.attributes
                0x0000000000000375       0x37 Drivers/STM32H7xx_HAL_Driver/Src/stm32h7xx_hal_dma.o
 .ARM.attributes
                0x00000000000003ac       0x37 Drivers/STM32H7xx_HAL_Driver/Src/stm32h7xx_hal_gpio.o
 .ARM.attributes
                0x00000000000003e3       0x37 Drivers/STM32H7xx_HAL_Driver/Src/stm32h7xx_hal_i2c.o
 .ARM.attributes
                0x000000000000041a       0x37 Drivers/STM32H7xx_HAL_Driver/Src/stm32h7xx_hal_i2c_ex.o
 .ARM.attributes
                0x0000000000000451       0x37 Drivers/STM32H7xx_HAL_Driver/Src/stm32h7xx_hal_jpeg.o
 .ARM.attributes
                0x0000000000000488       0x37 Drivers/STM32H7xx_HAL_Driver/Src/stm32h7xx_hal_pwr_ex.o
 .ARM.attributes
                0x00000000000004bf       0x37 Drivers/STM32H7xx_HAL_Driver/Src/stm32h7xx_hal_rcc.o
 .ARM.attributes
                0x00000000000004f6       0x37 Drivers/STM32H7xx_HAL_Driver/Src/stm32h7xx_hal_rcc_ex.o
 .ARM.attributes
                0x000000000000052d       0x37 Drivers/STM32H7xx_HAL_Driver/Src/stm32h7xx_hal_spi.o
 .ARM.attributes
                0x0000000000000564       0x37 Drivers/STM32H7xx_HAL_Driver/Src/stm32h7xx_hal_uart.o
 .ARM.attributes
                0x000000000000059b       0x37 Drivers/STM32H7xx_HAL_Driver/Src/stm32h7xx_hal_uart_ex.o
 .ARM.attributes
                0x00000000000005d2       0x37 wifi/host_drv/bsp/source/nm_bsp.o
 .ARM.attributes
                0x0000000000000609       0x37 wifi/host_drv/bus_wrapper/source/nm_bus_wrapper.o
 .ARM.attributes
                0x0000000000000640       0x32 c:/st/stm32cubeide_1.1.0/stm32cubeide/plugins/com.st.stm32cube.ide.mcu.externaltools.gnu-tools-for-stm32.7-2018-q2-update.win32_1.0.0.201904181610/tools/bin/../lib/gcc/arm-none-eabi/7.3.1/../../../../arm-none-eabi/lib/thumb/v7e-m/fpv5/hard\libc_nano.a(lib_a-init.o)
 .ARM.attributes
                0x0000000000000672       0x32 c:/st/stm32cubeide_1.1.0/stm32cubeide/plugins/com.st.stm32cube.ide.mcu.externaltools.gnu-tools-for-stm32.7-2018-q2-update.win32_1.0.0.201904181610/tools/bin/../lib/gcc/arm-none-eabi/7.3.1/../../../../arm-none-eabi/lib/thumb/v7e-m/fpv5/hard\libc_nano.a(lib_a-memset.o)
 .ARM.attributes
                0x00000000000006a4       0x20 c:/st/stm32cubeide_1.1.0/stm32cubeide/plugins/com.st.stm32cube.ide.mcu.externaltools.gnu-tools-for-stm32.7-2018-q2-update.win32_1.0.0.201904181610/tools/bin/../lib/gcc/arm-none-eabi/7.3.1/thumb/v7e-m/fpv5/hard\libgcc.a(_aeabi_uldivmod.o)
 .ARM.attributes
                0x00000000000006c4       0x32 c:/st/stm32cubeide_1.1.0/stm32cubeide/plugins/com.st.stm32cube.ide.mcu.externaltools.gnu-tools-for-stm32.7-2018-q2-update.win32_1.0.0.201904181610/tools/bin/../lib/gcc/arm-none-eabi/7.3.1/thumb/v7e-m/fpv5/hard\libgcc.a(_udivmoddi4.o)
 .ARM.attributes
                0x00000000000006f6       0x20 c:/st/stm32cubeide_1.1.0/stm32cubeide/plugins/com.st.stm32cube.ide.mcu.externaltools.gnu-tools-for-stm32.7-2018-q2-update.win32_1.0.0.201904181610/tools/bin/../lib/gcc/arm-none-eabi/7.3.1/thumb/v7e-m/fpv5/hard\libgcc.a(_dvmd_tls.o)
 .ARM.attributes
                0x0000000000000716       0x20 c:/st/stm32cubeide_1.1.0/stm32cubeide/plugins/com.st.stm32cube.ide.mcu.externaltools.gnu-tools-for-stm32.7-2018-q2-update.win32_1.0.0.201904181610/tools/bin/../lib/gcc/arm-none-eabi/7.3.1/thumb/v7e-m/fpv5/hard/crtn.o
OUTPUT(open-mv-camh7-drone.elf elf32-littlearm)

.debug_info     0x0000000000000000    0x28e77
 .debug_info    0x0000000000000000     0x197d Core/Src/dcmi.o
 .debug_info    0x000000000000197d     0x11d9 Core/Src/dma.o
 .debug_info    0x0000000000002b56     0x1393 Core/Src/gpio.o
 .debug_info    0x0000000000003ee9     0x158d Core/Src/i2c.o
 .debug_info    0x0000000000005476     0x15e5 Core/Src/jpeg.o
 .debug_info    0x0000000000006a5b     0x2967 Core/Src/main.o
 .debug_info    0x00000000000093c2     0x163d Core/Src/spi.o
 .debug_info    0x000000000000a9ff      0xe53 Core/Src/stm32h7xx_hal_msp.o
 .debug_info    0x000000000000b852     0x10b6 Core/Src/stm32h7xx_it.o
 .debug_info    0x000000000000c908     0x1322 Core/Src/system_stm32h7xx.o
 .debug_info    0x000000000000dc2a     0x15dc Core/Src/usart.o
 .debug_info    0x000000000000f206       0x22 Core/Startup/startup_stm32h743vitx.o
 .debug_info    0x000000000000f228     0x1de0 Drivers/STM32H7xx_HAL_Driver/Src/stm32h7xx_hal.o
 .debug_info    0x0000000000011008     0x1a8a Drivers/STM32H7xx_HAL_Driver/Src/stm32h7xx_hal_cortex.o
 .debug_info    0x0000000000012a92     0x147c Drivers/STM32H7xx_HAL_Driver/Src/stm32h7xx_hal_dcmi.o
 .debug_info    0x0000000000013f0e     0x14f6 Drivers/STM32H7xx_HAL_Driver/Src/stm32h7xx_hal_dma.o
 .debug_info    0x0000000000015404     0x1640 Drivers/STM32H7xx_HAL_Driver/Src/stm32h7xx_hal_gpio.o
 .debug_info    0x0000000000016a44     0x2a0f Drivers/STM32H7xx_HAL_Driver/Src/stm32h7xx_hal_i2c.o
 .debug_info    0x0000000000019453     0x1714 Drivers/STM32H7xx_HAL_Driver/Src/stm32h7xx_hal_i2c_ex.o
 .debug_info    0x000000000001ab67     0x2518 Drivers/STM32H7xx_HAL_Driver/Src/stm32h7xx_hal_jpeg.o
 .debug_info    0x000000000001d07f     0x1746 Drivers/STM32H7xx_HAL_Driver/Src/stm32h7xx_hal_pwr_ex.o
 .debug_info    0x000000000001e7c5     0x1760 Drivers/STM32H7xx_HAL_Driver/Src/stm32h7xx_hal_rcc.o
 .debug_info    0x000000000001ff25     0x18cf Drivers/STM32H7xx_HAL_Driver/Src/stm32h7xx_hal_rcc_ex.o
 .debug_info    0x00000000000217f4     0x1d31 Drivers/STM32H7xx_HAL_Driver/Src/stm32h7xx_hal_spi.o
 .debug_info    0x0000000000023525     0x2478 Drivers/STM32H7xx_HAL_Driver/Src/stm32h7xx_hal_uart.o
 .debug_info    0x000000000002599d     0x1483 Drivers/STM32H7xx_HAL_Driver/Src/stm32h7xx_hal_uart_ex.o
 .debug_info    0x0000000000026e20      0xc81 wifi/host_drv/bsp/source/nm_bsp.o
 .debug_info    0x0000000000027aa1     0x13d6 wifi/host_drv/bus_wrapper/source/nm_bus_wrapper.o

.debug_abbrev   0x0000000000000000     0x4321
 .debug_abbrev  0x0000000000000000      0x244 Core/Src/dcmi.o
 .debug_abbrev  0x0000000000000244      0x1e5 Core/Src/dma.o
 .debug_abbrev  0x0000000000000429      0x1fd Core/Src/gpio.o
 .debug_abbrev  0x0000000000000626      0x233 Core/Src/i2c.o
 .debug_abbrev  0x0000000000000859      0x228 Core/Src/jpeg.o
 .debug_abbrev  0x0000000000000a81      0x295 Core/Src/main.o
 .debug_abbrev  0x0000000000000d16      0x233 Core/Src/spi.o
 .debug_abbrev  0x0000000000000f49      0x1e5 Core/Src/stm32h7xx_hal_msp.o
 .debug_abbrev  0x000000000000112e      0x1d6 Core/Src/stm32h7xx_it.o
 .debug_abbrev  0x0000000000001304      0x21f Core/Src/system_stm32h7xx.o
 .debug_abbrev  0x0000000000001523      0x233 Core/Src/usart.o
 .debug_abbrev  0x0000000000001756       0x12 Core/Startup/startup_stm32h743vitx.o
 .debug_abbrev  0x0000000000001768      0x2c1 Drivers/STM32H7xx_HAL_Driver/Src/stm32h7xx_hal.o
 .debug_abbrev  0x0000000000001a29      0x3b5 Drivers/STM32H7xx_HAL_Driver/Src/stm32h7xx_hal_cortex.o
 .debug_abbrev  0x0000000000001dde      0x28f Drivers/STM32H7xx_HAL_Driver/Src/stm32h7xx_hal_dcmi.o
 .debug_abbrev  0x000000000000206d      0x289 Drivers/STM32H7xx_HAL_Driver/Src/stm32h7xx_hal_dma.o
 .debug_abbrev  0x00000000000022f6      0x28f Drivers/STM32H7xx_HAL_Driver/Src/stm32h7xx_hal_gpio.o
 .debug_abbrev  0x0000000000002585      0x2ac Drivers/STM32H7xx_HAL_Driver/Src/stm32h7xx_hal_i2c.o
 .debug_abbrev  0x0000000000002831      0x266 Drivers/STM32H7xx_HAL_Driver/Src/stm32h7xx_hal_i2c_ex.o
 .debug_abbrev  0x0000000000002a97      0x2e2 Drivers/STM32H7xx_HAL_Driver/Src/stm32h7xx_hal_jpeg.o
 .debug_abbrev  0x0000000000002d79      0x345 Drivers/STM32H7xx_HAL_Driver/Src/stm32h7xx_hal_pwr_ex.o
 .debug_abbrev  0x00000000000030be      0x2e2 Drivers/STM32H7xx_HAL_Driver/Src/stm32h7xx_hal_rcc.o
 .debug_abbrev  0x00000000000033a0      0x2c3 Drivers/STM32H7xx_HAL_Driver/Src/stm32h7xx_hal_rcc_ex.o
 .debug_abbrev  0x0000000000003663      0x2d5 Drivers/STM32H7xx_HAL_Driver/Src/stm32h7xx_hal_spi.o
 .debug_abbrev  0x0000000000003938      0x2ae Drivers/STM32H7xx_HAL_Driver/Src/stm32h7xx_hal_uart.o
 .debug_abbrev  0x0000000000003be6      0x287 Drivers/STM32H7xx_HAL_Driver/Src/stm32h7xx_hal_uart_ex.o
 .debug_abbrev  0x0000000000003e6d      0x256 wifi/host_drv/bsp/source/nm_bsp.o
 .debug_abbrev  0x00000000000040c3      0x25e wifi/host_drv/bus_wrapper/source/nm_bus_wrapper.o

.debug_aranges  0x0000000000000000     0x1328
 .debug_aranges
                0x0000000000000000       0x30 Core/Src/dcmi.o
 .debug_aranges
                0x0000000000000030       0x20 Core/Src/dma.o
 .debug_aranges
                0x0000000000000050       0x20 Core/Src/gpio.o
 .debug_aranges
                0x0000000000000070       0x30 Core/Src/i2c.o
 .debug_aranges
                0x00000000000000a0       0x30 Core/Src/jpeg.o
 .debug_aranges
                0x00000000000000d0       0x48 Core/Src/main.o
 .debug_aranges
                0x0000000000000118       0x30 Core/Src/spi.o
 .debug_aranges
                0x0000000000000148       0x20 Core/Src/stm32h7xx_hal_msp.o
 .debug_aranges
                0x0000000000000168       0x78 Core/Src/stm32h7xx_it.o
 .debug_aranges
                0x00000000000001e0       0x28 Core/Src/system_stm32h7xx.o
 .debug_aranges
                0x0000000000000208       0x30 Core/Src/usart.o
 .debug_aranges
                0x0000000000000238       0x28 Core/Startup/startup_stm32h743vitx.o
 .debug_aranges
                0x0000000000000260      0x1b8 Drivers/STM32H7xx_HAL_Driver/Src/stm32h7xx_hal.o
 .debug_aranges
                0x0000000000000418      0x120 Drivers/STM32H7xx_HAL_Driver/Src/stm32h7xx_hal_cortex.o
 .debug_aranges
                0x0000000000000538       0xb8 Drivers/STM32H7xx_HAL_Driver/Src/stm32h7xx_hal_dcmi.o
 .debug_aranges
                0x00000000000005f0       0xa0 Drivers/STM32H7xx_HAL_Driver/Src/stm32h7xx_hal_dma.o
 .debug_aranges
                0x0000000000000690       0x58 Drivers/STM32H7xx_HAL_Driver/Src/stm32h7xx_hal_gpio.o
 .debug_aranges
                0x00000000000006e8      0x288 Drivers/STM32H7xx_HAL_Driver/Src/stm32h7xx_hal_i2c.o
 .debug_aranges
                0x0000000000000970       0x48 Drivers/STM32H7xx_HAL_Driver/Src/stm32h7xx_hal_i2c_ex.o
 .debug_aranges
                0x00000000000009b8      0x1c0 Drivers/STM32H7xx_HAL_Driver/Src/stm32h7xx_hal_jpeg.o
 .debug_aranges
                0x0000000000000b78      0x158 Drivers/STM32H7xx_HAL_Driver/Src/stm32h7xx_hal_pwr_ex.o
 .debug_aranges
                0x0000000000000cd0       0x88 Drivers/STM32H7xx_HAL_Driver/Src/stm32h7xx_hal_rcc.o
 .debug_aranges
                0x0000000000000d58       0xe0 Drivers/STM32H7xx_HAL_Driver/Src/stm32h7xx_hal_rcc_ex.o
 .debug_aranges
                0x0000000000000e38      0x1a0 Drivers/STM32H7xx_HAL_Driver/Src/stm32h7xx_hal_spi.o
 .debug_aranges
                0x0000000000000fd8      0x230 Drivers/STM32H7xx_HAL_Driver/Src/stm32h7xx_hal_uart.o
 .debug_aranges
                0x0000000000001208       0x88 Drivers/STM32H7xx_HAL_Driver/Src/stm32h7xx_hal_uart_ex.o
 .debug_aranges
                0x0000000000001290       0x50 wifi/host_drv/bsp/source/nm_bsp.o
 .debug_aranges
                0x00000000000012e0       0x48 wifi/host_drv/bus_wrapper/source/nm_bus_wrapper.o

.debug_ranges   0x0000000000000000     0x1170
 .debug_ranges  0x0000000000000000       0x20 Core/Src/dcmi.o
 .debug_ranges  0x0000000000000020       0x10 Core/Src/dma.o
 .debug_ranges  0x0000000000000030       0x10 Core/Src/gpio.o
 .debug_ranges  0x0000000000000040       0x20 Core/Src/i2c.o
 .debug_ranges  0x0000000000000060       0x20 Core/Src/jpeg.o
 .debug_ranges  0x0000000000000080       0x38 Core/Src/main.o
 .debug_ranges  0x00000000000000b8       0x20 Core/Src/spi.o
 .debug_ranges  0x00000000000000d8       0x10 Core/Src/stm32h7xx_hal_msp.o
 .debug_ranges  0x00000000000000e8       0x68 Core/Src/stm32h7xx_it.o
 .debug_ranges  0x0000000000000150       0x18 Core/Src/system_stm32h7xx.o
 .debug_ranges  0x0000000000000168       0x20 Core/Src/usart.o
 .debug_ranges  0x0000000000000188       0x20 Core/Startup/startup_stm32h743vitx.o
 .debug_ranges  0x00000000000001a8      0x1a8 Drivers/STM32H7xx_HAL_Driver/Src/stm32h7xx_hal.o
 .debug_ranges  0x0000000000000350      0x110 Drivers/STM32H7xx_HAL_Driver/Src/stm32h7xx_hal_cortex.o
 .debug_ranges  0x0000000000000460       0xa8 Drivers/STM32H7xx_HAL_Driver/Src/stm32h7xx_hal_dcmi.o
 .debug_ranges  0x0000000000000508       0x90 Drivers/STM32H7xx_HAL_Driver/Src/stm32h7xx_hal_dma.o
 .debug_ranges  0x0000000000000598       0x48 Drivers/STM32H7xx_HAL_Driver/Src/stm32h7xx_hal_gpio.o
 .debug_ranges  0x00000000000005e0      0x278 Drivers/STM32H7xx_HAL_Driver/Src/stm32h7xx_hal_i2c.o
 .debug_ranges  0x0000000000000858       0x38 Drivers/STM32H7xx_HAL_Driver/Src/stm32h7xx_hal_i2c_ex.o
 .debug_ranges  0x0000000000000890      0x1b0 Drivers/STM32H7xx_HAL_Driver/Src/stm32h7xx_hal_jpeg.o
 .debug_ranges  0x0000000000000a40      0x148 Drivers/STM32H7xx_HAL_Driver/Src/stm32h7xx_hal_pwr_ex.o
 .debug_ranges  0x0000000000000b88       0x78 Drivers/STM32H7xx_HAL_Driver/Src/stm32h7xx_hal_rcc.o
 .debug_ranges  0x0000000000000c00       0xd0 Drivers/STM32H7xx_HAL_Driver/Src/stm32h7xx_hal_rcc_ex.o
 .debug_ranges  0x0000000000000cd0      0x190 Drivers/STM32H7xx_HAL_Driver/Src/stm32h7xx_hal_spi.o
 .debug_ranges  0x0000000000000e60      0x220 Drivers/STM32H7xx_HAL_Driver/Src/stm32h7xx_hal_uart.o
 .debug_ranges  0x0000000000001080       0x78 Drivers/STM32H7xx_HAL_Driver/Src/stm32h7xx_hal_uart_ex.o
 .debug_ranges  0x00000000000010f8       0x40 wifi/host_drv/bsp/source/nm_bsp.o
 .debug_ranges  0x0000000000001138       0x38 wifi/host_drv/bus_wrapper/source/nm_bus_wrapper.o

.debug_macro    0x0000000000000000    0x383f9
 .debug_macro   0x0000000000000000      0x2c8 Core/Src/dcmi.o
 .debug_macro   0x00000000000002c8      0xa66 Core/Src/dcmi.o
 .debug_macro   0x0000000000000d2e      0x1ee Core/Src/dcmi.o
 .debug_macro   0x0000000000000f1c       0x2e Core/Src/dcmi.o
 .debug_macro   0x0000000000000f4a       0x3b Core/Src/dcmi.o
 .debug_macro   0x0000000000000f85       0x22 Core/Src/dcmi.o
 .debug_macro   0x0000000000000fa7       0x8e Core/Src/dcmi.o
 .debug_macro   0x0000000000001035       0x51 Core/Src/dcmi.o
 .debug_macro   0x0000000000001086       0xef Core/Src/dcmi.o
 .debug_macro   0x0000000000001175       0x6a Core/Src/dcmi.o
 .debug_macro   0x00000000000011df      0x1df Core/Src/dcmi.o
 .debug_macro   0x00000000000013be       0x1c Core/Src/dcmi.o
 .debug_macro   0x00000000000013da       0x22 Core/Src/dcmi.o
 .debug_macro   0x00000000000013fc       0xdf Core/Src/dcmi.o
 .debug_macro   0x00000000000014db     0x12cd Core/Src/dcmi.o
 .debug_macro   0x00000000000027a8      0x11f Core/Src/dcmi.o
 .debug_macro   0x00000000000028c7       0x19 Core/Src/dcmi.o
 .debug_macro   0x00000000000028e0    0x250ca Core/Src/dcmi.o
 .debug_macro   0x00000000000279aa       0x43 Core/Src/dcmi.o
 .debug_macro   0x00000000000279ed     0x3bd7 Core/Src/dcmi.o
 .debug_macro   0x000000000002b5c4      0x174 Core/Src/dcmi.o
 .debug_macro   0x000000000002b738       0x46 Core/Src/dcmi.o
 .debug_macro   0x000000000002b77e       0x17 Core/Src/dcmi.o
 .debug_macro   0x000000000002b795       0x3c Core/Src/dcmi.o
 .debug_macro   0x000000000002b7d1       0x34 Core/Src/dcmi.o
 .debug_macro   0x000000000002b805       0x52 Core/Src/dcmi.o
 .debug_macro   0x000000000002b857       0x1f Core/Src/dcmi.o
 .debug_macro   0x000000000002b876       0x43 Core/Src/dcmi.o
 .debug_macro   0x000000000002b8b9       0x20 Core/Src/dcmi.o
 .debug_macro   0x000000000002b8d9      0x1a3 Core/Src/dcmi.o
 .debug_macro   0x000000000002ba7c      0x32a Core/Src/dcmi.o
 .debug_macro   0x000000000002bda6      0x1e1 Core/Src/dcmi.o
 .debug_macro   0x000000000002bf87       0x54 Core/Src/dcmi.o
 .debug_macro   0x000000000002bfdb     0x23dd Core/Src/dcmi.o
 .debug_macro   0x000000000002e3b8      0xf3e Core/Src/dcmi.o
 .debug_macro   0x000000000002f2f6      0x146 Core/Src/dcmi.o
 .debug_macro   0x000000000002f43c      0x117 Core/Src/dcmi.o
 .debug_macro   0x000000000002f553      0x362 Core/Src/dcmi.o
 .debug_macro   0x000000000002f8b5       0x27 Core/Src/dcmi.o
 .debug_macro   0x000000000002f8dc      0x72d Core/Src/dcmi.o
 .debug_macro   0x0000000000030009      0x229 Core/Src/dcmi.o
 .debug_macro   0x0000000000030232       0x66 Core/Src/dcmi.o
 .debug_macro   0x0000000000030298      0x39f Core/Src/dcmi.o
 .debug_macro   0x0000000000030637      0x22c Core/Src/dcmi.o
 .debug_macro   0x0000000000030863      0x3e5 Core/Src/dcmi.o
 .debug_macro   0x0000000000030c48      0x275 Core/Src/dcmi.o
 .debug_macro   0x0000000000030ebd      0x3c6 Core/Src/dcmi.o
 .debug_macro   0x0000000000031283      0x40f Core/Src/dcmi.o
 .debug_macro   0x0000000000031692       0x51 Core/Src/dcmi.o
 .debug_macro   0x00000000000316e3       0x4a Core/Src/dcmi.o
 .debug_macro   0x000000000003172d      0x22c Core/Src/dcmi.o
 .debug_macro   0x0000000000031959       0x58 Core/Src/dcmi.o
 .debug_macro   0x00000000000319b1       0xa5 Core/Src/dcmi.o
 .debug_macro   0x0000000000031a56      0x137 Core/Src/dcmi.o
 .debug_macro   0x0000000000031b8d      0x165 Core/Src/dcmi.o
 .debug_macro   0x0000000000031cf2      0x246 Core/Src/dcmi.o
 .debug_macro   0x0000000000031f38       0x35 Core/Src/dcmi.o
 .debug_macro   0x0000000000031f6d      0x5dd Core/Src/dcmi.o
 .debug_macro   0x000000000003254a       0x9e Core/Src/dcmi.o
 .debug_macro   0x00000000000325e8      0x662 Core/Src/dcmi.o
 .debug_macro   0x0000000000032c4a       0xa6 Core/Src/dcmi.o
 .debug_macro   0x0000000000032cf0      0x57c Core/Src/dcmi.o
 .debug_macro   0x000000000003326c      0x2c8 Core/Src/dma.o
 .debug_macro   0x0000000000033534      0x2cd Core/Src/gpio.o
 .debug_macro   0x0000000000033801       0x5e Core/Src/gpio.o
 .debug_macro   0x000000000003385f      0x2c8 Core/Src/i2c.o
 .debug_macro   0x0000000000033b27      0x2c8 Core/Src/jpeg.o
 .debug_macro   0x0000000000033def      0x34d Core/Src/main.o
 .debug_macro   0x000000000003413c       0x64 Core/Src/main.o
 .debug_macro   0x00000000000341a0       0x2a Core/Src/main.o
 .debug_macro   0x00000000000341ca       0x46 Core/Src/main.o
 .debug_macro   0x0000000000034210      0x195 Core/Src/main.o
 .debug_macro   0x00000000000343a5       0x16 Core/Src/main.o
 .debug_macro   0x00000000000343bb      0x2c8 Core/Src/spi.o
 .debug_macro   0x0000000000034683      0x2be Core/Src/stm32h7xx_hal_msp.o
 .debug_macro   0x0000000000034941      0x2c8 Core/Src/stm32h7xx_it.o
 .debug_macro   0x0000000000034c09      0x2ba Core/Src/system_stm32h7xx.o
 .debug_macro   0x0000000000034ec3      0x2c8 Core/Src/usart.o
 .debug_macro   0x000000000003518b      0x2de Drivers/STM32H7xx_HAL_Driver/Src/stm32h7xx_hal.o
 .debug_macro   0x0000000000035469      0x2b4 Drivers/STM32H7xx_HAL_Driver/Src/stm32h7xx_hal_cortex.o
 .debug_macro   0x000000000003571d      0x2bb Drivers/STM32H7xx_HAL_Driver/Src/stm32h7xx_hal_dcmi.o
 .debug_macro   0x00000000000359d8      0x301 Drivers/STM32H7xx_HAL_Driver/Src/stm32h7xx_hal_dma.o
 .debug_macro   0x0000000000035cd9      0x2f0 Drivers/STM32H7xx_HAL_Driver/Src/stm32h7xx_hal_gpio.o
 .debug_macro   0x0000000000035fc9      0x379 Drivers/STM32H7xx_HAL_Driver/Src/stm32h7xx_hal_i2c.o
 .debug_macro   0x0000000000036342      0x2b4 Drivers/STM32H7xx_HAL_Driver/Src/stm32h7xx_hal_i2c_ex.o
 .debug_macro   0x00000000000365f6      0x341 Drivers/STM32H7xx_HAL_Driver/Src/stm32h7xx_hal_jpeg.o
 .debug_macro   0x0000000000036937      0x2e4 Drivers/STM32H7xx_HAL_Driver/Src/stm32h7xx_hal_pwr_ex.o
 .debug_macro   0x0000000000036c1b      0x2d8 Drivers/STM32H7xx_HAL_Driver/Src/stm32h7xx_hal_rcc.o
 .debug_macro   0x0000000000036ef3      0x2d2 Drivers/STM32H7xx_HAL_Driver/Src/stm32h7xx_hal_rcc_ex.o
 .debug_macro   0x00000000000371c5      0x2bc Drivers/STM32H7xx_HAL_Driver/Src/stm32h7xx_hal_spi.o
 .debug_macro   0x0000000000037481      0x2df Drivers/STM32H7xx_HAL_Driver/Src/stm32h7xx_hal_uart.o
 .debug_macro   0x0000000000037760      0x2c0 Drivers/STM32H7xx_HAL_Driver/Src/stm32h7xx_hal_uart_ex.o
 .debug_macro   0x0000000000037a20      0x2f8 wifi/host_drv/bsp/source/nm_bsp.o
 .debug_macro   0x0000000000037d18       0x30 wifi/host_drv/bsp/source/nm_bsp.o
 .debug_macro   0x0000000000037d48       0x4c wifi/host_drv/bsp/source/nm_bsp.o
 .debug_macro   0x0000000000037d94      0x3dc wifi/host_drv/bus_wrapper/source/nm_bus_wrapper.o
 .debug_macro   0x0000000000038170       0x97 wifi/host_drv/bus_wrapper/source/nm_bus_wrapper.o
 .debug_macro   0x0000000000038207       0xfd wifi/host_drv/bus_wrapper/source/nm_bus_wrapper.o
 .debug_macro   0x0000000000038304       0x1c wifi/host_drv/bus_wrapper/source/nm_bus_wrapper.o
 .debug_macro   0x0000000000038320       0xd9 wifi/host_drv/bus_wrapper/source/nm_bus_wrapper.o

.debug_line     0x0000000000000000    0x182f1
 .debug_line    0x0000000000000000      0x8db Core/Src/dcmi.o
 .debug_line    0x00000000000008db      0x873 Core/Src/dma.o
 .debug_line    0x000000000000114e      0x8a5 Core/Src/gpio.o
 .debug_line    0x00000000000019f3      0x8ad Core/Src/i2c.o
 .debug_line    0x00000000000022a0      0x899 Core/Src/jpeg.o
 .debug_line    0x0000000000002b39      0xaf2 Core/Src/main.o
 .debug_line    0x000000000000362b      0x8b6 Core/Src/spi.o
 .debug_line    0x0000000000003ee1      0x877 Core/Src/stm32h7xx_hal_msp.o
 .debug_line    0x0000000000004758      0x952 Core/Src/stm32h7xx_it.o
 .debug_line    0x00000000000050aa      0x8b8 Core/Src/system_stm32h7xx.o
 .debug_line    0x0000000000005962      0x8b6 Core/Src/usart.o
 .debug_line    0x0000000000006218       0x85 Core/Startup/startup_stm32h743vitx.o
 .debug_line    0x000000000000629d     0x1201 Drivers/STM32H7xx_HAL_Driver/Src/stm32h7xx_hal.o
 .debug_line    0x000000000000749e      0xd95 Drivers/STM32H7xx_HAL_Driver/Src/stm32h7xx_hal_cortex.o
 .debug_line    0x0000000000008233      0xc26 Drivers/STM32H7xx_HAL_Driver/Src/stm32h7xx_hal_dcmi.o
 .debug_line    0x0000000000008e59     0x1a58 Drivers/STM32H7xx_HAL_Driver/Src/stm32h7xx_hal_dma.o
 .debug_line    0x000000000000a8b1      0xc2a Drivers/STM32H7xx_HAL_Driver/Src/stm32h7xx_hal_gpio.o
 .debug_line    0x000000000000b4db     0x2100 Drivers/STM32H7xx_HAL_Driver/Src/stm32h7xx_hal_i2c.o
 .debug_line    0x000000000000d5db      0xa83 Drivers/STM32H7xx_HAL_Driver/Src/stm32h7xx_hal_i2c_ex.o
 .debug_line    0x000000000000e05e     0x1415 Drivers/STM32H7xx_HAL_Driver/Src/stm32h7xx_hal_jpeg.o
 .debug_line    0x000000000000f473      0xe20 Drivers/STM32H7xx_HAL_Driver/Src/stm32h7xx_hal_pwr_ex.o
 .debug_line    0x0000000000010293      0xf78 Drivers/STM32H7xx_HAL_Driver/Src/stm32h7xx_hal_rcc.o
 .debug_line    0x000000000001120b     0x1173 Drivers/STM32H7xx_HAL_Driver/Src/stm32h7xx_hal_rcc_ex.o
 .debug_line    0x000000000001237e     0x1529 Drivers/STM32H7xx_HAL_Driver/Src/stm32h7xx_hal_spi.o
 .debug_line    0x00000000000138a7     0x283e Drivers/STM32H7xx_HAL_Driver/Src/stm32h7xx_hal_uart.o
 .debug_line    0x00000000000160e5      0xc7a Drivers/STM32H7xx_HAL_Driver/Src/stm32h7xx_hal_uart_ex.o
 .debug_line    0x0000000000016d5f      0xa20 wifi/host_drv/bsp/source/nm_bsp.o
 .debug_line    0x000000000001777f      0xb72 wifi/host_drv/bus_wrapper/source/nm_bus_wrapper.o

.debug_str      0x0000000000000000   0x15bac5
 .debug_str     0x0000000000000000   0x15363d Core/Src/dcmi.o
                                     0x153c46 (size before relaxing)
 .debug_str     0x000000000015363d       0x27 Core/Src/dma.o
                                     0x153657 (size before relaxing)
 .debug_str     0x0000000000153664      0x1c1 Core/Src/gpio.o
                                     0x153872 (size before relaxing)
 .debug_str     0x0000000000153825      0x2c8 Core/Src/i2c.o
                                     0x153494 (size before relaxing)
 .debug_str     0x0000000000153aed      0x55f Core/Src/jpeg.o
                                     0x153427 (size before relaxing)
 .debug_str     0x000000000015404c     0x12a4 Core/Src/main.o
                                     0x154e47 (size before relaxing)
 .debug_str     0x00000000001552f0       0x4b Core/Src/spi.o
                                     0x1534aa (size before relaxing)
 .debug_str     0x000000000015533b       0x2c Core/Src/stm32h7xx_hal_msp.o
                                     0x152e3f (size before relaxing)
 .debug_str     0x0000000000155367       0xea Core/Src/stm32h7xx_it.o
                                     0x1531f0 (size before relaxing)
 .debug_str     0x0000000000155451      0x1e7 Core/Src/system_stm32h7xx.o
                                     0x152ff9 (size before relaxing)
 .debug_str     0x0000000000155638       0x57 Core/Src/usart.o
                                     0x153414 (size before relaxing)
 .debug_str     0x000000000015568f       0x86 Core/Startup/startup_stm32h743vitx.o
 .debug_str     0x0000000000155715      0x7cb Drivers/STM32H7xx_HAL_Driver/Src/stm32h7xx_hal.o
                                     0x153fba (size before relaxing)
 .debug_str     0x0000000000155ee0      0x3a1 Drivers/STM32H7xx_HAL_Driver/Src/stm32h7xx_hal_cortex.o
                                     0x153a7a (size before relaxing)
 .debug_str     0x0000000000156281      0x1cd Drivers/STM32H7xx_HAL_Driver/Src/stm32h7xx_hal_dcmi.o
                                     0x15336a (size before relaxing)
 .debug_str     0x000000000015644e      0x6df Drivers/STM32H7xx_HAL_Driver/Src/stm32h7xx_hal_dma.o
                                     0x153649 (size before relaxing)
 .debug_str     0x0000000000156b2d      0x1df Drivers/STM32H7xx_HAL_Driver/Src/stm32h7xx_hal_gpio.o
                                     0x1531fe (size before relaxing)
 .debug_str     0x0000000000156d0c      0xcf5 Drivers/STM32H7xx_HAL_Driver/Src/stm32h7xx_hal_i2c.o
                                     0x154045 (size before relaxing)
 .debug_str     0x0000000000157a01       0xb8 Drivers/STM32H7xx_HAL_Driver/Src/stm32h7xx_hal_i2c_ex.o
                                     0x153539 (size before relaxing)
 .debug_str     0x0000000000157ab9      0xbdb Drivers/STM32H7xx_HAL_Driver/Src/stm32h7xx_hal_jpeg.o
                                     0x153de6 (size before relaxing)
 .debug_str     0x0000000000158694      0x67f Drivers/STM32H7xx_HAL_Driver/Src/stm32h7xx_hal_pwr_ex.o
                                     0x15359c (size before relaxing)
 .debug_str     0x0000000000158d13      0x36e Drivers/STM32H7xx_HAL_Driver/Src/stm32h7xx_hal_rcc.o
                                     0x15345b (size before relaxing)
 .debug_str     0x0000000000159081      0x603 Drivers/STM32H7xx_HAL_Driver/Src/stm32h7xx_hal_rcc_ex.o
                                     0x153832 (size before relaxing)
 .debug_str     0x0000000000159684      0x4e3 Drivers/STM32H7xx_HAL_Driver/Src/stm32h7xx_hal_spi.o
                                     0x15372e (size before relaxing)
 .debug_str     0x0000000000159b67      0x93a Drivers/STM32H7xx_HAL_Driver/Src/stm32h7xx_hal_uart.o
                                     0x153db5 (size before relaxing)
 .debug_str     0x000000000015a4a1      0x28d Drivers/STM32H7xx_HAL_Driver/Src/stm32h7xx_hal_uart_ex.o
                                     0x1533fd (size before relaxing)
 .debug_str     0x000000000015a72e       0xd2 wifi/host_drv/bsp/source/nm_bsp.o
                                     0x1536d1 (size before relaxing)
 .debug_str     0x000000000015a800     0x12c5 wifi/host_drv/bus_wrapper/source/nm_bus_wrapper.o
                                     0x154f33 (size before relaxing)

.comment        0x0000000000000000       0x7b
 .comment       0x0000000000000000       0x7b Core/Src/dcmi.o
                                         0x7c (size before relaxing)
 .comment       0x000000000000007b       0x7c Core/Src/dma.o
 .comment       0x000000000000007b       0x7c Core/Src/gpio.o
 .comment       0x000000000000007b       0x7c Core/Src/i2c.o
 .comment       0x000000000000007b       0x7c Core/Src/jpeg.o
 .comment       0x000000000000007b       0x7c Core/Src/main.o
 .comment       0x000000000000007b       0x7c Core/Src/spi.o
 .comment       0x000000000000007b       0x7c Core/Src/stm32h7xx_hal_msp.o
 .comment       0x000000000000007b       0x7c Core/Src/stm32h7xx_it.o
 .comment       0x000000000000007b       0x7c Core/Src/system_stm32h7xx.o
 .comment       0x000000000000007b       0x7c Core/Src/usart.o
 .comment       0x000000000000007b       0x7c Drivers/STM32H7xx_HAL_Driver/Src/stm32h7xx_hal.o
 .comment       0x000000000000007b       0x7c Drivers/STM32H7xx_HAL_Driver/Src/stm32h7xx_hal_cortex.o
 .comment       0x000000000000007b       0x7c Drivers/STM32H7xx_HAL_Driver/Src/stm32h7xx_hal_dcmi.o
 .comment       0x000000000000007b       0x7c Drivers/STM32H7xx_HAL_Driver/Src/stm32h7xx_hal_dma.o
 .comment       0x000000000000007b       0x7c Drivers/STM32H7xx_HAL_Driver/Src/stm32h7xx_hal_gpio.o
 .comment       0x000000000000007b       0x7c Drivers/STM32H7xx_HAL_Driver/Src/stm32h7xx_hal_i2c.o
 .comment       0x000000000000007b       0x7c Drivers/STM32H7xx_HAL_Driver/Src/stm32h7xx_hal_i2c_ex.o
 .comment       0x000000000000007b       0x7c Drivers/STM32H7xx_HAL_Driver/Src/stm32h7xx_hal_jpeg.o
 .comment       0x000000000000007b       0x7c Drivers/STM32H7xx_HAL_Driver/Src/stm32h7xx_hal_pwr_ex.o
 .comment       0x000000000000007b       0x7c Drivers/STM32H7xx_HAL_Driver/Src/stm32h7xx_hal_rcc.o
 .comment       0x000000000000007b       0x7c Drivers/STM32H7xx_HAL_Driver/Src/stm32h7xx_hal_rcc_ex.o
 .comment       0x000000000000007b       0x7c Drivers/STM32H7xx_HAL_Driver/Src/stm32h7xx_hal_spi.o
 .comment       0x000000000000007b       0x7c Drivers/STM32H7xx_HAL_Driver/Src/stm32h7xx_hal_uart.o
 .comment       0x000000000000007b       0x7c Drivers/STM32H7xx_HAL_Driver/Src/stm32h7xx_hal_uart_ex.o
 .comment       0x000000000000007b       0x7c wifi/host_drv/bsp/source/nm_bsp.o
 .comment       0x000000000000007b       0x7c wifi/host_drv/bus_wrapper/source/nm_bus_wrapper.o

.debug_frame    0x0000000000000000     0x4dcc
 .debug_frame   0x0000000000000000       0x74 Core/Src/dcmi.o
 .debug_frame   0x0000000000000074       0x34 Core/Src/dma.o
 .debug_frame   0x00000000000000a8       0x34 Core/Src/gpio.o
 .debug_frame   0x00000000000000dc       0x74 Core/Src/i2c.o
 .debug_frame   0x0000000000000150       0x7c Core/Src/jpeg.o
 .debug_frame   0x00000000000001cc       0xe0 Core/Src/main.o
 .debug_frame   0x00000000000002ac       0x74 Core/Src/spi.o
 .debug_frame   0x0000000000000320       0x38 Core/Src/stm32h7xx_hal_msp.o
 .debug_frame   0x0000000000000358      0x160 Core/Src/stm32h7xx_it.o
 .debug_frame   0x00000000000004b8       0x58 Core/Src/system_stm32h7xx.o
 .debug_frame   0x0000000000000510       0x74 Core/Src/usart.o
 .debug_frame   0x0000000000000584      0x6d8 Drivers/STM32H7xx_HAL_Driver/Src/stm32h7xx_hal.o
 .debug_frame   0x0000000000000c5c      0x4b4 Drivers/STM32H7xx_HAL_Driver/Src/stm32h7xx_hal_cortex.o
 .debug_frame   0x0000000000001110      0x320 Drivers/STM32H7xx_HAL_Driver/Src/stm32h7xx_hal_dcmi.o
 .debug_frame   0x0000000000001430      0x2b8 Drivers/STM32H7xx_HAL_Driver/Src/stm32h7xx_hal_dma.o
 .debug_frame   0x00000000000016e8      0x13c Drivers/STM32H7xx_HAL_Driver/Src/stm32h7xx_hal_gpio.o
 .debug_frame   0x0000000000001824      0xbcc Drivers/STM32H7xx_HAL_Driver/Src/stm32h7xx_hal_i2c.o
 .debug_frame   0x00000000000023f0       0xe8 Drivers/STM32H7xx_HAL_Driver/Src/stm32h7xx_hal_i2c_ex.o
 .debug_frame   0x00000000000024d8      0x804 Drivers/STM32H7xx_HAL_Driver/Src/stm32h7xx_hal_jpeg.o
 .debug_frame   0x0000000000002cdc      0x558 Drivers/STM32H7xx_HAL_Driver/Src/stm32h7xx_hal_pwr_ex.o
 .debug_frame   0x0000000000003234      0x1ec Drivers/STM32H7xx_HAL_Driver/Src/stm32h7xx_hal_rcc.o
 .debug_frame   0x0000000000003420      0x388 Drivers/STM32H7xx_HAL_Driver/Src/stm32h7xx_hal_rcc_ex.o
 .debug_frame   0x00000000000037a8      0x774 Drivers/STM32H7xx_HAL_Driver/Src/stm32h7xx_hal_spi.o
 .debug_frame   0x0000000000003f1c      0xa04 Drivers/STM32H7xx_HAL_Driver/Src/stm32h7xx_hal_uart.o
 .debug_frame   0x0000000000004920      0x224 Drivers/STM32H7xx_HAL_Driver/Src/stm32h7xx_hal_uart_ex.o
 .debug_frame   0x0000000000004b44       0xf4 wifi/host_drv/bsp/source/nm_bsp.o
 .debug_frame   0x0000000000004c38       0xe8 wifi/host_drv/bus_wrapper/source/nm_bus_wrapper.o
 .debug_frame   0x0000000000004d20       0x2c c:/st/stm32cubeide_1.1.0/stm32cubeide/plugins/com.st.stm32cube.ide.mcu.externaltools.gnu-tools-for-stm32.7-2018-q2-update.win32_1.0.0.201904181610/tools/bin/../lib/gcc/arm-none-eabi/7.3.1/../../../../arm-none-eabi/lib/thumb/v7e-m/fpv5/hard\libc_nano.a(lib_a-init.o)
 .debug_frame   0x0000000000004d4c       0x20 c:/st/stm32cubeide_1.1.0/stm32cubeide/plugins/com.st.stm32cube.ide.mcu.externaltools.gnu-tools-for-stm32.7-2018-q2-update.win32_1.0.0.201904181610/tools/bin/../lib/gcc/arm-none-eabi/7.3.1/../../../../arm-none-eabi/lib/thumb/v7e-m/fpv5/hard\libc_nano.a(lib_a-memset.o)
 .debug_frame   0x0000000000004d6c       0x2c c:/st/stm32cubeide_1.1.0/stm32cubeide/plugins/com.st.stm32cube.ide.mcu.externaltools.gnu-tools-for-stm32.7-2018-q2-update.win32_1.0.0.201904181610/tools/bin/../lib/gcc/arm-none-eabi/7.3.1/thumb/v7e-m/fpv5/hard\libgcc.a(_aeabi_uldivmod.o)
 .debug_frame   0x0000000000004d98       0x34 c:/st/stm32cubeide_1.1.0/stm32cubeide/plugins/com.st.stm32cube.ide.mcu.externaltools.gnu-tools-for-stm32.7-2018-q2-update.win32_1.0.0.201904181610/tools/bin/../lib/gcc/arm-none-eabi/7.3.1/thumb/v7e-m/fpv5/hard\libgcc.a(_udivmoddi4.o)
