stm32h7xx_hal_spi.c:235:19:HAL_SPI_Init	24	static
stm32h7xx_hal_spi.c:447:19:HAL_SPI_DeInit	16	static
stm32h7xx_hal_spi.c:507:13:HAL_SPI_MspDeInit	16	static
stm32h7xx_hal_spi.c:778:19:HAL_SPI_Transmit	40	static
stm32h7xx_hal_spi.c:985:19:HAL_SPI_Receive	40	static
stm32h7xx_hal_spi.c:1206:19:HAL_SPI_TransmitReceive	56	static
stm32h7xx_hal_spi.c:1474:19:HAL_SPI_Transmit_IT	32	static
stm32h7xx_hal_spi.c:1558:19:HAL_SPI_Receive_IT	32	static
stm32h7xx_hal_spi.c:1655:19:HAL_SPI_TransmitReceive_IT	32	static
stm32h7xx_hal_spi.c:1948:19:HAL_SPI_Transmit_DMA	32	static
stm32h7xx_hal_spi.c:2091:19:HAL_SPI_Receive_DMA	32	static
stm32h7xx_hal_spi.c:2241:19:HAL_SPI_TransmitReceive_DMA	32	static
stm32h7xx_hal_spi.c:2435:19:HAL_SPI_Abort	24	static
stm32h7xx_hal_spi.c:2544:19:HAL_SPI_Abort_IT	32	static
stm32h7xx_hal_spi.c:2665:19:HAL_SPI_DMAPause	16	static
stm32h7xx_hal_spi.c:2680:19:HAL_SPI_DMAResume	16	static
stm32h7xx_hal_spi.c:2695:19:HAL_SPI_DMAStop	16	static
stm32h7xx_hal_spi.c:2709:6:HAL_SPI_IRQHandler	40	static
stm32h7xx_hal_spi.c:2952:13:HAL_SPI_TxCpltCallback	16	static
stm32h7xx_hal_spi.c:2968:13:HAL_SPI_RxCpltCallback	16	static
stm32h7xx_hal_spi.c:2984:13:HAL_SPI_TxRxCpltCallback	16	static
stm32h7xx_hal_spi.c:3000:13:HAL_SPI_TxHalfCpltCallback	16	static
stm32h7xx_hal_spi.c:3016:13:HAL_SPI_RxHalfCpltCallback	16	static
stm32h7xx_hal_spi.c:3032:13:HAL_SPI_TxRxHalfCpltCallback	16	static
stm32h7xx_hal_spi.c:3048:13:HAL_SPI_ErrorCallback	16	static
stm32h7xx_hal_spi.c:3066:13:HAL_SPI_AbortCpltCallback	16	static
stm32h7xx_hal_spi.c:3101:22:HAL_SPI_GetState	16	static
stm32h7xx_hal_spi.c:3113:10:HAL_SPI_GetError	16	static
stm32h7xx_hal_spi.c:3138:13:SPI_DMATransmitCplt	24	static
stm32h7xx_hal_spi.c:3166:13:SPI_DMAReceiveCplt	24	static
stm32h7xx_hal_spi.c:3194:13:SPI_DMATransmitReceiveCplt	24	static
stm32h7xx_hal_spi.c:3222:13:SPI_DMAHalfTransmitCplt	24	static
stm32h7xx_hal_spi.c:3239:13:SPI_DMAHalfReceiveCplt	24	static
stm32h7xx_hal_spi.c:3256:13:SPI_DMAHalfTransmitReceiveCplt	24	static
stm32h7xx_hal_spi.c:3273:13:SPI_DMAError	24	static
stm32h7xx_hal_spi.c:3299:13:SPI_DMAAbortOnError	24	static
stm32h7xx_hal_spi.c:3323:13:SPI_DMATxAbortCallback	24	static
stm32h7xx_hal_spi.c:3360:13:SPI_DMARxAbortCallback	24	static
stm32h7xx_hal_spi.c:3395:13:SPI_RxISR_8BIT	16	static
stm32h7xx_hal_spi.c:3432:13:SPI_RxISR_16BIT	16	static
stm32h7xx_hal_spi.c:3469:13:SPI_RxISR_32BIT	16	static
stm32h7xx_hal_spi.c:3506:13:SPI_TxISR_8BIT	16	static
stm32h7xx_hal_spi.c:3542:13:SPI_TxISR_16BIT	16	static
stm32h7xx_hal_spi.c:3578:13:SPI_TxISR_32BIT	16	static
stm32h7xx_hal_spi.c:3614:13:SPI_AbortTransfer	16	static
stm32h7xx_hal_spi.c:3652:13:SPI_CloseTransfer	24	static
stm32h7xx_hal_spi.c:3728:26:SPI_WaitOnFlagUntilTimeout	24	static
stm32h7xx_hal_spi.c:3749:17:SPI_GetPacketSize	24	static
