stm32h7xx_hal_jpeg.c:2746:26:JPEG_Set_HuffAC_Mem	2136	static
stm32h7xx_hal_jpeg.c:3255:13:JPEG_Init_Process	0	static
stm32h7xx_hal_jpeg.c:3632:26:JPEG_DMA_StartProcess	32	static
stm32h7xx_hal_jpeg.c:1286:19:HAL_JPEG_GetInfo.part.0	28	static
stm32h7xx_hal_jpeg.c:2641:26:JPEG_DCHuff_BitsVals_To_SizeCodes	1320	static
stm32h7xx_hal_jpeg.c:659:13:HAL_JPEG_MspInit	0	static
stm32h7xx_hal_jpeg.c:484:19:HAL_JPEG_Init	88	static
stm32h7xx_hal_jpeg.c:675:13:HAL_JPEG_MspDeInit	0	static
stm32h7xx_hal_jpeg.c:608:19:HAL_JPEG_DeInit	8	static
stm32h7xx_hal_jpeg.c:1100:19:HAL_JPEG_ConfigEncoding	32	static
stm32h7xx_hal_jpeg.c:1286:19:HAL_JPEG_GetInfo	0	static
stm32h7xx_hal_jpeg.c:1357:19:HAL_JPEG_EnableHeaderParsing	8	static
stm32h7xx_hal_jpeg.c:1393:19:HAL_JPEG_DisableHeaderParsing	8	static
stm32h7xx_hal_jpeg.c:1440:20:HAL_JPEG_SetUserQuantTables	12	static
stm32h7xx_hal_jpeg.c:1713:20:HAL_JPEG_Encode_IT	24	static
stm32h7xx_hal_jpeg.c:1783:20:HAL_JPEG_Decode_IT	24	static
stm32h7xx_hal_jpeg.c:1843:20:HAL_JPEG_Encode_DMA	32	static
stm32h7xx_hal_jpeg.c:1924:20:HAL_JPEG_Decode_DMA	32	static
stm32h7xx_hal_jpeg.c:1994:20:HAL_JPEG_Pause	16	static
stm32h7xx_hal_jpeg.c:2167:6:HAL_JPEG_ConfigInputBuffer	0	static
stm32h7xx_hal_jpeg.c:2181:6:HAL_JPEG_ConfigOutputBuffer	0	static
stm32h7xx_hal_jpeg.c:2193:19:HAL_JPEG_Abort	16	static
stm32h7xx_hal_jpeg.c:2312:13:HAL_JPEG_InfoReadyCallback	0	static
stm32h7xx_hal_jpeg.c:2329:13:HAL_JPEG_EncodeCpltCallback	0	static
stm32h7xx_hal_jpeg.c:2345:13:HAL_JPEG_DecodeCpltCallback	0	static
stm32h7xx_hal_jpeg.c:2361:13:HAL_JPEG_ErrorCallback	0	static
stm32h7xx_hal_jpeg.c:4077:13:JPEG_MDMAErrorCallback	8	static
stm32h7xx_hal_jpeg.c:2378:13:HAL_JPEG_GetDataCallback	0	static
stm32h7xx_hal_jpeg.c:3938:13:JPEG_MDMAInCpltCallback	24	static
stm32h7xx_hal_jpeg.c:2397:13:HAL_JPEG_DataReadyCallback	0	static
stm32h7xx_hal_jpeg.c:2047:20:HAL_JPEG_Resume	32	static
stm32h7xx_hal_jpeg.c:4026:13:JPEG_MDMAOutCpltCallback	24	static
stm32h7xx_hal_jpeg.c:4102:13:JPEG_MDMAOutAbortCallback	24	static
stm32h7xx_hal_jpeg.c:3310:17:JPEG_Process	24	static
stm32h7xx_hal_jpeg.c:1515:20:HAL_JPEG_Encode	32	static
stm32h7xx_hal_jpeg.c:1619:20:HAL_JPEG_Decode	32	static
stm32h7xx_hal_jpeg.c:2434:6:HAL_JPEG_IRQHandler	24	static
stm32h7xx_hal_jpeg.c:2486:23:HAL_JPEG_GetState	0	static
stm32h7xx_hal_jpeg.c:2497:10:HAL_JPEG_GetError	0	static
