stm32h7xx_hal_dcmi.c:1090:13:DCMI_DMAXferCplt	8	static
stm32h7xx_hal_dcmi.c:486:13:HAL_DCMI_MspInit	0	static
stm32h7xx_hal_dcmi.c:173:19:HAL_DCMI_Init	24	static
stm32h7xx_hal_dcmi.c:502:13:HAL_DCMI_MspDeInit	0	static
stm32h7xx_hal_dcmi.c:265:19:HAL_DCMI_DeInit	8	static
stm32h7xx_hal_dcmi.c:541:19:HAL_DCMI_Start_DMA	40	static
stm32h7xx_hal_dcmi.c:644:19:HAL_DCMI_Stop	16	static
stm32h7xx_hal_dcmi.c:698:19:HAL_DCMI_Suspend	8	static
stm32h7xx_hal_dcmi.c:745:19:HAL_DCMI_Resume	0	static
stm32h7xx_hal_dcmi.c:870:13:HAL_DCMI_ErrorCallback	0	static
stm32h7xx_hal_dcmi.c:1155:13:DCMI_DMAError	8	static
stm32h7xx_hal_dcmi.c:886:13:HAL_DCMI_LineEventCallback	0	static
stm32h7xx_hal_dcmi.c:901:13:HAL_DCMI_VsyncEventCallback	0	static
stm32h7xx_hal_dcmi.c:917:13:HAL_DCMI_FrameEventCallback	0	static
stm32h7xx_hal_dcmi.c:771:6:HAL_DCMI_IRQHandler	16	static
stm32h7xx_hal_dcmi.c:956:19:HAL_DCMI_ConfigCrop	24	static
stm32h7xx_hal_dcmi.c:989:19:HAL_DCMI_DisableCrop	8	static
stm32h7xx_hal_dcmi.c:1015:19:HAL_DCMI_EnableCrop	8	static
stm32h7xx_hal_dcmi.c:1061:23:HAL_DCMI_GetState	0	static
stm32h7xx_hal_dcmi.c:1072:10:HAL_DCMI_GetError	0	static
