socket.c:144:14:Socket_ReadSocketData	40	static
socket.c:216:13:m2m_ip_cb	240	static
socket.c:426:6:socketInit	8	static
socket.c:454:6:socketDeinit	8	static
socket.c:480:6:registerSocketCallback	16	static
socket.c:506:8:socket	56	static
socket.c:592:7:bind	48	static
socket.c:637:7:listen	40	static
socket.c:675:7:accept	32	static
socket.c:704:7:connect	48	static
socket.c:745:8:send	64	static
socket.c:799:8:sendto	64	static
socket.c:854:8:recv	56	static
socket.c:910:7:close	40	static
socket.c:956:8:recvfrom	56	static
socket.c:1014:8:nmi_inet_addr	32	static
socket.c:1072:7:gethostbyname	40	static
socket.c:1100:14:sslSetSockOpt	128	static
socket.c:1202:7:setsockopt	48	static
socket.c:1248:7:getsockopt	16	static
socket.c:1271:7:m2m_ping_req	56	static
socket.c:1306:7:sslEnableCertExpirationCheck	40	static
